Archive member included to satisfy reference by file (symbol)

c:/st/stm32cubeide_1.8.0/stm32cubeide/plugins/com.st.stm32cube.ide.mcu.externaltools.gnu-tools-for-stm32.9-2020-q2-update.win32_2.0.0.202105311346/tools/bin/../lib/gcc/arm-none-eabi/9.3.1/../../../../arm-none-eabi/lib/thumb/v7e-m+fp/hard\libc_nano.a(lib_a-errno.o)
                              ./Core/Src/syscalls.o (__errno)
c:/st/stm32cubeide_1.8.0/stm32cubeide/plugins/com.st.stm32cube.ide.mcu.externaltools.gnu-tools-for-stm32.9-2020-q2-update.win32_2.0.0.202105311346/tools/bin/../lib/gcc/arm-none-eabi/9.3.1/../../../../arm-none-eabi/lib/thumb/v7e-m+fp/hard\libc_nano.a(lib_a-exit.o)
                              c:/st/stm32cubeide_1.8.0/stm32cubeide/plugins/com.st.stm32cube.ide.mcu.externaltools.gnu-tools-for-stm32.9-2020-q2-update.win32_2.0.0.202105311346/tools/bin/../lib/gcc/arm-none-eabi/9.3.1/../../../../arm-none-eabi/lib/thumb/v7e-m+fp/hard/crt0.o (exit)
c:/st/stm32cubeide_1.8.0/stm32cubeide/plugins/com.st.stm32cube.ide.mcu.externaltools.gnu-tools-for-stm32.9-2020-q2-update.win32_2.0.0.202105311346/tools/bin/../lib/gcc/arm-none-eabi/9.3.1/../../../../arm-none-eabi/lib/thumb/v7e-m+fp/hard\libc_nano.a(lib_a-impure.o)
                              c:/st/stm32cubeide_1.8.0/stm32cubeide/plugins/com.st.stm32cube.ide.mcu.externaltools.gnu-tools-for-stm32.9-2020-q2-update.win32_2.0.0.202105311346/tools/bin/../lib/gcc/arm-none-eabi/9.3.1/../../../../arm-none-eabi/lib/thumb/v7e-m+fp/hard\libc_nano.a(lib_a-exit.o) (_global_impure_ptr)
c:/st/stm32cubeide_1.8.0/stm32cubeide/plugins/com.st.stm32cube.ide.mcu.externaltools.gnu-tools-for-stm32.9-2020-q2-update.win32_2.0.0.202105311346/tools/bin/../lib/gcc/arm-none-eabi/9.3.1/../../../../arm-none-eabi/lib/thumb/v7e-m+fp/hard\libc_nano.a(lib_a-init.o)
                              c:/st/stm32cubeide_1.8.0/stm32cubeide/plugins/com.st.stm32cube.ide.mcu.externaltools.gnu-tools-for-stm32.9-2020-q2-update.win32_2.0.0.202105311346/tools/bin/../lib/gcc/arm-none-eabi/9.3.1/../../../../arm-none-eabi/lib/thumb/v7e-m+fp/hard/crt0.o (__libc_init_array)
c:/st/stm32cubeide_1.8.0/stm32cubeide/plugins/com.st.stm32cube.ide.mcu.externaltools.gnu-tools-for-stm32.9-2020-q2-update.win32_2.0.0.202105311346/tools/bin/../lib/gcc/arm-none-eabi/9.3.1/../../../../arm-none-eabi/lib/thumb/v7e-m+fp/hard\libc_nano.a(lib_a-memcmp.o)
                              ./ThridParty/SEGGER/OS/SEGGER_SYSVIEW_FreeRTOS.o (memcmp)
c:/st/stm32cubeide_1.8.0/stm32cubeide/plugins/com.st.stm32cube.ide.mcu.externaltools.gnu-tools-for-stm32.9-2020-q2-update.win32_2.0.0.202105311346/tools/bin/../lib/gcc/arm-none-eabi/9.3.1/../../../../arm-none-eabi/lib/thumb/v7e-m+fp/hard\libc_nano.a(lib_a-memcpy-stub.o)
                              ./ThridParty/FreeRTOS/queue.o (memcpy)
c:/st/stm32cubeide_1.8.0/stm32cubeide/plugins/com.st.stm32cube.ide.mcu.externaltools.gnu-tools-for-stm32.9-2020-q2-update.win32_2.0.0.202105311346/tools/bin/../lib/gcc/arm-none-eabi/9.3.1/../../../../arm-none-eabi/lib/thumb/v7e-m+fp/hard\libc_nano.a(lib_a-memset.o)
                              c:/st/stm32cubeide_1.8.0/stm32cubeide/plugins/com.st.stm32cube.ide.mcu.externaltools.gnu-tools-for-stm32.9-2020-q2-update.win32_2.0.0.202105311346/tools/bin/../lib/gcc/arm-none-eabi/9.3.1/../../../../arm-none-eabi/lib/thumb/v7e-m+fp/hard/crt0.o (memset)
c:/st/stm32cubeide_1.8.0/stm32cubeide/plugins/com.st.stm32cube.ide.mcu.externaltools.gnu-tools-for-stm32.9-2020-q2-update.win32_2.0.0.202105311346/tools/bin/../lib/gcc/arm-none-eabi/9.3.1/../../../../arm-none-eabi/lib/thumb/v7e-m+fp/hard\libc_nano.a(lib_a-strlen.o)
                              ./ThridParty/SEGGER/SEGGER/SEGGER_RTT.o (strlen)
c:/st/stm32cubeide_1.8.0/stm32cubeide/plugins/com.st.stm32cube.ide.mcu.externaltools.gnu-tools-for-stm32.9-2020-q2-update.win32_2.0.0.202105311346/tools/bin/../lib/gcc/arm-none-eabi/9.3.1/thumb/v7e-m+fp/hard\libgcc.a(_aeabi_uldivmod.o)
                              ./Drivers/STM32F4xx_HAL_Driver/Src/stm32f4xx_hal_rcc.o (__aeabi_uldivmod)
c:/st/stm32cubeide_1.8.0/stm32cubeide/plugins/com.st.stm32cube.ide.mcu.externaltools.gnu-tools-for-stm32.9-2020-q2-update.win32_2.0.0.202105311346/tools/bin/../lib/gcc/arm-none-eabi/9.3.1/thumb/v7e-m+fp/hard\libgcc.a(_udivmoddi4.o)
                              c:/st/stm32cubeide_1.8.0/stm32cubeide/plugins/com.st.stm32cube.ide.mcu.externaltools.gnu-tools-for-stm32.9-2020-q2-update.win32_2.0.0.202105311346/tools/bin/../lib/gcc/arm-none-eabi/9.3.1/thumb/v7e-m+fp/hard\libgcc.a(_aeabi_uldivmod.o) (__udivmoddi4)
c:/st/stm32cubeide_1.8.0/stm32cubeide/plugins/com.st.stm32cube.ide.mcu.externaltools.gnu-tools-for-stm32.9-2020-q2-update.win32_2.0.0.202105311346/tools/bin/../lib/gcc/arm-none-eabi/9.3.1/thumb/v7e-m+fp/hard\libgcc.a(_dvmd_tls.o)
[...]
Memory Configuration

Name             Origin             Length             Attributes
CCMRAM           0x0000000010000000 0x0000000000010000 xrw
RAM              0x0000000020000000 0x0000000000020000 xrw
FLASH            0x0000000008000000 0x0000000000100000 xr
*default*        0x0000000000000000 0xffffffffffffffff

Linker script and memory map

LOAD c:/st/stm32cubeide_1.8.0/stm32cubeide/plugins/com.st.stm32cube.ide.mcu.externaltools.gnu-tools-for-stm32.9-2020-q2-update.win32_2.0.0.202105311346/tools/bin/../lib/gcc/arm-none-eabi/9.3.1/thumb/v7e-m+fp/hard/crti.o
LOAD c:/st/stm32cubeide_1.8.0/stm32cubeide/plugins/com.st.stm32cube.ide.mcu.externaltools.gnu-tools-for-stm32.9-2020-q2-update.win32_2.0.0.202105311346/tools/bin/../lib/gcc/arm-none-eabi/9.3.1/thumb/v7e-m+fp/hard/crtbegin.o
LOAD c:/st/stm32cubeide_1.8.0/stm32cubeide/plugins/com.st.stm32cube.ide.mcu.externaltools.gnu-tools-for-stm32.9-2020-q2-update.win32_2.0.0.202105311346/tools/bin/../lib/gcc/arm-none-eabi/9.3.1/../../../../arm-none-eabi/lib/thumb/v7e-m+fp/hard/crt0.o
LOAD ./Core/Src/main.o
LOAD ./Core/Src/stm32f4xx_hal_msp.o
LOAD ./Core/Src/stm32f4xx_hal_timebase_tim.o
LOAD ./Core/Src/stm32f4xx_it.o
LOAD ./Core/Src/syscalls.o
LOAD ./Core/Src/sysmem.o
LOAD ./Core/Src/system_stm32f4xx.o
LOAD ./Core/Startup/startup_stm32f407vgtx.o
LOAD ./Drivers/STM32F4xx_HAL_Driver/Src/stm32f4xx_hal.o
LOAD ./Drivers/STM32F4xx_HAL_Driver/Src/stm32f4xx_hal_cortex.o
LOAD ./Drivers/STM32F4xx_HAL_Driver/Src/stm32f4xx_hal_dma.o
LOAD ./Drivers/STM32F4xx_HAL_Driver/Src/stm32f4xx_hal_dma_ex.o
LOAD ./Drivers/STM32F4xx_HAL_Driver/Src/stm32f4xx_hal_exti.o
LOAD ./Drivers/STM32F4xx_HAL_Driver/Src/stm32f4xx_hal_flash.o
LOAD ./Drivers/STM32F4xx_HAL_Driver/Src/stm32f4xx_hal_flash_ex.o
LOAD ./Drivers/STM32F4xx_HAL_Driver/Src/stm32f4xx_hal_flash_ramfunc.o
LOAD ./Drivers/STM32F4xx_HAL_Driver/Src/stm32f4xx_hal_gpio.o
LOAD ./Drivers/STM32F4xx_HAL_Driver/Src/stm32f4xx_hal_pwr.o
LOAD ./Drivers/STM32F4xx_HAL_Driver/Src/stm32f4xx_hal_pwr_ex.o
LOAD ./Drivers/STM32F4xx_HAL_Driver/Src/stm32f4xx_hal_rcc.o
LOAD ./Drivers/STM32F4xx_HAL_Driver/Src/stm32f4xx_hal_rcc_ex.o
LOAD ./Drivers/STM32F4xx_HAL_Driver/Src/stm32f4xx_hal_tim.o
LOAD ./Drivers/STM32F4xx_HAL_Driver/Src/stm32f4xx_hal_tim_ex.o
LOAD ./ThridParty/FreeRTOS/croutine.o
LOAD ./ThridParty/FreeRTOS/event_groups.o
LOAD ./ThridParty/FreeRTOS/list.o
LOAD ./ThridParty/FreeRTOS/queue.o
LOAD ./ThridParty/FreeRTOS/stream_buffer.o
LOAD ./ThridParty/FreeRTOS/tasks.o
LOAD ./ThridParty/FreeRTOS/timers.o
LOAD ./ThridParty/FreeRTOS/portable/GCC/ARM_CM4F/port.o
LOAD ./ThridParty/FreeRTOS/portable/MemMang/heap_4.o
LOAD ./ThridParty/SEGGER/Config/SEGGER_SYSVIEW_Config_FreeRTOS.o
LOAD ./ThridParty/SEGGER/OS/SEGGER_SYSVIEW_FreeRTOS.o
LOAD ./ThridParty/SEGGER/SEGGER/SEGGER_RTT.o
LOAD ./ThridParty/SEGGER/SEGGER/SEGGER_RTT_ASM_ARMv7M.o
LOAD ./ThridParty/SEGGER/SEGGER/SEGGER_RTT_printf.o
LOAD ./ThridParty/SEGGER/SEGGER/SEGGER_SYSVIEW.o
LOAD ./ThridParty/SEGGER/SEGGER/Syscalls/SEGGER_RTT_Syscalls_GCC.o
START GROUP
LOAD c:/st/stm32cubeide_1.8.0/stm32cubeide/plugins/com.st.stm32cube.ide.mcu.externaltools.gnu-tools-for-stm32.9-2020-q2-update.win32_2.0.0.202105311346/tools/bin/../lib/gcc/arm-none-eabi/9.3.1/../../../../arm-none-eabi/lib/thumb/v7e-m+fp/hard\libc_nano.a
LOAD c:/st/stm32cubeide_1.8.0/stm32cubeide/plugins/com.st.stm32cube.ide.mcu.externaltools.gnu-tools-for-stm32.9-2020-q2-update.win32_2.0.0.202105311346/tools/bin/../lib/gcc/arm-none-eabi/9.3.1/../../../../arm-none-eabi/lib/thumb/v7e-m+fp/hard\libm.a
END GROUP
START GROUP
LOAD c:/st/stm32cubeide_1.8.0/stm32cubeide/plugins/com.st.stm32cube.ide.mcu.externaltools.gnu-tools-for-stm32.9-2020-q2-update.win32_2.0.0.202105311346/tools/bin/../lib/gcc/arm-none-eabi/9.3.1/thumb/v7e-m+fp/hard\libgcc.a
LOAD c:/st/stm32cubeide_1.8.0/stm32cubeide/plugins/com.st.stm32cube.ide.mcu.externaltools.gnu-tools-for-stm32.9-2020-q2-update.win32_2.0.0.202105311346/tools/bin/../lib/gcc/arm-none-eabi/9.3.1/../../../../arm-none-eabi/lib/thumb/v7e-m+fp/hard\libc_nano.a
END GROUP
START GROUP
LOAD c:/st/stm32cubeide_1.8.0/stm32cubeide/plugins/com.st.stm32cube.ide.mcu.externaltools.gnu-tools-for-stm32.9-2020-q2-update.win32_2.0.0.202105311346/tools/bin/../lib/gcc/arm-none-eabi/9.3.1/thumb/v7e-m+fp/hard\libgcc.a
LOAD c:/st/stm32cubeide_1.8.0/stm32cubeide/plugins/com.st.stm32cube.ide.mcu.externaltools.gnu-tools-for-stm32.9-2020-q2-update.win32_2.0.0.202105311346/tools/bin/../lib/gcc/arm-none-eabi/9.3.1/../../../../arm-none-eabi/lib/thumb/v7e-m+fp/hard\libc_nano.a
LOAD c:/st/stm32cubeide_1.8.0/stm32cubeide/plugins/com.st.stm32cube.ide.mcu.externaltools.gnu-tools-for-stm32.9-2020-q2-update.win32_2.0.0.202105311346/tools/bin/../lib/gcc/arm-none-eabi/9.3.1/../../../../arm-none-eabi/lib/thumb/v7e-m+fp/hard\libnosys.a
END GROUP
START GROUP
LOAD c:/st/stm32cubeide_1.8.0/stm32cubeide/plugins/com.st.stm32cube.ide.mcu.externaltools.gnu-tools-for-stm32.9-2020-q2-update.win32_2.0.0.202105311346/tools/bin/../lib/gcc/arm-none-eabi/9.3.1/thumb/v7e-m+fp/hard\libgcc.a
LOAD c:/st/stm32cubeide_1.8.0/stm32cubeide/plugins/com.st.stm32cube.ide.mcu.externaltools.gnu-tools-for-stm32.9-2020-q2-update.win32_2.0.0.202105311346/tools/bin/../lib/gcc/arm-none-eabi/9.3.1/../../../../arm-none-eabi/lib/thumb/v7e-m+fp/hard\libc_nano.a
LOAD c:/st/stm32cubeide_1.8.0/stm32cubeide/plugins/com.st.stm32cube.ide.mcu.externaltools.gnu-tools-for-stm32.9-2020-q2-update.win32_2.0.0.202105311346/tools/bin/../lib/gcc/arm-none-eabi/9.3.1/../../../../arm-none-eabi/lib/thumb/v7e-m+fp/hard\libnosys.a
END GROUP
LOAD c:/st/stm32cubeide_1.8.0/stm32cubeide/plugins/com.st.stm32cube.ide.mcu.externaltools.gnu-tools-for-stm32.9-2020-q2-update.win32_2.0.0.202105311346/tools/bin/../lib/gcc/arm-none-eabi/9.3.1/thumb/v7e-m+fp/hard/crtend.o
LOAD c:/st/stm32cubeide_1.8.0/stm32cubeide/plugins/com.st.stm32cube.ide.mcu.externaltools.gnu-tools-for-stm32.9-2020-q2-update.win32_2.0.0.202105311346/tools/bin/../lib/gcc/arm-none-eabi/9.3.1/thumb/v7e-m+fp/hard/crtn.o
                0x0000000020020000                _estack = (ORIGIN (RAM) + LENGTH (RAM))
                0x0000000000000200                _Min_Heap_Size = 0x200
                0x0000000000000400                _Min_Stack_Size = 0x400

.isr_vector     0x0000000008000000      0x188
                0x0000000008000000                . = ALIGN (0x4)
 *(.isr_vector)
 .isr_vector    0x0000000008000000      0x188 ./Core/Startup/startup_stm32f407vgtx.o
                0x0000000008000000                g_pfnVectors
                0x0000000008000188                . = ALIGN (0x4)

.text           0x0000000008000190     0x72a4
                0x0000000008000190                . = ALIGN (0x4)
 *(.text)
 .text          0x0000000008000190       0x40 c:/st/stm32cubeide_1.8.0/stm32cubeide/plugins/com.st.stm32cube.ide.mcu.externaltools.gnu-tools-for-stm32.9-2020-q2-update.win32_2.0.0.202105311346/tools/bin/../lib/gcc/arm-none-eabi/9.3.1/thumb/v7e-m+fp/hard/crtbegin.o
 .text          0x00000000080001d0       0x94 ./ThridParty/SEGGER/SEGGER/SEGGER_RTT_ASM_ARMv7M.o
                0x00000000080001d0                SEGGER_RTT_ASM_WriteSkipNoLock
 .text          0x0000000008000264       0x30 c:/st/stm32cubeide_1.8.0/stm32cubeide/plugins/com.st.stm32cube.ide.mcu.externaltools.gnu-tools-for-stm32.9-2020-q2-update.win32_2.0.0.202105311346/tools/bin/../lib/gcc/arm-none-eabi/9.3.1/thumb/v7e-m+fp/hard\libgcc.a(_aeabi_uldivmod.o)
                0x0000000008000264                __aeabi_uldivmod
 .text          0x0000000008000294      0x2c4 c:/st/stm32cubeide_1.8.0/stm32cubeide/plugins/com.st.stm32cube.ide.mcu.externaltools.gnu-tools-for-stm32.9-2020-q2-update.win32_2.0.0.202105311346/tools/bin/../lib/gcc/arm-none-eabi/9.3.1/thumb/v7e-m+fp/hard\libgcc.a(_udivmoddi4.o)
                0x0000000008000294                __udivmoddi4
 .text          0x0000000008000558        0x4 c:/st/stm32cubeide_1.8.0/stm32cubeide/plugins/com.st.stm32cube.ide.mcu.externaltools.gnu-tools-for-stm32.9-2020-q2-update.win32_2.0.0.202105311346/tools/bin/../lib/gcc/arm-none-eabi/9.3.1/thumb/v7e-m+fp/hard\libgcc.a(_dvmd_tls.o)
                0x0000000008000558                __aeabi_idiv0
                0x0000000008000558                __aeabi_ldiv0
 *(.text*)
 .text.main     0x000000000800055c      0x13c ./Core/Src/main.o
                0x000000000800055c                main
 .text.SystemClock_Config
                0x0000000008000698       0xbc ./Core/Src/main.o
                0x0000000008000698                SystemClock_Config
 .text.MX_GPIO_Init
                0x0000000008000754       0x68 ./Core/Src/main.o
 .text.button_interrupt_handler
                0x00000000080007bc       0x30 ./Core/Src/main.o
                0x00000000080007bc                button_interrupt_handler
 .text.task_green_handler
                0x00000000080007ec       0x78 ./Core/Src/main.o
 .text.task_red_handler
                0x0000000008000864       0x7c ./Core/Src/main.o
 .text.task_blue_handler
                0x00000000080008e0       0x84 ./Core/Src/main.o
 .text.task_button_handler
                0x0000000008000964       0x50 ./Core/Src/main.o
 .text.HAL_TIM_PeriodElapsedCallback
                0x00000000080009b4       0x24 ./Core/Src/main.o
                0x00000000080009b4                HAL_TIM_PeriodElapsedCallback
 .text.Error_Handler
                0x00000000080009d8        0xa ./Core/Src/main.o
                0x00000000080009d8                Error_Handler
 *fill*         0x00000000080009e2        0x2 
 .text.HAL_MspInit
                0x00000000080009e4       0x50 ./Core/Src/stm32f4xx_hal_msp.o
                0x00000000080009e4                HAL_MspInit
 .text.HAL_InitTick
                0x0000000008000a34       0xb0 ./Core/Src/stm32f4xx_hal_timebase_tim.o
                0x0000000008000a34                HAL_InitTick
 .text.NMI_Handler
                0x0000000008000ae4        0x6 ./Core/Src/stm32f4xx_it.o
                0x0000000008000ae4                NMI_Handler
 .text.HardFault_Handler
                0x0000000008000aea        0x6 ./Core/Src/stm32f4xx_it.o
                0x0000000008000aea                HardFault_Handler
 .text.MemManage_Handler
                0x0000000008000af0        0x6 ./Core/Src/stm32f4xx_it.o
                0x0000000008000af0                MemManage_Handler
 .text.BusFault_Handler
                0x0000000008000af6        0x6 ./Core/Src/stm32f4xx_it.o
                0x0000000008000af6                BusFault_Handler
 .text.UsageFault_Handler
                0x0000000008000afc        0x6 ./Core/Src/stm32f4xx_it.o
                0x0000000008000afc                UsageFault_Handler
 .text.DebugMon_Handler
                0x0000000008000b02        0xe ./Core/Src/stm32f4xx_it.o
                0x0000000008000b02                DebugMon_Handler
 .text.EXTI0_IRQHandler
                0x0000000008000b10       0x12 ./Core/Src/stm32f4xx_it.o
                0x0000000008000b10                EXTI0_IRQHandler
 *fill*         0x0000000008000b22        0x2 
 .text.TIM6_DAC_IRQHandler
                0x0000000008000b24       0x14 ./Core/Src/stm32f4xx_it.o
                0x0000000008000b24                TIM6_DAC_IRQHandler
 .text.SystemInit
                0x0000000008000b38       0x24 ./Core/Src/system_stm32f4xx.o
                0x0000000008000b38                SystemInit
 .text.Reset_Handler
                0x0000000008000b5c       0x50 ./Core/Startup/startup_stm32f407vgtx.o
                0x0000000008000b5c                Reset_Handler
 .text.Default_Handler
                0x0000000008000bac        0x2 ./Core/Startup/startup_stm32f407vgtx.o
                0x0000000008000bac                RTC_Alarm_IRQHandler
                0x0000000008000bac                HASH_RNG_IRQHandler
                0x0000000008000bac                EXTI2_IRQHandler
                0x0000000008000bac                TIM8_CC_IRQHandler
                0x0000000008000bac                TIM1_CC_IRQHandler
                0x0000000008000bac                DMA2_Stream5_IRQHandler
                0x0000000008000bac                DMA1_Stream5_IRQHandler
                0x0000000008000bac                PVD_IRQHandler
                0x0000000008000bac                SDIO_IRQHandler
                0x0000000008000bac                TAMP_STAMP_IRQHandler
                0x0000000008000bac                CAN2_RX1_IRQHandler
                0x0000000008000bac                EXTI3_IRQHandler
                0x0000000008000bac                TIM8_TRG_COM_TIM14_IRQHandler
                0x0000000008000bac                TIM1_UP_TIM10_IRQHandler
                0x0000000008000bac                TIM8_UP_TIM13_IRQHandler
                0x0000000008000bac                I2C3_ER_IRQHandler
                0x0000000008000bac                I2C2_EV_IRQHandler
                0x0000000008000bac                DMA1_Stream2_IRQHandler
                0x0000000008000bac                CAN1_RX0_IRQHandler
                0x0000000008000bac                FPU_IRQHandler
                0x0000000008000bac                OTG_HS_WKUP_IRQHandler
                0x0000000008000bac                CAN2_SCE_IRQHandler
                0x0000000008000bac                DMA2_Stream2_IRQHandler
                0x0000000008000bac                SPI1_IRQHandler
                0x0000000008000bac                TIM1_BRK_TIM9_IRQHandler
                0x0000000008000bac                DCMI_IRQHandler
                0x0000000008000bac                CAN2_RX0_IRQHandler
                0x0000000008000bac                DMA2_Stream3_IRQHandler
                0x0000000008000bac                USART6_IRQHandler
                0x0000000008000bac                USART3_IRQHandler
                0x0000000008000bac                CAN1_RX1_IRQHandler
                0x0000000008000bac                UART5_IRQHandler
                0x0000000008000bac                DMA2_Stream0_IRQHandler
                0x0000000008000bac                TIM4_IRQHandler
                0x0000000008000bac                I2C1_EV_IRQHandler
                0x0000000008000bac                DMA1_Stream6_IRQHandler
                0x0000000008000bac                DMA1_Stream1_IRQHandler
                0x0000000008000bac                UART4_IRQHandler
                0x0000000008000bac                TIM3_IRQHandler
                0x0000000008000bac                RCC_IRQHandler
                0x0000000008000bac                TIM8_BRK_TIM12_IRQHandler
                0x0000000008000bac                Default_Handler
                0x0000000008000bac                EXTI15_10_IRQHandler
                0x0000000008000bac                ADC_IRQHandler
                0x0000000008000bac                DMA1_Stream7_IRQHandler
                0x0000000008000bac                TIM7_IRQHandler
                0x0000000008000bac                CAN2_TX_IRQHandler
                0x0000000008000bac                TIM5_IRQHandler
                0x0000000008000bac                DMA2_Stream7_IRQHandler
                0x0000000008000bac                I2C3_EV_IRQHandler
                0x0000000008000bac                EXTI9_5_IRQHandler
                0x0000000008000bac                RTC_WKUP_IRQHandler
                0x0000000008000bac                ETH_WKUP_IRQHandler
                0x0000000008000bac                SPI2_IRQHandler
                0x0000000008000bac                OTG_HS_EP1_IN_IRQHandler
                0x0000000008000bac                DMA1_Stream0_IRQHandler
                0x0000000008000bac                CAN1_TX_IRQHandler
                0x0000000008000bac                EXTI4_IRQHandler
                0x0000000008000bac                FSMC_IRQHandler
                0x0000000008000bac                ETH_IRQHandler
                0x0000000008000bac                OTG_HS_EP1_OUT_IRQHandler
                0x0000000008000bac                WWDG_IRQHandler
                0x0000000008000bac                TIM2_IRQHandler
                0x0000000008000bac                OTG_FS_WKUP_IRQHandler
                0x0000000008000bac                TIM1_TRG_COM_TIM11_IRQHandler
                0x0000000008000bac                OTG_HS_IRQHandler
                0x0000000008000bac                EXTI1_IRQHandler
                0x0000000008000bac                USART2_IRQHandler
                0x0000000008000bac                I2C2_ER_IRQHandler
                0x0000000008000bac                DMA2_Stream1_IRQHandler
                0x0000000008000bac                CAN1_SCE_IRQHandler
                0x0000000008000bac                FLASH_IRQHandler
                0x0000000008000bac                DMA2_Stream4_IRQHandler
                0x0000000008000bac                USART1_IRQHandler
                0x0000000008000bac                OTG_FS_IRQHandler
                0x0000000008000bac                SPI3_IRQHandler
                0x0000000008000bac                DMA1_Stream4_IRQHandler
                0x0000000008000bac                I2C1_ER_IRQHandler
                0x0000000008000bac                DMA2_Stream6_IRQHandler
                0x0000000008000bac                DMA1_Stream3_IRQHandler
 *fill*         0x0000000008000bae        0x2 
 .text.HAL_Init
                0x0000000008000bb0       0x44 ./Drivers/STM32F4xx_HAL_Driver/Src/stm32f4xx_hal.o
                0x0000000008000bb0                HAL_Init
 .text.HAL_IncTick
                0x0000000008000bf4       0x28 ./Drivers/STM32F4xx_HAL_Driver/Src/stm32f4xx_hal.o
                0x0000000008000bf4                HAL_IncTick
 .text.HAL_GetTick
                0x0000000008000c1c       0x18 ./Drivers/STM32F4xx_HAL_Driver/Src/stm32f4xx_hal.o
                0x0000000008000c1c                HAL_GetTick
 .text.__NVIC_SetPriorityGrouping
                0x0000000008000c34       0x48 ./Drivers/STM32F4xx_HAL_Driver/Src/stm32f4xx_hal_cortex.o
 .text.__NVIC_GetPriorityGrouping
                0x0000000008000c7c       0x1c ./Drivers/STM32F4xx_HAL_Driver/Src/stm32f4xx_hal_cortex.o
 .text.__NVIC_EnableIRQ
                0x0000000008000c98       0x3c ./Drivers/STM32F4xx_HAL_Driver/Src/stm32f4xx_hal_cortex.o
 .text.__NVIC_SetPriority
                0x0000000008000cd4       0x54 ./Drivers/STM32F4xx_HAL_Driver/Src/stm32f4xx_hal_cortex.o
 .text.NVIC_EncodePriority
                0x0000000008000d28       0x66 ./Drivers/STM32F4xx_HAL_Driver/Src/stm32f4xx_hal_cortex.o
 .text.HAL_NVIC_SetPriorityGrouping
                0x0000000008000d8e       0x16 ./Drivers/STM32F4xx_HAL_Driver/Src/stm32f4xx_hal_cortex.o
                0x0000000008000d8e                HAL_NVIC_SetPriorityGrouping
 .text.HAL_NVIC_SetPriority
                0x0000000008000da4       0x38 ./Drivers/STM32F4xx_HAL_Driver/Src/stm32f4xx_hal_cortex.o
                0x0000000008000da4                HAL_NVIC_SetPriority
 .text.HAL_NVIC_EnableIRQ
                0x0000000008000ddc       0x1c ./Drivers/STM32F4xx_HAL_Driver/Src/stm32f4xx_hal_cortex.o
                0x0000000008000ddc                HAL_NVIC_EnableIRQ
 .text.HAL_GPIO_Init
                0x0000000008000df8      0x338 ./Drivers/STM32F4xx_HAL_Driver/Src/stm32f4xx_hal_gpio.o
                0x0000000008000df8                HAL_GPIO_Init
 .text.HAL_GPIO_ReadPin
                0x0000000008001130       0x30 ./Drivers/STM32F4xx_HAL_Driver/Src/stm32f4xx_hal_gpio.o
                0x0000000008001130                HAL_GPIO_ReadPin
 .text.HAL_GPIO_WritePin
                0x0000000008001160       0x32 ./Drivers/STM32F4xx_HAL_Driver/Src/stm32f4xx_hal_gpio.o
                0x0000000008001160                HAL_GPIO_WritePin
 .text.HAL_GPIO_TogglePin
                0x0000000008001192       0x34 ./Drivers/STM32F4xx_HAL_Driver/Src/stm32f4xx_hal_gpio.o
                0x0000000008001192                HAL_GPIO_TogglePin
 *fill*         0x00000000080011c6        0x2 
 .text.HAL_GPIO_EXTI_IRQHandler
                0x00000000080011c8       0x30 ./Drivers/STM32F4xx_HAL_Driver/Src/stm32f4xx_hal_gpio.o
                0x00000000080011c8                HAL_GPIO_EXTI_IRQHandler
 .text.HAL_GPIO_EXTI_Callback
                0x00000000080011f8       0x16 ./Drivers/STM32F4xx_HAL_Driver/Src/stm32f4xx_hal_gpio.o
                0x00000000080011f8                HAL_GPIO_EXTI_Callback
 *fill*         0x000000000800120e        0x2 
 .text.HAL_RCC_OscConfig
                0x0000000008001210      0x4f0 ./Drivers/STM32F4xx_HAL_Driver/Src/stm32f4xx_hal_rcc.o
                0x0000000008001210                HAL_RCC_OscConfig
 .text.HAL_RCC_ClockConfig
                0x0000000008001700      0x1cc ./Drivers/STM32F4xx_HAL_Driver/Src/stm32f4xx_hal_rcc.o
                0x0000000008001700                HAL_RCC_ClockConfig
 .text.HAL_RCC_GetSysClockFreq
                0x00000000080018cc      0x16c ./Drivers/STM32F4xx_HAL_Driver/Src/stm32f4xx_hal_rcc.o
                0x00000000080018cc                HAL_RCC_GetSysClockFreq
 .text.HAL_RCC_GetHCLKFreq
                0x0000000008001a38       0x18 ./Drivers/STM32F4xx_HAL_Driver/Src/stm32f4xx_hal_rcc.o
                0x0000000008001a38                HAL_RCC_GetHCLKFreq
 .text.HAL_RCC_GetPCLK1Freq
                0x0000000008001a50       0x28 ./Drivers/STM32F4xx_HAL_Driver/Src/stm32f4xx_hal_rcc.o
                0x0000000008001a50                HAL_RCC_GetPCLK1Freq
 .text.HAL_RCC_GetClockConfig
                0x0000000008001a78       0x64 ./Drivers/STM32F4xx_HAL_Driver/Src/stm32f4xx_hal_rcc.o
                0x0000000008001a78                HAL_RCC_GetClockConfig
 .text.HAL_TIM_Base_Init
                0x0000000008001adc       0x9e ./Drivers/STM32F4xx_HAL_Driver/Src/stm32f4xx_hal_tim.o
                0x0000000008001adc                HAL_TIM_Base_Init
 .text.HAL_TIM_Base_MspInit
                0x0000000008001b7a       0x14 ./Drivers/STM32F4xx_HAL_Driver/Src/stm32f4xx_hal_tim.o
                0x0000000008001b7a                HAL_TIM_Base_MspInit
 *fill*         0x0000000008001b8e        0x2 
 .text.HAL_TIM_Base_Start_IT
                0x0000000008001b90       0xe0 ./Drivers/STM32F4xx_HAL_Driver/Src/stm32f4xx_hal_tim.o
                0x0000000008001b90                HAL_TIM_Base_Start_IT
 .text.HAL_TIM_IRQHandler
                0x0000000008001c70      0x210 ./Drivers/STM32F4xx_HAL_Driver/Src/stm32f4xx_hal_tim.o
                0x0000000008001c70                HAL_TIM_IRQHandler
 .text.HAL_TIM_OC_DelayElapsedCallback
                0x0000000008001e80       0x14 ./Drivers/STM32F4xx_HAL_Driver/Src/stm32f4xx_hal_tim.o
                0x0000000008001e80                HAL_TIM_OC_DelayElapsedCallback
 .text.HAL_TIM_IC_CaptureCallback
                0x0000000008001e94       0x14 ./Drivers/STM32F4xx_HAL_Driver/Src/stm32f4xx_hal_tim.o
                0x0000000008001e94                HAL_TIM_IC_CaptureCallback
 .text.HAL_TIM_PWM_PulseFinishedCallback
                0x0000000008001ea8       0x14 ./Drivers/STM32F4xx_HAL_Driver/Src/stm32f4xx_hal_tim.o
                0x0000000008001ea8                HAL_TIM_PWM_PulseFinishedCallback
 .text.HAL_TIM_TriggerCallback
                0x0000000008001ebc       0x14 ./Drivers/STM32F4xx_HAL_Driver/Src/stm32f4xx_hal_tim.o
                0x0000000008001ebc                HAL_TIM_TriggerCallback
 .text.TIM_Base_SetConfig
                0x0000000008001ed0      0x140 ./Drivers/STM32F4xx_HAL_Driver/Src/stm32f4xx_hal_tim.o
                0x0000000008001ed0                TIM_Base_SetConfig
 .text.HAL_TIMEx_CommutCallback
                0x0000000008002010       0x14 ./Drivers/STM32F4xx_HAL_Driver/Src/stm32f4xx_hal_tim_ex.o
                0x0000000008002010                HAL_TIMEx_CommutCallback
 .text.HAL_TIMEx_BreakCallback
                0x0000000008002024       0x14 ./Drivers/STM32F4xx_HAL_Driver/Src/stm32f4xx_hal_tim_ex.o
                0x0000000008002024                HAL_TIMEx_BreakCallback
 .text.vListInitialise
                0x0000000008002038       0x40 ./ThridParty/FreeRTOS/list.o
                0x0000000008002038                vListInitialise
 .text.vListInitialiseItem
                0x0000000008002078       0x1a ./ThridParty/FreeRTOS/list.o
                0x0000000008002078                vListInitialiseItem
 .text.vListInsertEnd
                0x0000000008002092       0x48 ./ThridParty/FreeRTOS/list.o
                0x0000000008002092                vListInsertEnd
 .text.vListInsert
                0x00000000080020da       0x72 ./ThridParty/FreeRTOS/list.o
                0x00000000080020da                vListInsert
 .text.uxListRemove
                0x000000000800214c       0x54 ./ThridParty/FreeRTOS/list.o
                0x000000000800214c                uxListRemove
 .text.xQueueGenericReset
                0x00000000080021a0      0x120 ./ThridParty/FreeRTOS/queue.o
                0x00000000080021a0                xQueueGenericReset
 .text.xQueueGenericCreate
                0x00000000080022c0       0x9c ./ThridParty/FreeRTOS/queue.o
                0x00000000080022c0                xQueueGenericCreate
 .text.prvInitialiseNewQueue
                0x000000000800235c       0x52 ./ThridParty/FreeRTOS/queue.o
 *fill*         0x00000000080023ae        0x2 
 .text.xQueueReceive
                0x00000000080023b0      0x220 ./ThridParty/FreeRTOS/queue.o
                0x00000000080023b0                xQueueReceive
 .text.prvCopyDataFromQueue
                0x00000000080025d0       0x4c ./ThridParty/FreeRTOS/queue.o
 .text.prvUnlockQueue
                0x000000000800261c       0xa4 ./ThridParty/FreeRTOS/queue.o
 .text.prvIsQueueEmpty
                0x00000000080026c0       0x2c ./ThridParty/FreeRTOS/queue.o
 .text.vQueueAddToRegistry
                0x00000000080026ec       0xac ./ThridParty/FreeRTOS/queue.o
                0x00000000080026ec                vQueueAddToRegistry
 .text.vQueueWaitForMessageRestricted
                0x0000000008002798       0x68 ./ThridParty/FreeRTOS/queue.o
                0x0000000008002798                vQueueWaitForMessageRestricted
 .text.xTaskCreate
                0x0000000008002800       0x82 ./ThridParty/FreeRTOS/tasks.o
                0x0000000008002800                xTaskCreate
 .text.prvInitialiseNewTask
                0x0000000008002882      0x148 ./ThridParty/FreeRTOS/tasks.o
 *fill*         0x00000000080029ca        0x2 
 .text.prvAddNewTaskToReadyList
                0x00000000080029cc      0x168 ./ThridParty/FreeRTOS/tasks.o
 .text.vTaskDelete
                0x0000000008002b34      0x15c ./ThridParty/FreeRTOS/tasks.o
                0x0000000008002b34                vTaskDelete
 .text.vTaskDelay
                0x0000000008002c90       0x70 ./ThridParty/FreeRTOS/tasks.o
                0x0000000008002c90                vTaskDelay
 .text.vTaskStartScheduler
                0x0000000008002d00       0xc4 ./ThridParty/FreeRTOS/tasks.o
                0x0000000008002d00                vTaskStartScheduler
 .text.vTaskSuspendAll
                0x0000000008002dc4       0x1c ./ThridParty/FreeRTOS/tasks.o
                0x0000000008002dc4                vTaskSuspendAll
 .text.xTaskResumeAll
                0x0000000008002de0      0x200 ./ThridParty/FreeRTOS/tasks.o
                0x0000000008002de0                xTaskResumeAll
 .text.xTaskGetTickCount
                0x0000000008002fe0       0x20 ./ThridParty/FreeRTOS/tasks.o
                0x0000000008002fe0                xTaskGetTickCount
 .text.xTaskGetTickCountFromISR
                0x0000000008003000       0x24 ./ThridParty/FreeRTOS/tasks.o
                0x0000000008003000                xTaskGetTickCountFromISR
 .text.xTaskIncrementTick
                0x0000000008003024      0x234 ./ThridParty/FreeRTOS/tasks.o
                0x0000000008003024                xTaskIncrementTick
 .text.vTaskSwitchContext
                0x0000000008003258       0xd4 ./ThridParty/FreeRTOS/tasks.o
                0x0000000008003258                vTaskSwitchContext
 .text.vTaskPlaceOnEventList
                0x000000000800332c       0x48 ./ThridParty/FreeRTOS/tasks.o
                0x000000000800332c                vTaskPlaceOnEventList
 .text.vTaskPlaceOnEventListRestricted
                0x0000000008003374       0x90 ./ThridParty/FreeRTOS/tasks.o
                0x0000000008003374                vTaskPlaceOnEventListRestricted
 .text.xTaskRemoveFromEventList
                0x0000000008003404      0x1b0 ./ThridParty/FreeRTOS/tasks.o
                0x0000000008003404                xTaskRemoveFromEventList
 .text.vTaskInternalSetTimeOutState
                0x00000000080035b4       0x2c ./ThridParty/FreeRTOS/tasks.o
                0x00000000080035b4                vTaskInternalSetTimeOutState
 .text.xTaskCheckForTimeOut
                0x00000000080035e0       0xcc ./ThridParty/FreeRTOS/tasks.o
                0x00000000080035e0                xTaskCheckForTimeOut
 .text.vTaskMissedYield
                0x00000000080036ac       0x18 ./ThridParty/FreeRTOS/tasks.o
                0x00000000080036ac                vTaskMissedYield
 .text.prvIdleTask
                0x00000000080036c4       0x30 ./ThridParty/FreeRTOS/tasks.o
 .text.prvInitialiseTaskLists
                0x00000000080036f4       0x80 ./ThridParty/FreeRTOS/tasks.o
 .text.prvCheckTasksWaitingTermination
                0x0000000008003774       0x5c ./ThridParty/FreeRTOS/tasks.o
 .text.prvDeleteTCB
                0x00000000080037d0       0x20 ./ThridParty/FreeRTOS/tasks.o
 .text.prvResetNextTaskUnblockTime
                0x00000000080037f0       0x38 ./ThridParty/FreeRTOS/tasks.o
 .text.xTaskGetSchedulerState
                0x0000000008003828       0x3c ./ThridParty/FreeRTOS/tasks.o
                0x0000000008003828                xTaskGetSchedulerState
 .text.xTaskGenericNotifyWait
                0x0000000008003864      0x110 ./ThridParty/FreeRTOS/tasks.o
                0x0000000008003864                xTaskGenericNotifyWait
 .text.xTaskGenericNotify
                0x0000000008003974      0x268 ./ThridParty/FreeRTOS/tasks.o
                0x0000000008003974                xTaskGenericNotify
 .text.xTaskGenericNotifyFromISR
                0x0000000008003bdc      0x2dc ./ThridParty/FreeRTOS/tasks.o
                0x0000000008003bdc                xTaskGenericNotifyFromISR
 .text.prvAddCurrentTaskToDelayedList
                0x0000000008003eb8      0x118 ./ThridParty/FreeRTOS/tasks.o
 .text.xTimerCreateTimerTask
                0x0000000008003fd0       0x64 ./ThridParty/FreeRTOS/timers.o
                0x0000000008003fd0                xTimerCreateTimerTask
 .text.prvReloadTimer
                0x0000000008004034       0x42 ./ThridParty/FreeRTOS/timers.o
 *fill*         0x0000000008004076        0x2 
 .text.prvProcessExpiredTimer
                0x0000000008004078       0x60 ./ThridParty/FreeRTOS/timers.o
 .text.prvTimerTask
                0x00000000080040d8       0x24 ./ThridParty/FreeRTOS/timers.o
 .text.prvProcessTimerOrBlockTask
                0x00000000080040fc       0x9c ./ThridParty/FreeRTOS/timers.o
 .text.prvGetNextExpireTime
                0x0000000008004198       0x48 ./ThridParty/FreeRTOS/timers.o
 .text.prvSampleTimeNow
                0x00000000080041e0       0x40 ./ThridParty/FreeRTOS/timers.o
 .text.prvInsertTimerInActiveList
                0x0000000008004220       0x84 ./ThridParty/FreeRTOS/timers.o
 .text.prvProcessReceivedCommands
                0x00000000080042a4      0x17c ./ThridParty/FreeRTOS/timers.o
 .text.prvSwitchTimerLists
                0x0000000008004420       0x4c ./ThridParty/FreeRTOS/timers.o
 .text.prvCheckForValidListAndQueue
                0x000000000800446c       0x6c ./ThridParty/FreeRTOS/timers.o
 .text.pxPortInitialiseStack
                0x00000000080044d8       0x68 ./ThridParty/FreeRTOS/portable/GCC/ARM_CM4F/port.o
                0x00000000080044d8                pxPortInitialiseStack
 .text.prvTaskExitError
                0x0000000008004540       0x58 ./ThridParty/FreeRTOS/portable/GCC/ARM_CM4F/port.o
 *fill*         0x0000000008004598        0x8 
 .text.SVC_Handler
                0x00000000080045a0       0x28 ./ThridParty/FreeRTOS/portable/GCC/ARM_CM4F/port.o
                0x00000000080045a0                SVC_Handler
 .text.prvPortStartFirstTask
                0x00000000080045c8       0x2c ./ThridParty/FreeRTOS/portable/GCC/ARM_CM4F/port.o
 .text.xPortStartScheduler
                0x00000000080045f4      0x144 ./ThridParty/FreeRTOS/portable/GCC/ARM_CM4F/port.o
                0x00000000080045f4                xPortStartScheduler
 .text.vInitPrioGroupValue
                0x0000000008004738       0xfc ./ThridParty/FreeRTOS/portable/GCC/ARM_CM4F/port.o
                0x0000000008004738                vInitPrioGroupValue
 .text.vPortEnterCritical
                0x0000000008004834       0x60 ./ThridParty/FreeRTOS/portable/GCC/ARM_CM4F/port.o
                0x0000000008004834                vPortEnterCritical
 .text.vPortExitCritical
                0x0000000008004894       0x54 ./ThridParty/FreeRTOS/portable/GCC/ARM_CM4F/port.o
                0x0000000008004894                vPortExitCritical
 *fill*         0x00000000080048e8        0x8 
 .text.PendSV_Handler
                0x00000000080048f0       0x68 ./ThridParty/FreeRTOS/portable/GCC/ARM_CM4F/port.o
                0x00000000080048f0                PendSV_Handler
 .text.SysTick_Handler
                0x0000000008004958       0x54 ./ThridParty/FreeRTOS/portable/GCC/ARM_CM4F/port.o
                0x0000000008004958                SysTick_Handler
 .text.vPortSetupTimerInterrupt
                0x00000000080049ac       0x48 ./ThridParty/FreeRTOS/portable/GCC/ARM_CM4F/port.o
                0x00000000080049ac                vPortSetupTimerInterrupt
 .text.vPortEnableVFP
                0x00000000080049f4       0x18 ./ThridParty/FreeRTOS/portable/GCC/ARM_CM4F/port.o
 .text.vPortValidateInterruptPriority
                0x0000000008004a0c       0x80 ./ThridParty/FreeRTOS/portable/GCC/ARM_CM4F/port.o
                0x0000000008004a0c                vPortValidateInterruptPriority
 .text.pvPortMalloc
                0x0000000008004a8c      0x1c0 ./ThridParty/FreeRTOS/portable/MemMang/heap_4.o
                0x0000000008004a8c                pvPortMalloc
 .text.vPortFree
                0x0000000008004c4c       0xc4 ./ThridParty/FreeRTOS/portable/MemMang/heap_4.o
                0x0000000008004c4c                vPortFree
 .text.prvHeapInit
                0x0000000008004d10       0xc4 ./ThridParty/FreeRTOS/portable/MemMang/heap_4.o
 .text.prvInsertBlockIntoFreeList
                0x0000000008004dd4       0xb4 ./ThridParty/FreeRTOS/portable/MemMang/heap_4.o
 .text._cbSendSystemDesc
                0x0000000008004e88       0x1c ./ThridParty/SEGGER/Config/SEGGER_SYSVIEW_Config_FreeRTOS.o
 .text.SEGGER_SYSVIEW_Conf
                0x0000000008004ea4       0x2c ./ThridParty/SEGGER/Config/SEGGER_SYSVIEW_Config_FreeRTOS.o
                0x0000000008004ea4                SEGGER_SYSVIEW_Conf
 .text._cbSendTaskList
                0x0000000008004ed0       0x90 ./ThridParty/SEGGER/OS/SEGGER_SYSVIEW_FreeRTOS.o
 .text._cbGetTime
                0x0000000008004f60       0x78 ./ThridParty/SEGGER/OS/SEGGER_SYSVIEW_FreeRTOS.o
 .text.SYSVIEW_AddTask
                0x0000000008004fd8       0xd0 ./ThridParty/SEGGER/OS/SEGGER_SYSVIEW_FreeRTOS.o
                0x0000000008004fd8                SYSVIEW_AddTask
 .text.SYSVIEW_DeleteTask
                0x00000000080050a8      0x178 ./ThridParty/SEGGER/OS/SEGGER_SYSVIEW_FreeRTOS.o
                0x00000000080050a8                SYSVIEW_DeleteTask
 .text.SYSVIEW_SendTaskInfo
                0x0000000008005220       0x42 ./ThridParty/SEGGER/OS/SEGGER_SYSVIEW_FreeRTOS.o
                0x0000000008005220                SYSVIEW_SendTaskInfo
 *fill*         0x0000000008005262        0x2 
 .text._DoInit  0x0000000008005264       0xb4 ./ThridParty/SEGGER/SEGGER/SEGGER_RTT.o
 .text.SEGGER_RTT_ReadNoLock
                0x0000000008005318      0x10c ./ThridParty/SEGGER/SEGGER/SEGGER_RTT.o
                0x0000000008005318                SEGGER_RTT_ReadNoLock
 .text.SEGGER_RTT_AllocUpBuffer
                0x0000000008005424      0x108 ./ThridParty/SEGGER/SEGGER/SEGGER_RTT.o
                0x0000000008005424                SEGGER_RTT_AllocUpBuffer
 .text.SEGGER_RTT_ConfigDownBuffer
                0x000000000800552c       0x98 ./ThridParty/SEGGER/SEGGER/SEGGER_RTT.o
                0x000000000800552c                SEGGER_RTT_ConfigDownBuffer
 .text._EncodeStr
                0x00000000080055c4       0xa0 ./ThridParty/SEGGER/SEGGER/SEGGER_SYSVIEW.o
 .text._PreparePacket
                0x0000000008005664       0x18 ./ThridParty/SEGGER/SEGGER/SEGGER_SYSVIEW.o
 .text._HandleIncomingPacket
                0x000000000800567c       0xe0 ./ThridParty/SEGGER/SEGGER/SEGGER_SYSVIEW.o
 .text._TrySendOverflowPacket
                0x000000000800575c       0xe4 ./ThridParty/SEGGER/SEGGER/SEGGER_SYSVIEW.o
 .text._SendPacket
                0x0000000008005840      0x2dc ./ThridParty/SEGGER/SEGGER/SEGGER_SYSVIEW.o
 .text._StoreChar
                0x0000000008005b1c       0xf6 ./ThridParty/SEGGER/SEGGER/SEGGER_SYSVIEW.o
 *fill*         0x0000000008005c12        0x2 
 .text._PrintUnsigned
                0x0000000008005c14      0x12c ./ThridParty/SEGGER/SEGGER/SEGGER_SYSVIEW.o
 .text._PrintInt
                0x0000000008005d40      0x11e ./ThridParty/SEGGER/SEGGER/SEGGER_SYSVIEW.o
 *fill*         0x0000000008005e5e        0x2 
 .text._VPrintTarget
                0x0000000008005e60      0x3f0 ./ThridParty/SEGGER/SEGGER/SEGGER_SYSVIEW.o
 .text.SEGGER_SYSVIEW_Init
                0x0000000008006250       0x88 ./ThridParty/SEGGER/SEGGER/SEGGER_SYSVIEW.o
                0x0000000008006250                SEGGER_SYSVIEW_Init
 .text.SEGGER_SYSVIEW_SetRAMBase
                0x00000000080062d8       0x20 ./ThridParty/SEGGER/SEGGER/SEGGER_SYSVIEW.o
                0x00000000080062d8                SEGGER_SYSVIEW_SetRAMBase
 .text.SEGGER_SYSVIEW_RecordVoid
                0x00000000080062f8       0x3c ./ThridParty/SEGGER/SEGGER/SEGGER_SYSVIEW.o
                0x00000000080062f8                SEGGER_SYSVIEW_RecordVoid
 .text.SEGGER_SYSVIEW_RecordU32
                0x0000000008006334       0x78 ./ThridParty/SEGGER/SEGGER/SEGGER_SYSVIEW.o
                0x0000000008006334                SEGGER_SYSVIEW_RecordU32
 .text.SEGGER_SYSVIEW_RecordU32x2
                0x00000000080063ac       0xb4 ./ThridParty/SEGGER/SEGGER/SEGGER_SYSVIEW.o
                0x00000000080063ac                SEGGER_SYSVIEW_RecordU32x2
 .text.SEGGER_SYSVIEW_RecordU32x3
                0x0000000008006460       0xec ./ThridParty/SEGGER/SEGGER/SEGGER_SYSVIEW.o
                0x0000000008006460                SEGGER_SYSVIEW_RecordU32x3
 .text.SEGGER_SYSVIEW_RecordU32x4
                0x000000000800654c      0x124 ./ThridParty/SEGGER/SEGGER/SEGGER_SYSVIEW.o
                0x000000000800654c                SEGGER_SYSVIEW_RecordU32x4
 .text.SEGGER_SYSVIEW_RecordU32x5
                0x0000000008006670      0x15c ./ThridParty/SEGGER/SEGGER/SEGGER_SYSVIEW.o
                0x0000000008006670                SEGGER_SYSVIEW_RecordU32x5
 .text.SEGGER_SYSVIEW_Start
                0x00000000080067cc      0x174 ./ThridParty/SEGGER/SEGGER/SEGGER_SYSVIEW.o
                0x00000000080067cc                SEGGER_SYSVIEW_Start
 .text.SEGGER_SYSVIEW_Stop
                0x0000000008006940       0x4c ./ThridParty/SEGGER/SEGGER/SEGGER_SYSVIEW.o
                0x0000000008006940                SEGGER_SYSVIEW_Stop
 .text.SEGGER_SYSVIEW_GetSysDesc
                0x000000000800698c      0x134 ./ThridParty/SEGGER/SEGGER/SEGGER_SYSVIEW.o
                0x000000000800698c                SEGGER_SYSVIEW_GetSysDesc
 .text.SEGGER_SYSVIEW_SendTaskInfo
                0x0000000008006ac0      0x1c8 ./ThridParty/SEGGER/SEGGER/SEGGER_SYSVIEW.o
                0x0000000008006ac0                SEGGER_SYSVIEW_SendTaskInfo
 .text.SEGGER_SYSVIEW_SendTaskList
                0x0000000008006c88       0x28 ./ThridParty/SEGGER/SEGGER/SEGGER_SYSVIEW.o
                0x0000000008006c88                SEGGER_SYSVIEW_SendTaskList
 .text.SEGGER_SYSVIEW_SendSysDesc
                0x0000000008006cb0       0x48 ./ThridParty/SEGGER/SEGGER/SEGGER_SYSVIEW.o
                0x0000000008006cb0                SEGGER_SYSVIEW_SendSysDesc
 .text.SEGGER_SYSVIEW_RecordSystime
                0x0000000008006cf8       0x64 ./ThridParty/SEGGER/SEGGER/SEGGER_SYSVIEW.o
                0x0000000008006cf8                SEGGER_SYSVIEW_RecordSystime
 .text.SEGGER_SYSVIEW_RecordEnterISR
                0x0000000008006d5c       0x84 ./ThridParty/SEGGER/SEGGER/SEGGER_SYSVIEW.o
                0x0000000008006d5c                SEGGER_SYSVIEW_RecordEnterISR
 .text.SEGGER_SYSVIEW_RecordExitISR
                0x0000000008006de0       0x38 ./ThridParty/SEGGER/SEGGER/SEGGER_SYSVIEW.o
                0x0000000008006de0                SEGGER_SYSVIEW_RecordExitISR
 .text.SEGGER_SYSVIEW_RecordExitISRToScheduler
                0x0000000008006e18       0x38 ./ThridParty/SEGGER/SEGGER/SEGGER_SYSVIEW.o
                0x0000000008006e18                SEGGER_SYSVIEW_RecordExitISRToScheduler
 .text.SEGGER_SYSVIEW_OnIdle
                0x0000000008006e50       0x38 ./ThridParty/SEGGER/SEGGER/SEGGER_SYSVIEW.o
                0x0000000008006e50                SEGGER_SYSVIEW_OnIdle
 .text.SEGGER_SYSVIEW_OnTaskCreate
                0x0000000008006e88       0x84 ./ThridParty/SEGGER/SEGGER/SEGGER_SYSVIEW.o
                0x0000000008006e88                SEGGER_SYSVIEW_OnTaskCreate
 .text.SEGGER_SYSVIEW_OnTaskStartExec
                0x0000000008006f0c       0x84 ./ThridParty/SEGGER/SEGGER/SEGGER_SYSVIEW.o
                0x0000000008006f0c                SEGGER_SYSVIEW_OnTaskStartExec
 .text.SEGGER_SYSVIEW_OnTaskStartReady
                0x0000000008006f90       0x84 ./ThridParty/SEGGER/SEGGER/SEGGER_SYSVIEW.o
                0x0000000008006f90                SEGGER_SYSVIEW_OnTaskStartReady
 .text.SEGGER_SYSVIEW_OnTaskStopReady
                0x0000000008007014       0xc0 ./ThridParty/SEGGER/SEGGER/SEGGER_SYSVIEW.o
                0x0000000008007014                SEGGER_SYSVIEW_OnTaskStopReady
 .text.SEGGER_SYSVIEW_ShrinkId
                0x00000000080070d4       0x20 ./ThridParty/SEGGER/SEGGER/SEGGER_SYSVIEW.o
                0x00000000080070d4                SEGGER_SYSVIEW_ShrinkId
 .text.SEGGER_SYSVIEW_SendModule
                0x00000000080070f4      0x100 ./ThridParty/SEGGER/SEGGER/SEGGER_SYSVIEW.o
                0x00000000080070f4                SEGGER_SYSVIEW_SendModule
 .text.SEGGER_SYSVIEW_SendModuleDescription
                0x00000000080071f4       0x3c ./ThridParty/SEGGER/SEGGER/SEGGER_SYSVIEW.o
                0x00000000080071f4                SEGGER_SYSVIEW_SendModuleDescription
 .text.SEGGER_SYSVIEW_SendNumModules
                0x0000000008007230       0x7c ./ThridParty/SEGGER/SEGGER/SEGGER_SYSVIEW.o
                0x0000000008007230                SEGGER_SYSVIEW_SendNumModules
 .text.SEGGER_SYSVIEW_PrintfTarget
                0x00000000080072ac       0x28 ./ThridParty/SEGGER/SEGGER/SEGGER_SYSVIEW.o
                0x00000000080072ac                SEGGER_SYSVIEW_PrintfTarget
 .text.SEGGER_SYSVIEW_Warn
                0x00000000080072d4       0xb8 ./ThridParty/SEGGER/SEGGER/SEGGER_SYSVIEW.o
                0x00000000080072d4                SEGGER_SYSVIEW_Warn
 .text.__libc_init_array
                0x000000000800738c       0x48 c:/st/stm32cubeide_1.8.0/stm32cubeide/plugins/com.st.stm32cube.ide.mcu.externaltools.gnu-tools-for-stm32.9-2020-q2-update.win32_2.0.0.202105311346/tools/bin/../lib/gcc/arm-none-eabi/9.3.1/../../../../arm-none-eabi/lib/thumb/v7e-m+fp/hard\libc_nano.a(lib_a-init.o)
                0x000000000800738c                __libc_init_array
 .text.memcmp   0x00000000080073d4       0x1c c:/st/stm32cubeide_1.8.0/stm32cubeide/plugins/com.st.stm32cube.ide.mcu.externaltools.gnu-tools-for-stm32.9-2020-q2-update.win32_2.0.0.202105311346/tools/bin/../lib/gcc/arm-none-eabi/9.3.1/../../../../arm-none-eabi/lib/thumb/v7e-m+fp/hard\libc_nano.a(lib_a-memcmp.o)
                0x00000000080073d4                memcmp
 .text.memcpy   0x00000000080073f0       0x1c c:/st/stm32cubeide_1.8.0/stm32cubeide/plugins/com.st.stm32cube.ide.mcu.externaltools.gnu-tools-for-stm32.9-2020-q2-update.win32_2.0.0.202105311346/tools/bin/../lib/gcc/arm-none-eabi/9.3.1/../../../../arm-none-eabi/lib/thumb/v7e-m+fp/hard\libc_nano.a(lib_a-memcpy-stub.o)
                0x00000000080073f0                memcpy
 .text.memset   0x000000000800740c       0x10 c:/st/stm32cubeide_1.8.0/stm32cubeide/plugins/com.st.stm32cube.ide.mcu.externaltools.gnu-tools-for-stm32.9-2020-q2-update.win32_2.0.0.202105311346/tools/bin/../lib/gcc/arm-none-eabi/9.3.1/../../../../arm-none-eabi/lib/thumb/v7e-m+fp/hard\libc_nano.a(lib_a-memset.o)
                0x000000000800740c                memset
 *(.glue_7)
 .glue_7        0x000000000800741c        0x0 linker stubs
 *(.glue_7t)
 .glue_7t       0x000000000800741c        0x0 linker stubs
 *(.eh_frame)
 .eh_frame      0x000000000800741c        0x0 c:/st/stm32cubeide_1.8.0/stm32cubeide/plugins/com.st.stm32cube.ide.mcu.externaltools.gnu-tools-for-stm32.9-2020-q2-update.win32_2.0.0.202105311346/tools/bin/../lib/gcc/arm-none-eabi/9.3.1/thumb/v7e-m+fp/hard/crtbegin.o
 *(.init)
 .init          0x000000000800741c        0x4 c:/st/stm32cubeide_1.8.0/stm32cubeide/plugins/com.st.stm32cube.ide.mcu.externaltools.gnu-tools-for-stm32.9-2020-q2-update.win32_2.0.0.202105311346/tools/bin/../lib/gcc/arm-none-eabi/9.3.1/thumb/v7e-m+fp/hard/crti.o
                0x000000000800741c                _init
 .init          0x0000000008007420        0x8 c:/st/stm32cubeide_1.8.0/stm32cubeide/plugins/com.st.stm32cube.ide.mcu.externaltools.gnu-tools-for-stm32.9-2020-q2-update.win32_2.0.0.202105311346/tools/bin/../lib/gcc/arm-none-eabi/9.3.1/thumb/v7e-m+fp/hard/crtn.o
 *(.fini)
 .fini          0x0000000008007428        0x4 c:/st/stm32cubeide_1.8.0/stm32cubeide/plugins/com.st.stm32cube.ide.mcu.externaltools.gnu-tools-for-stm32.9-2020-q2-update.win32_2.0.0.202105311346/tools/bin/../lib/gcc/arm-none-eabi/9.3.1/thumb/v7e-m+fp/hard/crti.o
                0x0000000008007428                _fini
 .fini          0x000000000800742c        0x8 c:/st/stm32cubeide_1.8.0/stm32cubeide/plugins/com.st.stm32cube.ide.mcu.externaltools.gnu-tools-for-stm32.9-2020-q2-update.win32_2.0.0.202105311346/tools/bin/../lib/gcc/arm-none-eabi/9.3.1/thumb/v7e-m+fp/hard/crtn.o
                0x0000000008007434                . = ALIGN (0x4)
                0x0000000008007434                _etext = .

.vfp11_veneer   0x0000000008007434        0x0
 .vfp11_veneer  0x0000000008007434        0x0 linker stubs

.v4_bx          0x0000000008007434        0x0
 .v4_bx         0x0000000008007434        0x0 linker stubs

.iplt           0x0000000008007434        0x0
 .iplt          0x0000000008007434        0x0 c:/st/stm32cubeide_1.8.0/stm32cubeide/plugins/com.st.stm32cube.ide.mcu.externaltools.gnu-tools-for-stm32.9-2020-q2-update.win32_2.0.0.202105311346/tools/bin/../lib/gcc/arm-none-eabi/9.3.1/thumb/v7e-m+fp/hard/crtbegin.o

.rodata         0x0000000008007434      0x198
                0x0000000008007434                . = ALIGN (0x4)
 *(.rodata)
 .rodata        0x0000000008007434       0x74 ./Core/Src/main.o
 .rodata        0x00000000080074a8        0x5 ./ThridParty/FreeRTOS/tasks.o
 *fill*         0x00000000080074ad        0x3 
 .rodata        0x00000000080074b0        0xd ./ThridParty/FreeRTOS/timers.o
 *fill*         0x00000000080074bd        0x3 
 .rodata        0x00000000080074c0       0x4d ./ThridParty/SEGGER/Config/SEGGER_SYSVIEW_Config_FreeRTOS.o
 *fill*         0x000000000800750d        0x3 
 .rodata        0x0000000008007510       0x58 ./ThridParty/SEGGER/OS/SEGGER_SYSVIEW_FreeRTOS.o
 .rodata        0x0000000008007568        0x9 ./ThridParty/SEGGER/SEGGER/SEGGER_RTT.o
 *fill*         0x0000000008007571        0x3 
 .rodata        0x0000000008007574        0x8 ./ThridParty/SEGGER/SEGGER/SEGGER_SYSVIEW.o
 *(.rodata*)
 .rodata.AHBPrescTable
                0x000000000800757c       0x10 ./Core/Src/system_stm32f4xx.o
                0x000000000800757c                AHBPrescTable
 .rodata.APBPrescTable
                0x000000000800758c        0x8 ./Core/Src/system_stm32f4xx.o
                0x000000000800758c                APBPrescTable
 .rodata.SYSVIEW_X_OS_TraceAPI
                0x0000000008007594        0x8 ./ThridParty/SEGGER/OS/SEGGER_SYSVIEW_FreeRTOS.o
                0x0000000008007594                SYSVIEW_X_OS_TraceAPI
 .rodata._aInitStr.6515
                0x000000000800759c       0x11 ./ThridParty/SEGGER/SEGGER/SEGGER_RTT.o
 *fill*         0x00000000080075ad        0x3 
 .rodata._abSync
                0x00000000080075b0        0xa ./ThridParty/SEGGER/SEGGER/SEGGER_SYSVIEW.o
 *fill*         0x00000000080075ba        0x2 
 .rodata._aV2C.7071
                0x00000000080075bc       0x10 ./ThridParty/SEGGER/SEGGER/SEGGER_SYSVIEW.o
                0x00000000080075cc                . = ALIGN (0x4)

.ARM.extab      0x00000000080075cc        0x0
                0x00000000080075cc                . = ALIGN (0x4)
 *(.ARM.extab* .gnu.linkonce.armextab.*)
                0x00000000080075cc                . = ALIGN (0x4)

.ARM            0x00000000080075cc        0x8
                0x00000000080075cc                . = ALIGN (0x4)
                0x00000000080075cc                __exidx_start = .
 *(.ARM.exidx*)
 .ARM.exidx     0x00000000080075cc        0x8 c:/st/stm32cubeide_1.8.0/stm32cubeide/plugins/com.st.stm32cube.ide.mcu.externaltools.gnu-tools-for-stm32.9-2020-q2-update.win32_2.0.0.202105311346/tools/bin/../lib/gcc/arm-none-eabi/9.3.1/thumb/v7e-m+fp/hard\libgcc.a(_udivmoddi4.o)
                0x00000000080075d4                __exidx_end = .
                0x00000000080075d4                . = ALIGN (0x4)

.rel.dyn        0x00000000080075d4        0x0
 .rel.iplt      0x00000000080075d4        0x0 c:/st/stm32cubeide_1.8.0/stm32cubeide/plugins/com.st.stm32cube.ide.mcu.externaltools.gnu-tools-for-stm32.9-2020-q2-update.win32_2.0.0.202105311346/tools/bin/../lib/gcc/arm-none-eabi/9.3.1/thumb/v7e-m+fp/hard/crtbegin.o

.preinit_array  0x00000000080075d4        0x0
                0x00000000080075d4                . = ALIGN (0x4)
                0x00000000080075d4                PROVIDE (__preinit_array_start = .)
 *(.preinit_array*)
                0x00000000080075d4                PROVIDE (__preinit_array_end = .)
                0x00000000080075d4                . = ALIGN (0x4)

.init_array     0x00000000080075d4        0x4
                0x00000000080075d4                . = ALIGN (0x4)
                0x00000000080075d4                PROVIDE (__init_array_start = .)
 *(SORT_BY_NAME(.init_array.*))
 *(.init_array*)
 .init_array    0x00000000080075d4        0x4 c:/st/stm32cubeide_1.8.0/stm32cubeide/plugins/com.st.stm32cube.ide.mcu.externaltools.gnu-tools-for-stm32.9-2020-q2-update.win32_2.0.0.202105311346/tools/bin/../lib/gcc/arm-none-eabi/9.3.1/thumb/v7e-m+fp/hard/crtbegin.o
                0x00000000080075d8                PROVIDE (__init_array_end = .)
                0x00000000080075d8                . = ALIGN (0x4)

.fini_array     0x00000000080075d8        0x4
                0x00000000080075d8                . = ALIGN (0x4)
                [!provide]                        PROVIDE (__fini_array_start = .)
 *(SORT_BY_NAME(.fini_array.*))
 *(.fini_array*)
 .fini_array    0x00000000080075d8        0x4 c:/st/stm32cubeide_1.8.0/stm32cubeide/plugins/com.st.stm32cube.ide.mcu.externaltools.gnu-tools-for-stm32.9-2020-q2-update.win32_2.0.0.202105311346/tools/bin/../lib/gcc/arm-none-eabi/9.3.1/thumb/v7e-m+fp/hard/crtbegin.o
                [!provide]                        PROVIDE (__fini_array_end = .)
                0x00000000080075dc                . = ALIGN (0x4)
                0x00000000080075dc                _sidata = LOADADDR (.data)

.data           0x0000000020000000       0x14 load address 0x00000000080075dc
                0x0000000020000000                . = ALIGN (0x4)
                0x0000000020000000                _sdata = .
 *(.data)
 *(.data*)
 .data.SystemCoreClock
                0x0000000020000000        0x4 ./Core/Src/system_stm32f4xx.o
                0x0000000020000000                SystemCoreClock
 .data.uwTickPrio
                0x0000000020000004        0x4 ./Drivers/STM32F4xx_HAL_Driver/Src/stm32f4xx_hal.o
                0x0000000020000004                uwTickPrio
 .data.uwTickFreq
                0x0000000020000008        0x1 ./Drivers/STM32F4xx_HAL_Driver/Src/stm32f4xx_hal.o
                0x0000000020000008                uwTickFreq
 *fill*         0x0000000020000009        0x3 
 .data.uxTopUsedPriority
                0x000000002000000c        0x4 ./ThridParty/FreeRTOS/tasks.o
                0x000000002000000c                uxTopUsedPriority
 .data.uxCriticalNesting
                0x0000000020000010        0x4 ./ThridParty/FreeRTOS/portable/GCC/ARM_CM4F/port.o
 *(.RamFunc)
 *(.RamFunc*)
                0x0000000020000014                . = ALIGN (0x4)
                0x0000000020000014                _edata = .
                0x00000000080075f0                _siccmram = LOADADDR (.ccmram)

.igot.plt       0x0000000020000014        0x0 load address 0x00000000080075f0
 .igot.plt      0x0000000020000014        0x0 c:/st/stm32cubeide_1.8.0/stm32cubeide/plugins/com.st.stm32cube.ide.mcu.externaltools.gnu-tools-for-stm32.9-2020-q2-update.win32_2.0.0.202105311346/tools/bin/../lib/gcc/arm-none-eabi/9.3.1/thumb/v7e-m+fp/hard/crtbegin.o

.ccmram         0x0000000010000000        0x0 load address 0x00000000080075f0
                0x0000000010000000                . = ALIGN (0x4)
                0x0000000010000000                _sccmram = .
 *(.ccmram)
 *(.ccmram*)
                0x0000000010000000                . = ALIGN (0x4)
                0x0000000010000000                _eccmram = .
                0x0000000010000000                . = ALIGN (0x4)

.bss            0x0000000020000014    0x144a0
                0x0000000020000014                _sbss = .
                0x0000000020000014                __bss_start__ = _sbss
 *(.bss)
 .bss           0x0000000020000014       0x1c c:/st/stm32cubeide_1.8.0/stm32cubeide/plugins/com.st.stm32cube.ide.mcu.externaltools.gnu-tools-for-stm32.9-2020-q2-update.win32_2.0.0.202105311346/tools/bin/../lib/gcc/arm-none-eabi/9.3.1/thumb/v7e-m+fp/hard/crtbegin.o
 *(.bss*)
 .bss.pxCurrentTCB
                0x0000000020000030        0x4 ./ThridParty/FreeRTOS/tasks.o
                0x0000000020000030                pxCurrentTCB
 .bss.pxReadyTasksLists
                0x0000000020000034       0x64 ./ThridParty/FreeRTOS/tasks.o
 .bss.xDelayedTaskList1
                0x0000000020000098       0x14 ./ThridParty/FreeRTOS/tasks.o
 .bss.xDelayedTaskList2
                0x00000000200000ac       0x14 ./ThridParty/FreeRTOS/tasks.o
 .bss.pxDelayedTaskList
                0x00000000200000c0        0x4 ./ThridParty/FreeRTOS/tasks.o
 .bss.pxOverflowDelayedTaskList
                0x00000000200000c4        0x4 ./ThridParty/FreeRTOS/tasks.o
 .bss.xPendingReadyList
                0x00000000200000c8       0x14 ./ThridParty/FreeRTOS/tasks.o
 .bss.xTasksWaitingTermination
                0x00000000200000dc       0x14 ./ThridParty/FreeRTOS/tasks.o
 .bss.uxDeletedTasksWaitingCleanUp
                0x00000000200000f0        0x4 ./ThridParty/FreeRTOS/tasks.o
 .bss.xSuspendedTaskList
                0x00000000200000f4       0x14 ./ThridParty/FreeRTOS/tasks.o
 .bss.uxCurrentNumberOfTasks
                0x0000000020000108        0x4 ./ThridParty/FreeRTOS/tasks.o
 .bss.xTickCount
                0x000000002000010c        0x4 ./ThridParty/FreeRTOS/tasks.o
 .bss.uxTopReadyPriority
                0x0000000020000110        0x4 ./ThridParty/FreeRTOS/tasks.o
 .bss.xSchedulerRunning
                0x0000000020000114        0x4 ./ThridParty/FreeRTOS/tasks.o
 .bss.xPendedTicks
                0x0000000020000118        0x4 ./ThridParty/FreeRTOS/tasks.o
 .bss.xYieldPending
                0x000000002000011c        0x4 ./ThridParty/FreeRTOS/tasks.o
 .bss.xNumOfOverflows
                0x0000000020000120        0x4 ./ThridParty/FreeRTOS/tasks.o
 .bss.uxTaskNumber
                0x0000000020000124        0x4 ./ThridParty/FreeRTOS/tasks.o
 .bss.xNextTaskUnblockTime
                0x0000000020000128        0x4 ./ThridParty/FreeRTOS/tasks.o
 .bss.xIdleTaskHandle
                0x000000002000012c        0x4 ./ThridParty/FreeRTOS/tasks.o
 .bss.uxSchedulerSuspended
                0x0000000020000130        0x4 ./ThridParty/FreeRTOS/tasks.o
 .bss.xActiveTimerList1
                0x0000000020000134       0x14 ./ThridParty/FreeRTOS/timers.o
 .bss.xActiveTimerList2
                0x0000000020000148       0x14 ./ThridParty/FreeRTOS/timers.o
 .bss.pxCurrentTimerList
                0x000000002000015c        0x4 ./ThridParty/FreeRTOS/timers.o
 .bss.pxOverflowTimerList
                0x0000000020000160        0x4 ./ThridParty/FreeRTOS/timers.o
 .bss.xTimerQueue
                0x0000000020000164        0x4 ./ThridParty/FreeRTOS/timers.o
 .bss.xTimerTaskHandle
                0x0000000020000168        0x4 ./ThridParty/FreeRTOS/timers.o
 .bss.xLastTime.7316
                0x000000002000016c        0x4 ./ThridParty/FreeRTOS/timers.o
 .bss.ucMaxSysCallPriority
                0x0000000020000170        0x1 ./ThridParty/FreeRTOS/portable/GCC/ARM_CM4F/port.o
 *fill*         0x0000000020000171        0x3 
 .bss.ulMaxPRIGROUPValue
                0x0000000020000174        0x4 ./ThridParty/FreeRTOS/portable/GCC/ARM_CM4F/port.o
 .bss.ucHeap    0x0000000020000178    0x12c00 ./ThridParty/FreeRTOS/portable/MemMang/heap_4.o
 .bss.xStart    0x0000000020012d78        0x8 ./ThridParty/FreeRTOS/portable/MemMang/heap_4.o
 .bss.pxEnd     0x0000000020012d80        0x4 ./ThridParty/FreeRTOS/portable/MemMang/heap_4.o
 .bss.xFreeBytesRemaining
                0x0000000020012d84        0x4 ./ThridParty/FreeRTOS/portable/MemMang/heap_4.o
 .bss.xMinimumEverFreeBytesRemaining
                0x0000000020012d88        0x4 ./ThridParty/FreeRTOS/portable/MemMang/heap_4.o
 .bss.xNumberOfSuccessfulAllocations
                0x0000000020012d8c        0x4 ./ThridParty/FreeRTOS/portable/MemMang/heap_4.o
 .bss.xNumberOfSuccessfulFrees
                0x0000000020012d90        0x4 ./ThridParty/FreeRTOS/portable/MemMang/heap_4.o
 .bss.xBlockAllocatedBit
                0x0000000020012d94        0x4 ./ThridParty/FreeRTOS/portable/MemMang/heap_4.o
 .bss._aTasks   0x0000000020012d98       0xa0 ./ThridParty/SEGGER/OS/SEGGER_SYSVIEW_FreeRTOS.o
 .bss._NumTasks
                0x0000000020012e38        0x4 ./ThridParty/SEGGER/OS/SEGGER_SYSVIEW_FreeRTOS.o
 .bss._acUpBuffer
                0x0000000020012e3c      0x400 ./ThridParty/SEGGER/SEGGER/SEGGER_RTT.o
 .bss._acDownBuffer
                0x000000002001323c       0x10 ./ThridParty/SEGGER/SEGGER/SEGGER_RTT.o
 .bss._UpBuffer
                0x000000002001324c     0x1000 ./ThridParty/SEGGER/SEGGER/SEGGER_SYSVIEW.o
 .bss._DownBuffer
                0x000000002001424c        0x8 ./ThridParty/SEGGER/SEGGER/SEGGER_SYSVIEW.o
 .bss._SYSVIEW_Globals
                0x0000000020014254       0x28 ./ThridParty/SEGGER/SEGGER/SEGGER_SYSVIEW.o
 .bss._pFirstModule
                0x000000002001427c        0x4 ./ThridParty/SEGGER/SEGGER/SEGGER_SYSVIEW.o
 .bss._NumModules
                0x0000000020014280        0x1 ./ThridParty/SEGGER/SEGGER/SEGGER_SYSVIEW.o
 *fill*         0x0000000020014281        0x3 
 .bss._aPacket  0x0000000020014284       0xe3 ./ThridParty/SEGGER/SEGGER/SEGGER_SYSVIEW.o
 *(COMMON)
 *fill*         0x0000000020014367        0x1 
 COMMON         0x0000000020014368       0x18 ./Core/Src/main.o
                0x0000000020014368                ledr_handle
                0x000000002001436c                next_task_handle
                0x0000000020014370                ledg_handle
                0x0000000020014374                btn_handle
                0x0000000020014378                ledb_handle
                0x000000002001437c                status
 COMMON         0x0000000020014380       0x48 ./Core/Src/stm32f4xx_hal_timebase_tim.o
                0x0000000020014380                htim6
 COMMON         0x00000000200143c8        0x4 ./Drivers/STM32F4xx_HAL_Driver/Src/stm32f4xx_hal.o
                0x00000000200143c8                uwTick
 COMMON         0x00000000200143cc       0x40 ./ThridParty/FreeRTOS/queue.o
                0x00000000200143cc                xQueueRegistry
 COMMON         0x000000002001440c       0xa8 ./ThridParty/SEGGER/SEGGER/SEGGER_RTT.o
                0x000000002001440c                _SEGGER_RTT
                0x00000000200144b4                . = ALIGN (0x4)
                0x00000000200144b4                _ebss = .
                0x00000000200144b4                __bss_end__ = _ebss

._user_heap_stack
                0x00000000200144b4      0x604
                0x00000000200144b8                . = ALIGN (0x8)
 *fill*         0x00000000200144b4        0x4 
                [!provide]                        PROVIDE (end = .)
                0x00000000200144b8                PROVIDE (_end = .)
                0x00000000200146b8                . = (. + _Min_Heap_Size)
 *fill*         0x00000000200144b8      0x200 
                0x0000000020014ab8                . = (. + _Min_Stack_Size)
 *fill*         0x00000000200146b8      0x400 
                0x0000000020014ab8                . = ALIGN (0x8)

/DISCARD/
 libc.a(*)
 libm.a(*)
 libgcc.a(*)

.ARM.attributes
                0x0000000000000000       0x30
 *(.ARM.attributes)
 .ARM.attributes
                0x0000000000000000       0x1e c:/st/stm32cubeide_1.8.0/stm32cubeide/plugins/com.st.stm32cube.ide.mcu.externaltools.gnu-tools-for-stm32.9-2020-q2-update.win32_2.0.0.202105311346/tools/bin/../lib/gcc/arm-none-eabi/9.3.1/thumb/v7e-m+fp/hard/crti.o
 .ARM.attributes
                0x000000000000001e       0x34 c:/st/stm32cubeide_1.8.0/stm32cubeide/plugins/com.st.stm32cube.ide.mcu.externaltools.gnu-tools-for-stm32.9-2020-q2-update.win32_2.0.0.202105311346/tools/bin/../lib/gcc/arm-none-eabi/9.3.1/thumb/v7e-m+fp/hard/crtbegin.o
 .ARM.attributes
                0x0000000000000052       0x34 ./Core/Src/main.o
 .ARM.attributes
                0x0000000000000086       0x34 ./Core/Src/stm32f4xx_hal_msp.o
 .ARM.attributes
                0x00000000000000ba       0x34 ./Core/Src/stm32f4xx_hal_timebase_tim.o
 .ARM.attributes
                0x00000000000000ee       0x34 ./Core/Src/stm32f4xx_it.o
 .ARM.attributes
                0x0000000000000122       0x34 ./Core/Src/system_stm32f4xx.o
 .ARM.attributes
                0x0000000000000156       0x21 ./Core/Startup/startup_stm32f407vgtx.o
 .ARM.attributes
                0x0000000000000177       0x34 ./Drivers/STM32F4xx_HAL_Driver/Src/stm32f4xx_hal.o
 .ARM.attributes
                0x00000000000001ab       0x34 ./Drivers/STM32F4xx_HAL_Driver/Src/stm32f4xx_hal_cortex.o
 .ARM.attributes
                0x00000000000001df       0x34 ./Drivers/STM32F4xx_HAL_Driver/Src/stm32f4xx_hal_gpio.o
 .ARM.attributes
                0x0000000000000213       0x34 ./Drivers/STM32F4xx_HAL_Driver/Src/stm32f4xx_hal_rcc.o
 .ARM.attributes
                0x0000000000000247       0x34 ./Drivers/STM32F4xx_HAL_Driver/Src/stm32f4xx_hal_tim.o
 .ARM.attributes
                0x000000000000027b       0x34 ./Drivers/STM32F4xx_HAL_Driver/Src/stm32f4xx_hal_tim_ex.o
 .ARM.attributes
                0x00000000000002af       0x34 ./ThridParty/FreeRTOS/list.o
 .ARM.attributes
                0x00000000000002e3       0x34 ./ThridParty/FreeRTOS/queue.o
 .ARM.attributes
                0x0000000000000317       0x34 ./ThridParty/FreeRTOS/tasks.o
 .ARM.attributes
                0x000000000000034b       0x34 ./ThridParty/FreeRTOS/timers.o
 .ARM.attributes
                0x000000000000037f       0x34 ./ThridParty/FreeRTOS/portable/GCC/ARM_CM4F/port.o
 .ARM.attributes
                0x00000000000003b3       0x34 ./ThridParty/FreeRTOS/portable/MemMang/heap_4.o
 .ARM.attributes
                0x00000000000003e7       0x34 ./ThridParty/SEGGER/Config/SEGGER_SYSVIEW_Config_FreeRTOS.o
 .ARM.attributes
                0x000000000000041b       0x34 ./ThridParty/SEGGER/OS/SEGGER_SYSVIEW_FreeRTOS.o
 .ARM.attributes
                0x000000000000044f       0x34 ./ThridParty/SEGGER/SEGGER/SEGGER_RTT.o
 .ARM.attributes
                0x0000000000000483       0x20 ./ThridParty/SEGGER/SEGGER/SEGGER_RTT_ASM_ARMv7M.o
 .ARM.attributes
                0x00000000000004a3       0x34 ./ThridParty/SEGGER/SEGGER/SEGGER_SYSVIEW.o
 .ARM.attributes
                0x00000000000004d7       0x34 c:/st/stm32cubeide_1.8.0/stm32cubeide/plugins/com.st.stm32cube.ide.mcu.externaltools.gnu-tools-for-stm32.9-2020-q2-update.win32_2.0.0.202105311346/tools/bin/../lib/gcc/arm-none-eabi/9.3.1/../../../../arm-none-eabi/lib/thumb/v7e-m+fp/hard\libc_nano.a(lib_a-init.o)
 .ARM.attributes
                0x000000000000050b       0x34 c:/st/stm32cubeide_1.8.0/stm32cubeide/plugins/com.st.stm32cube.ide.mcu.externaltools.gnu-tools-for-stm32.9-2020-q2-update.win32_2.0.0.202105311346/tools/bin/../lib/gcc/arm-none-eabi/9.3.1/../../../../arm-none-eabi/lib/thumb/v7e-m+fp/hard\libc_nano.a(lib_a-memcmp.o)
 .ARM.attributes
                0x000000000000053f       0x34 c:/st/stm32cubeide_1.8.0/stm32cubeide/plugins/com.st.stm32cube.ide.mcu.externaltools.gnu-tools-for-stm32.9-2020-q2-update.win32_2.0.0.202105311346/tools/bin/../lib/gcc/arm-none-eabi/9.3.1/../../../../arm-none-eabi/lib/thumb/v7e-m+fp/hard\libc_nano.a(lib_a-memcpy-stub.o)
 .ARM.attributes
                0x0000000000000573       0x34 c:/st/stm32cubeide_1.8.0/stm32cubeide/plugins/com.st.stm32cube.ide.mcu.externaltools.gnu-tools-for-stm32.9-2020-q2-update.win32_2.0.0.202105311346/tools/bin/../lib/gcc/arm-none-eabi/9.3.1/../../../../arm-none-eabi/lib/thumb/v7e-m+fp/hard\libc_nano.a(lib_a-memset.o)
 .ARM.attributes
                0x00000000000005a7       0x1e c:/st/stm32cubeide_1.8.0/stm32cubeide/plugins/com.st.stm32cube.ide.mcu.externaltools.gnu-tools-for-stm32.9-2020-q2-update.win32_2.0.0.202105311346/tools/bin/../lib/gcc/arm-none-eabi/9.3.1/thumb/v7e-m+fp/hard\libgcc.a(_aeabi_uldivmod.o)
 .ARM.attributes
                0x00000000000005c5       0x34 c:/st/stm32cubeide_1.8.0/stm32cubeide/plugins/com.st.stm32cube.ide.mcu.externaltools.gnu-tools-for-stm32.9-2020-q2-update.win32_2.0.0.202105311346/tools/bin/../lib/gcc/arm-none-eabi/9.3.1/thumb/v7e-m+fp/hard\libgcc.a(_udivmoddi4.o)
 .ARM.attributes
                0x00000000000005f9       0x1e c:/st/stm32cubeide_1.8.0/stm32cubeide/plugins/com.st.stm32cube.ide.mcu.externaltools.gnu-tools-for-stm32.9-2020-q2-update.win32_2.0.0.202105311346/tools/bin/../lib/gcc/arm-none-eabi/9.3.1/thumb/v7e-m+fp/hard\libgcc.a(_dvmd_tls.o)
 .ARM.attributes
                0x0000000000000617       0x1e c:/st/stm32cubeide_1.8.0/stm32cubeide/plugins/com.st.stm32cube.ide.mcu.externaltools.gnu-tools-for-stm32.9-2020-q2-update.win32_2.0.0.202105311346/tools/bin/../lib/gcc/arm-none-eabi/9.3.1/thumb/v7e-m+fp/hard/crtn.o
OUTPUT(RTOS.06 - LED4-TASK_NOTIFY_INTERRUPT.elf elf32-littlearm)
LOAD linker stubs
LOAD c:/st/stm32cubeide_1.8.0/stm32cubeide/plugins/com.st.stm32cube.ide.mcu.externaltools.gnu-tools-for-stm32.9-2020-q2-update.win32_2.0.0.202105311346/tools/bin/../lib/gcc/arm-none-eabi/9.3.1/../../../../arm-none-eabi/lib/thumb/v7e-m+fp/hard\libc.a
LOAD c:/st/stm32cubeide_1.8.0/stm32cubeide/plugins/com.st.stm32cube.ide.mcu.externaltools.gnu-tools-for-stm32.9-2020-q2-update.win32_2.0.0.202105311346/tools/bin/../lib/gcc/arm-none-eabi/9.3.1/../../../../arm-none-eabi/lib/thumb/v7e-m+fp/hard\libm.a
LOAD c:/st/stm32cubeide_1.8.0/stm32cubeide/plugins/com.st.stm32cube.ide.mcu.externaltools.gnu-tools-for-stm32.9-2020-q2-update.win32_2.0.0.202105311346/tools/bin/../lib/gcc/arm-none-eabi/9.3.1/thumb/v7e-m+fp/hard\libgcc.a

.debug_info     0x0000000000000000    0x18faf
 .debug_info    0x0000000000000000     0x17cc ./Core/Src/main.o
 .debug_info    0x00000000000017cc      0x3b3 ./Core/Src/stm32f4xx_hal_msp.o
 .debug_info    0x0000000000001b7f      0xc6c ./Core/Src/stm32f4xx_hal_timebase_tim.o
 .debug_info    0x00000000000027eb      0x7f5 ./Core/Src/stm32f4xx_it.o
 .debug_info    0x0000000000002fe0      0x5a4 ./Core/Src/system_stm32f4xx.o
 .debug_info    0x0000000000003584       0x22 ./Core/Startup/startup_stm32f407vgtx.o
 .debug_info    0x00000000000035a6      0x9b2 ./Drivers/STM32F4xx_HAL_Driver/Src/stm32f4xx_hal.o
 .debug_info    0x0000000000003f58      0xed7 ./Drivers/STM32F4xx_HAL_Driver/Src/stm32f4xx_hal_cortex.o
 .debug_info    0x0000000000004e2f      0x83e ./Drivers/STM32F4xx_HAL_Driver/Src/stm32f4xx_hal_gpio.o
 .debug_info    0x000000000000566d      0x996 ./Drivers/STM32F4xx_HAL_Driver/Src/stm32f4xx_hal_rcc.o
 .debug_info    0x0000000000006003     0x2c22 ./Drivers/STM32F4xx_HAL_Driver/Src/stm32f4xx_hal_tim.o
 .debug_info    0x0000000000008c25     0x15a2 ./Drivers/STM32F4xx_HAL_Driver/Src/stm32f4xx_hal_tim_ex.o
 .debug_info    0x000000000000a1c7      0xb9a ./ThridParty/FreeRTOS/list.o
 .debug_info    0x000000000000ad61     0x2034 ./ThridParty/FreeRTOS/queue.o
 .debug_info    0x000000000000cd95     0x2dd7 ./ThridParty/FreeRTOS/tasks.o
 .debug_info    0x000000000000fb6c     0x1525 ./ThridParty/FreeRTOS/timers.o
 .debug_info    0x0000000000011091      0x5b1 ./ThridParty/FreeRTOS/portable/GCC/ARM_CM4F/port.o
 .debug_info    0x0000000000011642      0xda4 ./ThridParty/FreeRTOS/portable/MemMang/heap_4.o
 .debug_info    0x00000000000123e6      0x131 ./ThridParty/SEGGER/Config/SEGGER_SYSVIEW_Config_FreeRTOS.o
 .debug_info    0x0000000000012517      0xc58 ./ThridParty/SEGGER/OS/SEGGER_SYSVIEW_FreeRTOS.o
 .debug_info    0x000000000001316f     0x1e0b ./ThridParty/SEGGER/SEGGER/SEGGER_RTT.o
 .debug_info    0x0000000000014f7a       0x26 ./ThridParty/SEGGER/SEGGER/SEGGER_RTT_ASM_ARMv7M.o
 .debug_info    0x0000000000014fa0     0x400f ./ThridParty/SEGGER/SEGGER/SEGGER_SYSVIEW.o

.debug_abbrev   0x0000000000000000     0x3156
 .debug_abbrev  0x0000000000000000      0x359 ./Core/Src/main.o
 .debug_abbrev  0x0000000000000359      0x11d ./Core/Src/stm32f4xx_hal_msp.o
 .debug_abbrev  0x0000000000000476      0x1bf ./Core/Src/stm32f4xx_hal_timebase_tim.o
 .debug_abbrev  0x0000000000000635      0x176 ./Core/Src/stm32f4xx_it.o
 .debug_abbrev  0x00000000000007ab      0x145 ./Core/Src/system_stm32f4xx.o
 .debug_abbrev  0x00000000000008f0       0x12 ./Core/Startup/startup_stm32f407vgtx.o
 .debug_abbrev  0x0000000000000902      0x1ed ./Drivers/STM32F4xx_HAL_Driver/Src/stm32f4xx_hal.o
 .debug_abbrev  0x0000000000000aef      0x33c ./Drivers/STM32F4xx_HAL_Driver/Src/stm32f4xx_hal_cortex.o
 .debug_abbrev  0x0000000000000e2b      0x1f1 ./Drivers/STM32F4xx_HAL_Driver/Src/stm32f4xx_hal_gpio.o
 .debug_abbrev  0x000000000000101c      0x275 ./Drivers/STM32F4xx_HAL_Driver/Src/stm32f4xx_hal_rcc.o
 .debug_abbrev  0x0000000000001291      0x25e ./Drivers/STM32F4xx_HAL_Driver/Src/stm32f4xx_hal_tim.o
 .debug_abbrev  0x00000000000014ef      0x266 ./Drivers/STM32F4xx_HAL_Driver/Src/stm32f4xx_hal_tim_ex.o
 .debug_abbrev  0x0000000000001755      0x1f7 ./ThridParty/FreeRTOS/list.o
 .debug_abbrev  0x000000000000194c      0x333 ./ThridParty/FreeRTOS/queue.o
 .debug_abbrev  0x0000000000001c7f      0x3c1 ./ThridParty/FreeRTOS/tasks.o
 .debug_abbrev  0x0000000000002040      0x2ea ./ThridParty/FreeRTOS/timers.o
 .debug_abbrev  0x000000000000232a      0x231 ./ThridParty/FreeRTOS/portable/GCC/ARM_CM4F/port.o
 .debug_abbrev  0x000000000000255b      0x2d3 ./ThridParty/FreeRTOS/portable/MemMang/heap_4.o
 .debug_abbrev  0x000000000000282e       0xc1 ./ThridParty/SEGGER/Config/SEGGER_SYSVIEW_Config_FreeRTOS.o
 .debug_abbrev  0x00000000000028ef      0x219 ./ThridParty/SEGGER/OS/SEGGER_SYSVIEW_FreeRTOS.o
 .debug_abbrev  0x0000000000002b08      0x2c9 ./ThridParty/SEGGER/SEGGER/SEGGER_RTT.o
 .debug_abbrev  0x0000000000002dd1       0x14 ./ThridParty/SEGGER/SEGGER/SEGGER_RTT_ASM_ARMv7M.o
 .debug_abbrev  0x0000000000002de5      0x371 ./ThridParty/SEGGER/SEGGER/SEGGER_SYSVIEW.o

.debug_aranges  0x0000000000000000     0x1300
 .debug_aranges
                0x0000000000000000       0x68 ./Core/Src/main.o
 .debug_aranges
                0x0000000000000068       0x20 ./Core/Src/stm32f4xx_hal_msp.o
 .debug_aranges
                0x0000000000000088       0x30 ./Core/Src/stm32f4xx_hal_timebase_tim.o
 .debug_aranges
                0x00000000000000b8       0x58 ./Core/Src/stm32f4xx_it.o
 .debug_aranges
                0x0000000000000110       0x28 ./Core/Src/system_stm32f4xx.o
 .debug_aranges
                0x0000000000000138       0x28 ./Core/Startup/startup_stm32f407vgtx.o
 .debug_aranges
                0x0000000000000160       0xf0 ./Drivers/STM32F4xx_HAL_Driver/Src/stm32f4xx_hal.o
 .debug_aranges
                0x0000000000000250      0x118 ./Drivers/STM32F4xx_HAL_Driver/Src/stm32f4xx_hal_cortex.o
 .debug_aranges
                0x0000000000000368       0x58 ./Drivers/STM32F4xx_HAL_Driver/Src/stm32f4xx_hal_gpio.o
 .debug_aranges
                0x00000000000003c0       0x88 ./Drivers/STM32F4xx_HAL_Driver/Src/stm32f4xx_hal_rcc.o
 .debug_aranges
                0x0000000000000448      0x3d0 ./Drivers/STM32F4xx_HAL_Driver/Src/stm32f4xx_hal_tim.o
 .debug_aranges
                0x0000000000000818      0x168 ./Drivers/STM32F4xx_HAL_Driver/Src/stm32f4xx_hal_tim_ex.o
 .debug_aranges
                0x0000000000000980       0x40 ./ThridParty/FreeRTOS/list.o
 .debug_aranges
                0x00000000000009c0      0x130 ./ThridParty/FreeRTOS/queue.o
 .debug_aranges
                0x0000000000000af0      0x208 ./ThridParty/FreeRTOS/tasks.o
 .debug_aranges
                0x0000000000000cf8       0xe0 ./ThridParty/FreeRTOS/timers.o
 .debug_aranges
                0x0000000000000dd8       0x88 ./ThridParty/FreeRTOS/portable/GCC/ARM_CM4F/port.o
 .debug_aranges
                0x0000000000000e60       0x58 ./ThridParty/FreeRTOS/portable/MemMang/heap_4.o
 .debug_aranges
                0x0000000000000eb8       0x28 ./ThridParty/SEGGER/Config/SEGGER_SYSVIEW_Config_FreeRTOS.o
 .debug_aranges
                0x0000000000000ee0       0x48 ./ThridParty/SEGGER/OS/SEGGER_SYSVIEW_FreeRTOS.o
 .debug_aranges
                0x0000000000000f28      0x138 ./ThridParty/SEGGER/SEGGER/SEGGER_RTT.o
 .debug_aranges
                0x0000000000001060       0x20 ./ThridParty/SEGGER/SEGGER/SEGGER_RTT_ASM_ARMv7M.o
 .debug_aranges
                0x0000000000001080      0x280 ./ThridParty/SEGGER/SEGGER/SEGGER_SYSVIEW.o

.debug_ranges   0x0000000000000000     0x1188
 .debug_ranges  0x0000000000000000       0x58 ./Core/Src/main.o
 .debug_ranges  0x0000000000000058       0x10 ./Core/Src/stm32f4xx_hal_msp.o
 .debug_ranges  0x0000000000000068       0x20 ./Core/Src/stm32f4xx_hal_timebase_tim.o
 .debug_ranges  0x0000000000000088       0x48 ./Core/Src/stm32f4xx_it.o
 .debug_ranges  0x00000000000000d0       0x18 ./Core/Src/system_stm32f4xx.o
 .debug_ranges  0x00000000000000e8       0x20 ./Core/Startup/startup_stm32f407vgtx.o
 .debug_ranges  0x0000000000000108       0xe0 ./Drivers/STM32F4xx_HAL_Driver/Src/stm32f4xx_hal.o
 .debug_ranges  0x00000000000001e8      0x108 ./Drivers/STM32F4xx_HAL_Driver/Src/stm32f4xx_hal_cortex.o
 .debug_ranges  0x00000000000002f0       0x48 ./Drivers/STM32F4xx_HAL_Driver/Src/stm32f4xx_hal_gpio.o
 .debug_ranges  0x0000000000000338       0x78 ./Drivers/STM32F4xx_HAL_Driver/Src/stm32f4xx_hal_rcc.o
 .debug_ranges  0x00000000000003b0      0x3c0 ./Drivers/STM32F4xx_HAL_Driver/Src/stm32f4xx_hal_tim.o
 .debug_ranges  0x0000000000000770      0x158 ./Drivers/STM32F4xx_HAL_Driver/Src/stm32f4xx_hal_tim_ex.o
 .debug_ranges  0x00000000000008c8       0x30 ./ThridParty/FreeRTOS/list.o
 .debug_ranges  0x00000000000008f8      0x120 ./ThridParty/FreeRTOS/queue.o
 .debug_ranges  0x0000000000000a18      0x1f8 ./ThridParty/FreeRTOS/tasks.o
 .debug_ranges  0x0000000000000c10       0xd0 ./ThridParty/FreeRTOS/timers.o
 .debug_ranges  0x0000000000000ce0       0x78 ./ThridParty/FreeRTOS/portable/GCC/ARM_CM4F/port.o
 .debug_ranges  0x0000000000000d58       0x48 ./ThridParty/FreeRTOS/portable/MemMang/heap_4.o
 .debug_ranges  0x0000000000000da0       0x18 ./ThridParty/SEGGER/Config/SEGGER_SYSVIEW_Config_FreeRTOS.o
 .debug_ranges  0x0000000000000db8       0x38 ./ThridParty/SEGGER/OS/SEGGER_SYSVIEW_FreeRTOS.o
 .debug_ranges  0x0000000000000df0      0x128 ./ThridParty/SEGGER/SEGGER/SEGGER_RTT.o
 .debug_ranges  0x0000000000000f18      0x270 ./ThridParty/SEGGER/SEGGER/SEGGER_SYSVIEW.o

.debug_macro    0x0000000000000000    0x23728
 .debug_macro   0x0000000000000000      0x407 ./Core/Src/main.o
 .debug_macro   0x0000000000000407      0xaa8 ./Core/Src/main.o
 .debug_macro   0x0000000000000eaf      0x295 ./Core/Src/main.o
 .debug_macro   0x0000000000001144       0x2e ./Core/Src/main.o
 .debug_macro   0x0000000000001172       0x2f ./Core/Src/main.o
 .debug_macro   0x00000000000011a1       0x22 ./Core/Src/main.o
 .debug_macro   0x00000000000011c3       0x8e ./Core/Src/main.o
 .debug_macro   0x0000000000001251       0x51 ./Core/Src/main.o
 .debug_macro   0x00000000000012a2      0x103 ./Core/Src/main.o
 .debug_macro   0x00000000000013a5       0x6a ./Core/Src/main.o
 .debug_macro   0x000000000000140f      0x1df ./Core/Src/main.o
 .debug_macro   0x00000000000015ee       0x1c ./Core/Src/main.o
 .debug_macro   0x000000000000160a       0x22 ./Core/Src/main.o
 .debug_macro   0x000000000000162c       0xdf ./Core/Src/main.o
 .debug_macro   0x000000000000170b     0x102d ./Core/Src/main.o
 .debug_macro   0x0000000000002738      0x11f ./Core/Src/main.o
 .debug_macro   0x0000000000002857    0x15e58 ./Core/Src/main.o
 .debug_macro   0x00000000000186af       0x6d ./Core/Src/main.o
 .debug_macro   0x000000000001871c     0x3666 ./Core/Src/main.o
 .debug_macro   0x000000000001bd82      0x174 ./Core/Src/main.o
 .debug_macro   0x000000000001bef6       0x5c ./Core/Src/main.o
 .debug_macro   0x000000000001bf52      0x96b ./Core/Src/main.o
 .debug_macro   0x000000000001c8bd      0x9fe ./Core/Src/main.o
 .debug_macro   0x000000000001d2bb      0x116 ./Core/Src/main.o
 .debug_macro   0x000000000001d3d1      0x13e ./Core/Src/main.o
 .debug_macro   0x000000000001d50f       0xa5 ./Core/Src/main.o
 .debug_macro   0x000000000001d5b4      0x174 ./Core/Src/main.o
 .debug_macro   0x000000000001d728      0x287 ./Core/Src/main.o
 .debug_macro   0x000000000001d9af       0x5f ./Core/Src/main.o
 .debug_macro   0x000000000001da0e      0x236 ./Core/Src/main.o
 .debug_macro   0x000000000001dc44      0x12c ./Core/Src/main.o
 .debug_macro   0x000000000001dd70      0x21e ./Core/Src/main.o
 .debug_macro   0x000000000001df8e       0x2e ./Core/Src/main.o
 .debug_macro   0x000000000001dfbc      0x11a ./Core/Src/main.o
 .debug_macro   0x000000000001e0d6       0x7e ./Core/Src/main.o
 .debug_macro   0x000000000001e154       0x89 ./Core/Src/main.o
 .debug_macro   0x000000000001e1dd      0x8d1 ./Core/Src/main.o
 .debug_macro   0x000000000001eaae       0x47 ./Core/Src/main.o
 .debug_macro   0x000000000001eaf5      0x12d ./Core/Src/main.o
 .debug_macro   0x000000000001ec22       0x16 ./Core/Src/main.o
 .debug_macro   0x000000000001ec38       0x52 ./Core/Src/main.o
 .debug_macro   0x000000000001ec8a       0x18 ./Core/Src/main.o
 .debug_macro   0x000000000001eca2       0x3c ./Core/Src/main.o
 .debug_macro   0x000000000001ecde       0x34 ./Core/Src/main.o
 .debug_macro   0x000000000001ed12       0x16 ./Core/Src/main.o
 .debug_macro   0x000000000001ed28       0x35 ./Core/Src/main.o
 .debug_macro   0x000000000001ed5d      0x333 ./Core/Src/main.o
 .debug_macro   0x000000000001f090       0x10 ./Core/Src/main.o
 .debug_macro   0x000000000001f0a0       0x16 ./Core/Src/main.o
 .debug_macro   0x000000000001f0b6       0x43 ./Core/Src/main.o
 .debug_macro   0x000000000001f0f9       0x34 ./Core/Src/main.o
 .debug_macro   0x000000000001f12d       0x10 ./Core/Src/main.o
 .debug_macro   0x000000000001f13d       0x58 ./Core/Src/main.o
 .debug_macro   0x000000000001f195       0x71 ./Core/Src/main.o
 .debug_macro   0x000000000001f206       0x1c ./Core/Src/main.o
 .debug_macro   0x000000000001f222      0x12a ./Core/Src/main.o
 .debug_macro   0x000000000001f34c       0x10 ./Core/Src/main.o
 .debug_macro   0x000000000001f35c       0x1c ./Core/Src/main.o
 .debug_macro   0x000000000001f378       0x52 ./Core/Src/main.o
 .debug_macro   0x000000000001f3ca       0x22 ./Core/Src/main.o
 .debug_macro   0x000000000001f3ec       0x10 ./Core/Src/main.o
 .debug_macro   0x000000000001f3fc       0x40 ./Core/Src/main.o
 .debug_macro   0x000000000001f43c       0xd5 ./Core/Src/main.o
 .debug_macro   0x000000000001f511       0x1c ./Core/Src/main.o
 .debug_macro   0x000000000001f52d       0x3d ./Core/Src/main.o
 .debug_macro   0x000000000001f56a       0x16 ./Core/Src/main.o
 .debug_macro   0x000000000001f580      0x145 ./Core/Src/main.o
 .debug_macro   0x000000000001f6c5      0x112 ./Core/Src/main.o
 .debug_macro   0x000000000001f7d7       0x4c ./Core/Src/main.o
 .debug_macro   0x000000000001f823       0x46 ./Core/Src/main.o
 .debug_macro   0x000000000001f869       0x64 ./Core/Src/main.o
 .debug_macro   0x000000000001f8cd       0x49 ./Core/Src/main.o
 .debug_macro   0x000000000001f916       0xd1 ./Core/Src/main.o
 .debug_macro   0x000000000001f9e7      0x204 ./Core/Src/main.o
 .debug_macro   0x000000000001fbeb      0x451 ./Core/Src/main.o
 .debug_macro   0x000000000002003c      0x15a ./Core/Src/main.o
 .debug_macro   0x0000000000020196       0xea ./Core/Src/main.o
 .debug_macro   0x0000000000020280       0x28 ./Core/Src/main.o
 .debug_macro   0x00000000000202a8       0x1f ./Core/Src/main.o
 .debug_macro   0x00000000000202c7       0x12 ./Core/Src/main.o
 .debug_macro   0x00000000000202d9      0x3de ./Core/Src/main.o
 .debug_macro   0x00000000000206b7       0xc3 ./Core/Src/main.o
 .debug_macro   0x000000000002077a      0x120 ./Core/Src/main.o
 .debug_macro   0x000000000002089a      0x28a ./Core/Src/stm32f4xx_hal_msp.o
 .debug_macro   0x0000000000020b24       0x58 ./Core/Src/stm32f4xx_hal_msp.o
 .debug_macro   0x0000000000020b7c      0x1c4 ./Core/Src/stm32f4xx_hal_timebase_tim.o
 .debug_macro   0x0000000000020d40      0x1dd ./Core/Src/stm32f4xx_it.o
 .debug_macro   0x0000000000020f1d      0x1c4 ./Core/Src/system_stm32f4xx.o
 .debug_macro   0x00000000000210e1      0x224 ./Drivers/STM32F4xx_HAL_Driver/Src/stm32f4xx_hal.o
 .debug_macro   0x0000000000021305      0x1c4 ./Drivers/STM32F4xx_HAL_Driver/Src/stm32f4xx_hal_cortex.o
 .debug_macro   0x00000000000214c9      0x1ca ./Drivers/STM32F4xx_HAL_Driver/Src/stm32f4xx_hal_gpio.o
 .debug_macro   0x0000000000021693      0x1e8 ./Drivers/STM32F4xx_HAL_Driver/Src/stm32f4xx_hal_rcc.o
 .debug_macro   0x000000000002187b      0x1c5 ./Drivers/STM32F4xx_HAL_Driver/Src/stm32f4xx_hal_tim.o
 .debug_macro   0x0000000000021a40      0x1c4 ./Drivers/STM32F4xx_HAL_Driver/Src/stm32f4xx_hal_tim_ex.o
 .debug_macro   0x0000000000021c04      0x1fa ./ThridParty/FreeRTOS/list.o
 .debug_macro   0x0000000000021dfe      0x283 ./ThridParty/FreeRTOS/queue.o
 .debug_macro   0x0000000000022081       0x16 ./ThridParty/FreeRTOS/queue.o
 .debug_macro   0x0000000000022097       0x20 ./ThridParty/FreeRTOS/queue.o
 .debug_macro   0x00000000000220b7       0x80 ./ThridParty/FreeRTOS/queue.o
 .debug_macro   0x0000000000022137      0x2e0 ./ThridParty/FreeRTOS/tasks.o
 .debug_macro   0x0000000000022417       0x17 ./ThridParty/FreeRTOS/tasks.o
 .debug_macro   0x000000000002242e      0x249 ./ThridParty/FreeRTOS/timers.o
 .debug_macro   0x0000000000022677       0x97 ./ThridParty/FreeRTOS/timers.o
 .debug_macro   0x000000000002270e      0x1fd ./ThridParty/FreeRTOS/portable/GCC/ARM_CM4F/port.o
 .debug_macro   0x000000000002290b      0x215 ./ThridParty/FreeRTOS/portable/MemMang/heap_4.o
 .debug_macro   0x0000000000022b20      0x13d ./ThridParty/SEGGER/Config/SEGGER_SYSVIEW_Config_FreeRTOS.o
 .debug_macro   0x0000000000022c5d      0x209 ./ThridParty/SEGGER/OS/SEGGER_SYSVIEW_FreeRTOS.o
 .debug_macro   0x0000000000022e66      0x1bd ./ThridParty/SEGGER/SEGGER/SEGGER_RTT.o
 .debug_macro   0x0000000000023023       0x35 ./ThridParty/SEGGER/SEGGER/SEGGER_RTT.o
 .debug_macro   0x0000000000023058      0x138 ./ThridParty/SEGGER/SEGGER/SEGGER_RTT.o
 .debug_macro   0x0000000000023190      0x22b ./ThridParty/SEGGER/SEGGER/SEGGER_SYSVIEW.o
 .debug_macro   0x00000000000233bb      0x204 ./ThridParty/SEGGER/SEGGER/SEGGER_SYSVIEW.o
 .debug_macro   0x00000000000235bf      0x169 ./ThridParty/SEGGER/SEGGER/SEGGER_SYSVIEW.o

.debug_line     0x0000000000000000    0x156d0
 .debug_line    0x0000000000000000      0xe38 ./Core/Src/main.o
 .debug_line    0x0000000000000e38      0xa37 ./Core/Src/stm32f4xx_hal_msp.o
 .debug_line    0x000000000000186f      0x70b ./Core/Src/stm32f4xx_hal_timebase_tim.o
 .debug_line    0x0000000000001f7a      0x764 ./Core/Src/stm32f4xx_it.o
 .debug_line    0x00000000000026de      0x730 ./Core/Src/system_stm32f4xx.o
 .debug_line    0x0000000000002e0e       0x88 ./Core/Startup/startup_stm32f407vgtx.o
 .debug_line    0x0000000000002e96      0x996 ./Drivers/STM32F4xx_HAL_Driver/Src/stm32f4xx_hal.o
 .debug_line    0x000000000000382c      0xc45 ./Drivers/STM32F4xx_HAL_Driver/Src/stm32f4xx_hal_cortex.o
 .debug_line    0x0000000000004471      0xb0c ./Drivers/STM32F4xx_HAL_Driver/Src/stm32f4xx_hal_gpio.o
 .debug_line    0x0000000000004f7d      0xd10 ./Drivers/STM32F4xx_HAL_Driver/Src/stm32f4xx_hal_rcc.o
 .debug_line    0x0000000000005c8d     0x368a ./Drivers/STM32F4xx_HAL_Driver/Src/stm32f4xx_hal_tim.o
 .debug_line    0x0000000000009317     0x1993 ./Drivers/STM32F4xx_HAL_Driver/Src/stm32f4xx_hal_tim_ex.o
 .debug_line    0x000000000000acaa      0x988 ./ThridParty/FreeRTOS/list.o
 .debug_line    0x000000000000b632     0x18e3 ./ThridParty/FreeRTOS/queue.o
 .debug_line    0x000000000000cf15     0x209a ./ThridParty/FreeRTOS/tasks.o
 .debug_line    0x000000000000efaf      0xe91 ./ThridParty/FreeRTOS/timers.o
 .debug_line    0x000000000000fe40      0xb06 ./ThridParty/FreeRTOS/portable/GCC/ARM_CM4F/port.o
 .debug_line    0x0000000000010946      0xbd3 ./ThridParty/FreeRTOS/portable/MemMang/heap_4.o
 .debug_line    0x0000000000011519      0x762 ./ThridParty/SEGGER/Config/SEGGER_SYSVIEW_Config_FreeRTOS.o
 .debug_line    0x0000000000011c7b      0xa72 ./ThridParty/SEGGER/OS/SEGGER_SYSVIEW_FreeRTOS.o
 .debug_line    0x00000000000126ed      0xe8c ./ThridParty/SEGGER/SEGGER/SEGGER_RTT.o
 .debug_line    0x0000000000013579       0xa0 ./ThridParty/SEGGER/SEGGER/SEGGER_RTT_ASM_ARMv7M.o
 .debug_line    0x0000000000013619     0x20b7 ./ThridParty/SEGGER/SEGGER/SEGGER_SYSVIEW.o

.debug_str      0x0000000000000000    0xd7727
 .debug_str     0x0000000000000000    0xcedfa ./Core/Src/main.o
                                      0xcf229 (size before relaxing)
 .debug_str     0x00000000000cedfa       0x2c ./Core/Src/stm32f4xx_hal_msp.o
                                      0xc8b8a (size before relaxing)
 .debug_str     0x00000000000cee26      0x57b ./Core/Src/stm32f4xx_hal_timebase_tim.o
                                      0xc2482 (size before relaxing)
 .debug_str     0x00000000000cf3a1       0xb7 ./Core/Src/stm32f4xx_it.o
                                      0xc1e85 (size before relaxing)
 .debug_str     0x00000000000cf458       0xaf ./Core/Src/system_stm32f4xx.o
                                      0xc19f5 (size before relaxing)
 .debug_str     0x00000000000cf507       0x80 ./Core/Startup/startup_stm32f407vgtx.o
 .debug_str     0x00000000000cf587      0x542 ./Drivers/STM32F4xx_HAL_Driver/Src/stm32f4xx_hal.o
                                      0xc24d7 (size before relaxing)
 .debug_str     0x00000000000cfac9      0x392 ./Drivers/STM32F4xx_HAL_Driver/Src/stm32f4xx_hal_cortex.o
                                      0xc22c6 (size before relaxing)
 .debug_str     0x00000000000cfe5b      0x15f ./Drivers/STM32F4xx_HAL_Driver/Src/stm32f4xx_hal_gpio.o
                                      0xc1b9c (size before relaxing)
 .debug_str     0x00000000000cffba      0x24f ./Drivers/STM32F4xx_HAL_Driver/Src/stm32f4xx_hal_rcc.o
                                      0xc1df7 (size before relaxing)
 .debug_str     0x00000000000d0209      0xe4d ./Drivers/STM32F4xx_HAL_Driver/Src/stm32f4xx_hal_tim.o
                                      0xc2d24 (size before relaxing)
 .debug_str     0x00000000000d1056      0x538 ./Drivers/STM32F4xx_HAL_Driver/Src/stm32f4xx_hal_tim_ex.o
                                      0xc24d5 (size before relaxing)
 .debug_str     0x00000000000d158e      0x28e ./ThridParty/FreeRTOS/list.o
                                       0xf103 (size before relaxing)
 .debug_str     0x00000000000d181c     0x1057 ./ThridParty/FreeRTOS/queue.o
                                      0x113da (size before relaxing)
 .debug_str     0x00000000000d2873     0x1be8 ./ThridParty/FreeRTOS/tasks.o
                                      0x1213f (size before relaxing)
 .debug_str     0x00000000000d445b      0x55b ./ThridParty/FreeRTOS/timers.o
                                      0x117e9 (size before relaxing)
 .debug_str     0x00000000000d49b6      0x7fb ./ThridParty/FreeRTOS/portable/GCC/ARM_CM4F/port.o
                                       0xd7d5 (size before relaxing)
 .debug_str     0x00000000000d51b1      0x310 ./ThridParty/FreeRTOS/portable/MemMang/heap_4.o
                                      0x1057d (size before relaxing)
 .debug_str     0x00000000000d54c1      0x16e ./ThridParty/SEGGER/Config/SEGGER_SYSVIEW_Config_FreeRTOS.o
                                       0xb333 (size before relaxing)
 .debug_str     0x00000000000d562f       0xf5 ./ThridParty/SEGGER/OS/SEGGER_SYSVIEW_FreeRTOS.o
                                      0x102dc (size before relaxing)
 .debug_str     0x00000000000d5724     0x1057 ./ThridParty/SEGGER/SEGGER/SEGGER_RTT.o
                                       0x7c6f (size before relaxing)
 .debug_str     0x00000000000d677b       0x34 ./ThridParty/SEGGER/SEGGER/SEGGER_RTT_ASM_ARMv7M.o
                                         0x94 (size before relaxing)
 .debug_str     0x00000000000d67af      0xf78 ./ThridParty/SEGGER/SEGGER/SEGGER_SYSVIEW.o
                                       0x9c80 (size before relaxing)

.comment        0x0000000000000000       0x53
 .comment       0x0000000000000000       0x53 ./Core/Src/main.o
                                         0x54 (size before relaxing)
 .comment       0x0000000000000053       0x54 ./Core/Src/stm32f4xx_hal_msp.o
 .comment       0x0000000000000053       0x54 ./Core/Src/stm32f4xx_hal_timebase_tim.o
 .comment       0x0000000000000053       0x54 ./Core/Src/stm32f4xx_it.o
 .comment       0x0000000000000053       0x54 ./Core/Src/system_stm32f4xx.o
 .comment       0x0000000000000053       0x54 ./Drivers/STM32F4xx_HAL_Driver/Src/stm32f4xx_hal.o
 .comment       0x0000000000000053       0x54 ./Drivers/STM32F4xx_HAL_Driver/Src/stm32f4xx_hal_cortex.o
 .comment       0x0000000000000053       0x54 ./Drivers/STM32F4xx_HAL_Driver/Src/stm32f4xx_hal_gpio.o
 .comment       0x0000000000000053       0x54 ./Drivers/STM32F4xx_HAL_Driver/Src/stm32f4xx_hal_rcc.o
 .comment       0x0000000000000053       0x54 ./Drivers/STM32F4xx_HAL_Driver/Src/stm32f4xx_hal_tim.o
 .comment       0x0000000000000053       0x54 ./Drivers/STM32F4xx_HAL_Driver/Src/stm32f4xx_hal_tim_ex.o
 .comment       0x0000000000000053       0x54 ./ThridParty/FreeRTOS/list.o
 .comment       0x0000000000000053       0x54 ./ThridParty/FreeRTOS/queue.o
 .comment       0x0000000000000053       0x54 ./ThridParty/FreeRTOS/tasks.o
 .comment       0x0000000000000053       0x54 ./ThridParty/FreeRTOS/timers.o
 .comment       0x0000000000000053       0x54 ./ThridParty/FreeRTOS/portable/GCC/ARM_CM4F/port.o
 .comment       0x0000000000000053       0x54 ./ThridParty/FreeRTOS/portable/MemMang/heap_4.o
 .comment       0x0000000000000053       0x54 ./ThridParty/SEGGER/Config/SEGGER_SYSVIEW_Config_FreeRTOS.o
 .comment       0x0000000000000053       0x54 ./ThridParty/SEGGER/OS/SEGGER_SYSVIEW_FreeRTOS.o
 .comment       0x0000000000000053       0x54 ./ThridParty/SEGGER/SEGGER/SEGGER_RTT.o
 .comment       0x0000000000000053       0x54 ./ThridParty/SEGGER/SEGGER/SEGGER_SYSVIEW.o

.debug_frame    0x0000000000000000     0x4f6c
 .debug_frame   0x0000000000000000      0x158 ./Core/Src/main.o
 .debug_frame   0x0000000000000158       0x34 ./Core/Src/stm32f4xx_hal_msp.o
 .debug_frame   0x000000000000018c       0x74 ./Core/Src/stm32f4xx_hal_timebase_tim.o
 .debug_frame   0x0000000000000200       0xe0 ./Core/Src/stm32f4xx_it.o
 .debug_frame   0x00000000000002e0       0x58 ./Core/Src/system_stm32f4xx.o
 .debug_frame   0x0000000000000338      0x374 ./Drivers/STM32F4xx_HAL_Driver/Src/stm32f4xx_hal.o
 .debug_frame   0x00000000000006ac      0x498 ./Drivers/STM32F4xx_HAL_Driver/Src/stm32f4xx_hal_cortex.o
 .debug_frame   0x0000000000000b44      0x14c ./Drivers/STM32F4xx_HAL_Driver/Src/stm32f4xx_hal_gpio.o
 .debug_frame   0x0000000000000c90      0x1ec ./Drivers/STM32F4xx_HAL_Driver/Src/stm32f4xx_hal_rcc.o
 .debug_frame   0x0000000000000e7c     0x11c4 ./Drivers/STM32F4xx_HAL_Driver/Src/stm32f4xx_hal_tim.o
 .debug_frame   0x0000000000002040      0x638 ./Drivers/STM32F4xx_HAL_Driver/Src/stm32f4xx_hal_tim_ex.o
 .debug_frame   0x0000000000002678       0xd8 ./ThridParty/FreeRTOS/list.o
 .debug_frame   0x0000000000002750      0x544 ./ThridParty/FreeRTOS/queue.o
 .debug_frame   0x0000000000002c94      0x900 ./ThridParty/FreeRTOS/tasks.o
 .debug_frame   0x0000000000003594      0x3a4 ./ThridParty/FreeRTOS/timers.o
 .debug_frame   0x0000000000003938      0x1d0 ./ThridParty/FreeRTOS/portable/GCC/ARM_CM4F/port.o
 .debug_frame   0x0000000000003b08      0x12c ./ThridParty/FreeRTOS/portable/MemMang/heap_4.o
 .debug_frame   0x0000000000003c34       0x48 ./ThridParty/SEGGER/Config/SEGGER_SYSVIEW_Config_FreeRTOS.o
 .debug_frame   0x0000000000003c7c       0xfc ./ThridParty/SEGGER/OS/SEGGER_SYSVIEW_FreeRTOS.o
 .debug_frame   0x0000000000003d78      0x52c ./ThridParty/SEGGER/SEGGER/SEGGER_RTT.o
 .debug_frame   0x00000000000042a4      0xbc8 ./ThridParty/SEGGER/SEGGER/SEGGER_SYSVIEW.o
 .debug_frame   0x0000000000004e6c       0x2c c:/st/stm32cubeide_1.8.0/stm32cubeide/plugins/com.st.stm32cube.ide.mcu.externaltools.gnu-tools-for-stm32.9-2020-q2-update.win32_2.0.0.202105311346/tools/bin/../lib/gcc/arm-none-eabi/9.3.1/../../../../arm-none-eabi/lib/thumb/v7e-m+fp/hard\libc_nano.a(lib_a-init.o)
 .debug_frame   0x0000000000004e98       0x2c c:/st/stm32cubeide_1.8.0/stm32cubeide/plugins/com.st.stm32cube.ide.mcu.externaltools.gnu-tools-for-stm32.9-2020-q2-update.win32_2.0.0.202105311346/tools/bin/../lib/gcc/arm-none-eabi/9.3.1/../../../../arm-none-eabi/lib/thumb/v7e-m+fp/hard\libc_nano.a(lib_a-memcmp.o)