Archive member included to satisfy reference by file (symbol)

c:/st/stm32cubeide_1.8.0/stm32cubeide/plugins/com.st.stm32cube.ide.mcu.externaltools.gnu-tools-for-stm32.9-2020-q2-update.win32_2.0.0.202105311346/tools/bin/../lib/gcc/arm-none-eabi/9.3.1/../../../../arm-none-eabi/lib/thumb/v7e-m+fp/hard\libc_nano.a(lib_a-errno.o)
                              ./Core/Src/syscalls.o (__errno)
c:/st/stm32cubeide_1.8.0/stm32cubeide/plugins/com.st.stm32cube.ide.mcu.externaltools.gnu-tools-for-stm32.9-2020-q2-update.win32_2.0.0.202105311346/tools/bin/../lib/gcc/arm-none-eabi/9.3.1/../../../../arm-none-eabi/lib/thumb/v7e-m+fp/hard\libc_nano.a(lib_a-exit.o)
                              c:/st/stm32cubeide_1.8.0/stm32cubeide/plugins/com.st.stm32cube.ide.mcu.externaltools.gnu-tools-for-stm32.9-2020-q2-update.win32_2.0.0.202105311346/tools/bin/../lib/gcc/arm-none-eabi/9.3.1/../../../../arm-none-eabi/lib/thumb/v7e-m+fp/hard/crt0.o (exit)
c:/st/stm32cubeide_1.8.0/stm32cubeide/plugins/com.st.stm32cube.ide.mcu.externaltools.gnu-tools-for-stm32.9-2020-q2-update.win32_2.0.0.202105311346/tools/bin/../lib/gcc/arm-none-eabi/9.3.1/../../../../arm-none-eabi/lib/thumb/v7e-m+fp/hard\libc_nano.a(lib_a-impure.o)
                              c:/st/stm32cubeide_1.8.0/stm32cubeide/plugins/com.st.stm32cube.ide.mcu.externaltools.gnu-tools-for-stm32.9-2020-q2-update.win32_2.0.0.202105311346/tools/bin/../lib/gcc/arm-none-eabi/9.3.1/../../../../arm-none-eabi/lib/thumb/v7e-m+fp/hard\libc_nano.a(lib_a-exit.o) (_global_impure_ptr)
c:/st/stm32cubeide_1.8.0/stm32cubeide/plugins/com.st.stm32cube.ide.mcu.externaltools.gnu-tools-for-stm32.9-2020-q2-update.win32_2.0.0.202105311346/tools/bin/../lib/gcc/arm-none-eabi/9.3.1/../../../../arm-none-eabi/lib/thumb/v7e-m+fp/hard\libc_nano.a(lib_a-init.o)
                              c:/st/stm32cubeide_1.8.0/stm32cubeide/plugins/com.st.stm32cube.ide.mcu.externaltools.gnu-tools-for-stm32.9-2020-q2-update.win32_2.0.0.202105311346/tools/bin/../lib/gcc/arm-none-eabi/9.3.1/../../../../arm-none-eabi/lib/thumb/v7e-m+fp/hard/crt0.o (__libc_init_array)
c:/st/stm32cubeide_1.8.0/stm32cubeide/plugins/com.st.stm32cube.ide.mcu.externaltools.gnu-tools-for-stm32.9-2020-q2-update.win32_2.0.0.202105311346/tools/bin/../lib/gcc/arm-none-eabi/9.3.1/../../../../arm-none-eabi/lib/thumb/v7e-m+fp/hard\libc_nano.a(lib_a-memcpy-stub.o)
                              ./ThridParty/FreeRTOS/queue.o (memcpy)
c:/st/stm32cubeide_1.8.0/stm32cubeide/plugins/com.st.stm32cube.ide.mcu.externaltools.gnu-tools-for-stm32.9-2020-q2-update.win32_2.0.0.202105311346/tools/bin/../lib/gcc/arm-none-eabi/9.3.1/../../../../arm-none-eabi/lib/thumb/v7e-m+fp/hard\libc_nano.a(lib_a-memset.o)
                              c:/st/stm32cubeide_1.8.0/stm32cubeide/plugins/com.st.stm32cube.ide.mcu.externaltools.gnu-tools-for-stm32.9-2020-q2-update.win32_2.0.0.202105311346/tools/bin/../lib/gcc/arm-none-eabi/9.3.1/../../../../arm-none-eabi/lib/thumb/v7e-m+fp/hard/crt0.o (memset)
c:/st/stm32cubeide_1.8.0/stm32cubeide/plugins/com.st.stm32cube.ide.mcu.externaltools.gnu-tools-for-stm32.9-2020-q2-update.win32_2.0.0.202105311346/tools/bin/../lib/gcc/arm-none-eabi/9.3.1/../../../../arm-none-eabi/lib/thumb/v7e-m+fp/hard\libc_nano.a(lib_a-puts.o)
                              ./Core/Src/main.o (puts)
c:/st/stm32cubeide_1.8.0/stm32cubeide/plugins/com.st.stm32cube.ide.mcu.externaltools.gnu-tools-for-stm32.9-2020-q2-update.win32_2.0.0.202105311346/tools/bin/../lib/gcc/arm-none-eabi/9.3.1/../../../../arm-none-eabi/lib/thumb/v7e-m+fp/hard\libc_nano.a(lib_a-wbuf.o)
                              c:/st/stm32cubeide_1.8.0/stm32cubeide/plugins/com.st.stm32cube.ide.mcu.externaltools.gnu-tools-for-stm32.9-2020-q2-update.win32_2.0.0.202105311346/tools/bin/../lib/gcc/arm-none-eabi/9.3.1/../../../../arm-none-eabi/lib/thumb/v7e-m+fp/hard\libc_nano.a(lib_a-puts.o) (__swbuf_r)
c:/st/stm32cubeide_1.8.0/stm32cubeide/plugins/com.st.stm32cube.ide.mcu.externaltools.gnu-tools-for-stm32.9-2020-q2-update.win32_2.0.0.202105311346/tools/bin/../lib/gcc/arm-none-eabi/9.3.1/../../../../arm-none-eabi/lib/thumb/v7e-m+fp/hard\libc_nano.a(lib_a-wsetup.o)
                              c:/st/stm32cubeide_1.8.0/stm32cubeide/plugins/com.st.stm32cube.ide.mcu.externaltools.gnu-tools-for-stm32.9-2020-q2-update.win32_2.0.0.202105311346/tools/bin/../lib/gcc/arm-none-eabi/9.3.1/../../../../arm-none-eabi/lib/thumb/v7e-m+fp/hard\libc_nano.a(lib_a-puts.o) (__swsetup_r)
c:/st/stm32cubeide_1.8.0/stm32cubeide/plugins/com.st.stm32cube.ide.mcu.externaltools.gnu-tools-for-stm32.9-2020-q2-update.win32_2.0.0.202105311346/tools/bin/../lib/gcc/arm-none-eabi/9.3.1/../../../../arm-none-eabi/lib/thumb/v7e-m+fp/hard\libc_nano.a(lib_a-fflush.o)
[...]
Memory Configuration

Name             Origin             Length             Attributes
RAM              0x0000000020000000 0x0000000000018000 xrw
FLASH            0x0000000008000000 0x0000000000080000 xr
*default*        0x0000000000000000 0xffffffffffffffff

Linker script and memory map

LOAD c:/st/stm32cubeide_1.8.0/stm32cubeide/plugins/com.st.stm32cube.ide.mcu.externaltools.gnu-tools-for-stm32.9-2020-q2-update.win32_2.0.0.202105311346/tools/bin/../lib/gcc/arm-none-eabi/9.3.1/thumb/v7e-m+fp/hard/crti.o
LOAD c:/st/stm32cubeide_1.8.0/stm32cubeide/plugins/com.st.stm32cube.ide.mcu.externaltools.gnu-tools-for-stm32.9-2020-q2-update.win32_2.0.0.202105311346/tools/bin/../lib/gcc/arm-none-eabi/9.3.1/thumb/v7e-m+fp/hard/crtbegin.o
LOAD c:/st/stm32cubeide_1.8.0/stm32cubeide/plugins/com.st.stm32cube.ide.mcu.externaltools.gnu-tools-for-stm32.9-2020-q2-update.win32_2.0.0.202105311346/tools/bin/../lib/gcc/arm-none-eabi/9.3.1/../../../../arm-none-eabi/lib/thumb/v7e-m+fp/hard/crt0.o
LOAD ./Core/Src/main.o
LOAD ./Core/Src/stm32f4xx_hal_msp.o
LOAD ./Core/Src/stm32f4xx_hal_timebase_tim.o
LOAD ./Core/Src/stm32f4xx_it.o
LOAD ./Core/Src/syscalls.o
LOAD ./Core/Src/system_stm32f4xx.o
LOAD ./Core/Startup/startup_stm32f401vetx.o
LOAD ./Drivers/STM32F4xx_HAL_Driver/Src/stm32f4xx_hal.o
LOAD ./Drivers/STM32F4xx_HAL_Driver/Src/stm32f4xx_hal_cortex.o
LOAD ./Drivers/STM32F4xx_HAL_Driver/Src/stm32f4xx_hal_dma.o
LOAD ./Drivers/STM32F4xx_HAL_Driver/Src/stm32f4xx_hal_dma_ex.o
LOAD ./Drivers/STM32F4xx_HAL_Driver/Src/stm32f4xx_hal_exti.o
LOAD ./Drivers/STM32F4xx_HAL_Driver/Src/stm32f4xx_hal_flash.o
LOAD ./Drivers/STM32F4xx_HAL_Driver/Src/stm32f4xx_hal_flash_ex.o
LOAD ./Drivers/STM32F4xx_HAL_Driver/Src/stm32f4xx_hal_flash_ramfunc.o
LOAD ./Drivers/STM32F4xx_HAL_Driver/Src/stm32f4xx_hal_gpio.o
LOAD ./Drivers/STM32F4xx_HAL_Driver/Src/stm32f4xx_hal_pwr.o
LOAD ./Drivers/STM32F4xx_HAL_Driver/Src/stm32f4xx_hal_pwr_ex.o
LOAD ./Drivers/STM32F4xx_HAL_Driver/Src/stm32f4xx_hal_rcc.o
LOAD ./Drivers/STM32F4xx_HAL_Driver/Src/stm32f4xx_hal_rcc_ex.o
LOAD ./Drivers/STM32F4xx_HAL_Driver/Src/stm32f4xx_hal_tim.o
LOAD ./Drivers/STM32F4xx_HAL_Driver/Src/stm32f4xx_hal_tim_ex.o
LOAD ./ThridParty/FreeRTOS/croutine.o
LOAD ./ThridParty/FreeRTOS/event_groups.o
LOAD ./ThridParty/FreeRTOS/list.o
LOAD ./ThridParty/FreeRTOS/queue.o
LOAD ./ThridParty/FreeRTOS/stream_buffer.o
LOAD ./ThridParty/FreeRTOS/tasks.o
LOAD ./ThridParty/FreeRTOS/timers.o
LOAD ./ThridParty/FreeRTOS/portable/GCC/ARM_CM4F/port.o
LOAD ./ThridParty/FreeRTOS/portable/MemMang/heap_4.o
START GROUP
LOAD c:/st/stm32cubeide_1.8.0/stm32cubeide/plugins/com.st.stm32cube.ide.mcu.externaltools.gnu-tools-for-stm32.9-2020-q2-update.win32_2.0.0.202105311346/tools/bin/../lib/gcc/arm-none-eabi/9.3.1/../../../../arm-none-eabi/lib/thumb/v7e-m+fp/hard\libc_nano.a
LOAD c:/st/stm32cubeide_1.8.0/stm32cubeide/plugins/com.st.stm32cube.ide.mcu.externaltools.gnu-tools-for-stm32.9-2020-q2-update.win32_2.0.0.202105311346/tools/bin/../lib/gcc/arm-none-eabi/9.3.1/../../../../arm-none-eabi/lib/thumb/v7e-m+fp/hard\libm.a
END GROUP
START GROUP
LOAD c:/st/stm32cubeide_1.8.0/stm32cubeide/plugins/com.st.stm32cube.ide.mcu.externaltools.gnu-tools-for-stm32.9-2020-q2-update.win32_2.0.0.202105311346/tools/bin/../lib/gcc/arm-none-eabi/9.3.1/thumb/v7e-m+fp/hard\libgcc.a
LOAD c:/st/stm32cubeide_1.8.0/stm32cubeide/plugins/com.st.stm32cube.ide.mcu.externaltools.gnu-tools-for-stm32.9-2020-q2-update.win32_2.0.0.202105311346/tools/bin/../lib/gcc/arm-none-eabi/9.3.1/../../../../arm-none-eabi/lib/thumb/v7e-m+fp/hard\libc_nano.a
END GROUP
START GROUP
LOAD c:/st/stm32cubeide_1.8.0/stm32cubeide/plugins/com.st.stm32cube.ide.mcu.externaltools.gnu-tools-for-stm32.9-2020-q2-update.win32_2.0.0.202105311346/tools/bin/../lib/gcc/arm-none-eabi/9.3.1/thumb/v7e-m+fp/hard\libgcc.a
LOAD c:/st/stm32cubeide_1.8.0/stm32cubeide/plugins/com.st.stm32cube.ide.mcu.externaltools.gnu-tools-for-stm32.9-2020-q2-update.win32_2.0.0.202105311346/tools/bin/../lib/gcc/arm-none-eabi/9.3.1/../../../../arm-none-eabi/lib/thumb/v7e-m+fp/hard\libc_nano.a
LOAD c:/st/stm32cubeide_1.8.0/stm32cubeide/plugins/com.st.stm32cube.ide.mcu.externaltools.gnu-tools-for-stm32.9-2020-q2-update.win32_2.0.0.202105311346/tools/bin/../lib/gcc/arm-none-eabi/9.3.1/../../../../arm-none-eabi/lib/thumb/v7e-m+fp/hard\libnosys.a
END GROUP
START GROUP
LOAD c:/st/stm32cubeide_1.8.0/stm32cubeide/plugins/com.st.stm32cube.ide.mcu.externaltools.gnu-tools-for-stm32.9-2020-q2-update.win32_2.0.0.202105311346/tools/bin/../lib/gcc/arm-none-eabi/9.3.1/thumb/v7e-m+fp/hard\libgcc.a
LOAD c:/st/stm32cubeide_1.8.0/stm32cubeide/plugins/com.st.stm32cube.ide.mcu.externaltools.gnu-tools-for-stm32.9-2020-q2-update.win32_2.0.0.202105311346/tools/bin/../lib/gcc/arm-none-eabi/9.3.1/../../../../arm-none-eabi/lib/thumb/v7e-m+fp/hard\libc_nano.a
LOAD c:/st/stm32cubeide_1.8.0/stm32cubeide/plugins/com.st.stm32cube.ide.mcu.externaltools.gnu-tools-for-stm32.9-2020-q2-update.win32_2.0.0.202105311346/tools/bin/../lib/gcc/arm-none-eabi/9.3.1/../../../../arm-none-eabi/lib/thumb/v7e-m+fp/hard\libnosys.a
END GROUP
LOAD c:/st/stm32cubeide_1.8.0/stm32cubeide/plugins/com.st.stm32cube.ide.mcu.externaltools.gnu-tools-for-stm32.9-2020-q2-update.win32_2.0.0.202105311346/tools/bin/../lib/gcc/arm-none-eabi/9.3.1/thumb/v7e-m+fp/hard/crtend.o
LOAD c:/st/stm32cubeide_1.8.0/stm32cubeide/plugins/com.st.stm32cube.ide.mcu.externaltools.gnu-tools-for-stm32.9-2020-q2-update.win32_2.0.0.202105311346/tools/bin/../lib/gcc/arm-none-eabi/9.3.1/thumb/v7e-m+fp/hard/crtn.o
                0x0000000020018000                _estack = (ORIGIN (RAM) + LENGTH (RAM))
                0x0000000000000200                _Min_Heap_Size = 0x200
                0x0000000000000400                _Min_Stack_Size = 0x400

.isr_vector     0x0000000008000000      0x194
                0x0000000008000000                . = ALIGN (0x4)
 *(.isr_vector)
 .isr_vector    0x0000000008000000      0x194 ./Core/Startup/startup_stm32f401vetx.o
                0x0000000008000000                g_pfnVectors
                0x0000000008000194                . = ALIGN (0x4)

.text           0x00000000080001a0     0x44cc
                0x00000000080001a0                . = ALIGN (0x4)
 *(.text)
 .text          0x00000000080001a0       0x40 c:/st/stm32cubeide_1.8.0/stm32cubeide/plugins/com.st.stm32cube.ide.mcu.externaltools.gnu-tools-for-stm32.9-2020-q2-update.win32_2.0.0.202105311346/tools/bin/../lib/gcc/arm-none-eabi/9.3.1/thumb/v7e-m+fp/hard/crtbegin.o
 .text          0x00000000080001e0       0x30 c:/st/stm32cubeide_1.8.0/stm32cubeide/plugins/com.st.stm32cube.ide.mcu.externaltools.gnu-tools-for-stm32.9-2020-q2-update.win32_2.0.0.202105311346/tools/bin/../lib/gcc/arm-none-eabi/9.3.1/thumb/v7e-m+fp/hard\libgcc.a(_aeabi_uldivmod.o)
                0x00000000080001e0                __aeabi_uldivmod
 .text          0x0000000008000210      0x2c4 c:/st/stm32cubeide_1.8.0/stm32cubeide/plugins/com.st.stm32cube.ide.mcu.externaltools.gnu-tools-for-stm32.9-2020-q2-update.win32_2.0.0.202105311346/tools/bin/../lib/gcc/arm-none-eabi/9.3.1/thumb/v7e-m+fp/hard\libgcc.a(_udivmoddi4.o)
                0x0000000008000210                __udivmoddi4
 .text          0x00000000080004d4        0x4 c:/st/stm32cubeide_1.8.0/stm32cubeide/plugins/com.st.stm32cube.ide.mcu.externaltools.gnu-tools-for-stm32.9-2020-q2-update.win32_2.0.0.202105311346/tools/bin/../lib/gcc/arm-none-eabi/9.3.1/thumb/v7e-m+fp/hard\libgcc.a(_dvmd_tls.o)
                0x00000000080004d4                __aeabi_idiv0
                0x00000000080004d4                __aeabi_ldiv0
 *(.text*)
 .text.main     0x00000000080004d8       0x94 ./Core/Src/main.o
                0x00000000080004d8                main
 .text.SystemClock_Config
                0x000000000800056c       0xc0 ./Core/Src/main.o
                0x000000000800056c                SystemClock_Config
 .text.task1_handler
                0x000000000800062c       0x10 ./Core/Src/main.o
 .text.task2_handler
                0x000000000800063c       0x10 ./Core/Src/main.o
 .text.HAL_TIM_PeriodElapsedCallback
                0x000000000800064c       0x24 ./Core/Src/main.o
                0x000000000800064c                HAL_TIM_PeriodElapsedCallback
 .text.Error_Handler
                0x0000000008000670        0xa ./Core/Src/main.o
                0x0000000008000670                Error_Handler
 *fill*         0x000000000800067a        0x2 
 .text.HAL_MspInit
                0x000000000800067c       0x50 ./Core/Src/stm32f4xx_hal_msp.o
                0x000000000800067c                HAL_MspInit
 .text.HAL_InitTick
                0x00000000080006cc       0xb0 ./Core/Src/stm32f4xx_hal_timebase_tim.o
                0x00000000080006cc                HAL_InitTick
 .text.NMI_Handler
                0x000000000800077c        0x6 ./Core/Src/stm32f4xx_it.o
                0x000000000800077c                NMI_Handler
 .text.HardFault_Handler
                0x0000000008000782        0x6 ./Core/Src/stm32f4xx_it.o
                0x0000000008000782                HardFault_Handler
 .text.MemManage_Handler
                0x0000000008000788        0x6 ./Core/Src/stm32f4xx_it.o
                0x0000000008000788                MemManage_Handler
 .text.BusFault_Handler
                0x000000000800078e        0x6 ./Core/Src/stm32f4xx_it.o
                0x000000000800078e                BusFault_Handler
 .text.UsageFault_Handler
                0x0000000008000794        0x6 ./Core/Src/stm32f4xx_it.o
                0x0000000008000794                UsageFault_Handler
 .text.DebugMon_Handler
                0x000000000800079a        0xe ./Core/Src/stm32f4xx_it.o
                0x000000000800079a                DebugMon_Handler
 .text.TIM4_IRQHandler
                0x00000000080007a8       0x14 ./Core/Src/stm32f4xx_it.o
                0x00000000080007a8                TIM4_IRQHandler
 .text._read    0x00000000080007bc       0x3a ./Core/Src/syscalls.o
                0x00000000080007bc                _read
 .text._write   0x00000000080007f6       0x38 ./Core/Src/syscalls.o
                0x00000000080007f6                _write
 .text._close   0x000000000800082e       0x18 ./Core/Src/syscalls.o
                0x000000000800082e                _close
 .text._fstat   0x0000000008000846       0x20 ./Core/Src/syscalls.o
                0x0000000008000846                _fstat
 .text._isatty  0x0000000008000866       0x16 ./Core/Src/syscalls.o
                0x0000000008000866                _isatty
 .text._lseek   0x000000000800087c       0x1a ./Core/Src/syscalls.o
                0x000000000800087c                _lseek
 *fill*         0x0000000008000896        0x2 
 .text.SystemInit
                0x0000000008000898       0x24 ./Core/Src/system_stm32f4xx.o
                0x0000000008000898                SystemInit
 .text.Reset_Handler
                0x00000000080008bc       0x50 ./Core/Startup/startup_stm32f401vetx.o
                0x00000000080008bc                Reset_Handler
 .text.Default_Handler
                0x000000000800090c        0x2 ./Core/Startup/startup_stm32f401vetx.o
                0x000000000800090c                RTC_Alarm_IRQHandler
                0x000000000800090c                EXTI2_IRQHandler
                0x000000000800090c                SPI4_IRQHandler
                0x000000000800090c                TIM1_CC_IRQHandler
                0x000000000800090c                DMA2_Stream5_IRQHandler
                0x000000000800090c                DMA1_Stream5_IRQHandler
                0x000000000800090c                PVD_IRQHandler
                0x000000000800090c                SDIO_IRQHandler
                0x000000000800090c                TAMP_STAMP_IRQHandler
                0x000000000800090c                EXTI3_IRQHandler
                0x000000000800090c                TIM1_UP_TIM10_IRQHandler
                0x000000000800090c                I2C3_ER_IRQHandler
                0x000000000800090c                EXTI0_IRQHandler
                0x000000000800090c                I2C2_EV_IRQHandler
                0x000000000800090c                DMA1_Stream2_IRQHandler
                0x000000000800090c                FPU_IRQHandler
                0x000000000800090c                DMA2_Stream2_IRQHandler
                0x000000000800090c                SPI1_IRQHandler
                0x000000000800090c                TIM1_BRK_TIM9_IRQHandler
                0x000000000800090c                DMA2_Stream3_IRQHandler
                0x000000000800090c                USART6_IRQHandler
                0x000000000800090c                DMA2_Stream0_IRQHandler
                0x000000000800090c                I2C1_EV_IRQHandler
                0x000000000800090c                DMA1_Stream6_IRQHandler
                0x000000000800090c                DMA1_Stream1_IRQHandler
                0x000000000800090c                TIM3_IRQHandler
                0x000000000800090c                RCC_IRQHandler
                0x000000000800090c                Default_Handler
                0x000000000800090c                EXTI15_10_IRQHandler
                0x000000000800090c                ADC_IRQHandler
                0x000000000800090c                DMA1_Stream7_IRQHandler
                0x000000000800090c                TIM5_IRQHandler
                0x000000000800090c                DMA2_Stream7_IRQHandler
                0x000000000800090c                I2C3_EV_IRQHandler
                0x000000000800090c                EXTI9_5_IRQHandler
                0x000000000800090c                RTC_WKUP_IRQHandler
                0x000000000800090c                SPI2_IRQHandler
                0x000000000800090c                DMA1_Stream0_IRQHandler
                0x000000000800090c                EXTI4_IRQHandler
                0x000000000800090c                WWDG_IRQHandler
                0x000000000800090c                TIM2_IRQHandler
                0x000000000800090c                OTG_FS_WKUP_IRQHandler
                0x000000000800090c                TIM1_TRG_COM_TIM11_IRQHandler
                0x000000000800090c                EXTI1_IRQHandler
                0x000000000800090c                USART2_IRQHandler
                0x000000000800090c                I2C2_ER_IRQHandler
                0x000000000800090c                DMA2_Stream1_IRQHandler
                0x000000000800090c                FLASH_IRQHandler
                0x000000000800090c                DMA2_Stream4_IRQHandler
                0x000000000800090c                USART1_IRQHandler
                0x000000000800090c                OTG_FS_IRQHandler
                0x000000000800090c                SPI3_IRQHandler
                0x000000000800090c                DMA1_Stream4_IRQHandler
                0x000000000800090c                I2C1_ER_IRQHandler
                0x000000000800090c                DMA2_Stream6_IRQHandler
                0x000000000800090c                DMA1_Stream3_IRQHandler
 *fill*         0x000000000800090e        0x2 
 .text.HAL_Init
                0x0000000008000910       0x44 ./Drivers/STM32F4xx_HAL_Driver/Src/stm32f4xx_hal.o
                0x0000000008000910                HAL_Init
 .text.HAL_IncTick
                0x0000000008000954       0x28 ./Drivers/STM32F4xx_HAL_Driver/Src/stm32f4xx_hal.o
                0x0000000008000954                HAL_IncTick
 .text.HAL_GetTick
                0x000000000800097c       0x18 ./Drivers/STM32F4xx_HAL_Driver/Src/stm32f4xx_hal.o
                0x000000000800097c                HAL_GetTick
 .text.__NVIC_SetPriorityGrouping
                0x0000000008000994       0x48 ./Drivers/STM32F4xx_HAL_Driver/Src/stm32f4xx_hal_cortex.o
 .text.__NVIC_GetPriorityGrouping
                0x00000000080009dc       0x1c ./Drivers/STM32F4xx_HAL_Driver/Src/stm32f4xx_hal_cortex.o
 .text.__NVIC_EnableIRQ
                0x00000000080009f8       0x3c ./Drivers/STM32F4xx_HAL_Driver/Src/stm32f4xx_hal_cortex.o
 .text.__NVIC_SetPriority
                0x0000000008000a34       0x54 ./Drivers/STM32F4xx_HAL_Driver/Src/stm32f4xx_hal_cortex.o
 .text.NVIC_EncodePriority
                0x0000000008000a88       0x66 ./Drivers/STM32F4xx_HAL_Driver/Src/stm32f4xx_hal_cortex.o
 .text.HAL_NVIC_SetPriorityGrouping
                0x0000000008000aee       0x16 ./Drivers/STM32F4xx_HAL_Driver/Src/stm32f4xx_hal_cortex.o
                0x0000000008000aee                HAL_NVIC_SetPriorityGrouping
 .text.HAL_NVIC_SetPriority
                0x0000000008000b04       0x38 ./Drivers/STM32F4xx_HAL_Driver/Src/stm32f4xx_hal_cortex.o
                0x0000000008000b04                HAL_NVIC_SetPriority
 .text.HAL_NVIC_EnableIRQ
                0x0000000008000b3c       0x1c ./Drivers/STM32F4xx_HAL_Driver/Src/stm32f4xx_hal_cortex.o
                0x0000000008000b3c                HAL_NVIC_EnableIRQ
 .text.HAL_RCC_OscConfig
                0x0000000008000b58      0x4f0 ./Drivers/STM32F4xx_HAL_Driver/Src/stm32f4xx_hal_rcc.o
                0x0000000008000b58                HAL_RCC_OscConfig
 .text.HAL_RCC_ClockConfig
                0x0000000008001048      0x1cc ./Drivers/STM32F4xx_HAL_Driver/Src/stm32f4xx_hal_rcc.o
                0x0000000008001048                HAL_RCC_ClockConfig
 .text.HAL_RCC_GetSysClockFreq
                0x0000000008001214      0x16c ./Drivers/STM32F4xx_HAL_Driver/Src/stm32f4xx_hal_rcc.o
                0x0000000008001214                HAL_RCC_GetSysClockFreq
 .text.HAL_RCC_GetHCLKFreq
                0x0000000008001380       0x18 ./Drivers/STM32F4xx_HAL_Driver/Src/stm32f4xx_hal_rcc.o
                0x0000000008001380                HAL_RCC_GetHCLKFreq
 .text.HAL_RCC_GetPCLK1Freq
                0x0000000008001398       0x28 ./Drivers/STM32F4xx_HAL_Driver/Src/stm32f4xx_hal_rcc.o
                0x0000000008001398                HAL_RCC_GetPCLK1Freq
 .text.HAL_RCC_GetClockConfig
                0x00000000080013c0       0x64 ./Drivers/STM32F4xx_HAL_Driver/Src/stm32f4xx_hal_rcc.o
                0x00000000080013c0                HAL_RCC_GetClockConfig
 .text.HAL_TIM_Base_Init
                0x0000000008001424       0x9e ./Drivers/STM32F4xx_HAL_Driver/Src/stm32f4xx_hal_tim.o
                0x0000000008001424                HAL_TIM_Base_Init
 .text.HAL_TIM_Base_MspInit
                0x00000000080014c2       0x14 ./Drivers/STM32F4xx_HAL_Driver/Src/stm32f4xx_hal_tim.o
                0x00000000080014c2                HAL_TIM_Base_MspInit
 *fill*         0x00000000080014d6        0x2 
 .text.HAL_TIM_Base_Start_IT
                0x00000000080014d8       0xc4 ./Drivers/STM32F4xx_HAL_Driver/Src/stm32f4xx_hal_tim.o
                0x00000000080014d8                HAL_TIM_Base_Start_IT
 .text.HAL_TIM_IRQHandler
                0x000000000800159c      0x210 ./Drivers/STM32F4xx_HAL_Driver/Src/stm32f4xx_hal_tim.o
                0x000000000800159c                HAL_TIM_IRQHandler
 .text.HAL_TIM_OC_DelayElapsedCallback
                0x00000000080017ac       0x14 ./Drivers/STM32F4xx_HAL_Driver/Src/stm32f4xx_hal_tim.o
                0x00000000080017ac                HAL_TIM_OC_DelayElapsedCallback
 .text.HAL_TIM_IC_CaptureCallback
                0x00000000080017c0       0x14 ./Drivers/STM32F4xx_HAL_Driver/Src/stm32f4xx_hal_tim.o
                0x00000000080017c0                HAL_TIM_IC_CaptureCallback
 .text.HAL_TIM_PWM_PulseFinishedCallback
                0x00000000080017d4       0x14 ./Drivers/STM32F4xx_HAL_Driver/Src/stm32f4xx_hal_tim.o
                0x00000000080017d4                HAL_TIM_PWM_PulseFinishedCallback
 .text.HAL_TIM_TriggerCallback
                0x00000000080017e8       0x14 ./Drivers/STM32F4xx_HAL_Driver/Src/stm32f4xx_hal_tim.o
                0x00000000080017e8                HAL_TIM_TriggerCallback
 .text.TIM_Base_SetConfig
                0x00000000080017fc      0x100 ./Drivers/STM32F4xx_HAL_Driver/Src/stm32f4xx_hal_tim.o
                0x00000000080017fc                TIM_Base_SetConfig
 .text.HAL_TIMEx_CommutCallback
                0x00000000080018fc       0x14 ./Drivers/STM32F4xx_HAL_Driver/Src/stm32f4xx_hal_tim_ex.o
                0x00000000080018fc                HAL_TIMEx_CommutCallback
 .text.HAL_TIMEx_BreakCallback
                0x0000000008001910       0x14 ./Drivers/STM32F4xx_HAL_Driver/Src/stm32f4xx_hal_tim_ex.o
                0x0000000008001910                HAL_TIMEx_BreakCallback
 .text.vListInitialise
                0x0000000008001924       0x40 ./ThridParty/FreeRTOS/list.o
                0x0000000008001924                vListInitialise
 .text.vListInitialiseItem
                0x0000000008001964       0x1a ./ThridParty/FreeRTOS/list.o
                0x0000000008001964                vListInitialiseItem
 .text.vListInsert
                0x000000000800197e       0x72 ./ThridParty/FreeRTOS/list.o
                0x000000000800197e                vListInsert
 .text.uxListRemove
                0x00000000080019f0       0x54 ./ThridParty/FreeRTOS/list.o
                0x00000000080019f0                uxListRemove
 .text.xQueueGenericReset
                0x0000000008001a44      0x120 ./ThridParty/FreeRTOS/queue.o
                0x0000000008001a44                xQueueGenericReset
 .text.xQueueGenericCreate
                0x0000000008001b64       0x9c ./ThridParty/FreeRTOS/queue.o
                0x0000000008001b64                xQueueGenericCreate
 .text.prvInitialiseNewQueue
                0x0000000008001c00       0x46 ./ThridParty/FreeRTOS/queue.o
 *fill*         0x0000000008001c46        0x2 
 .text.xQueueReceive
                0x0000000008001c48      0x1c0 ./ThridParty/FreeRTOS/queue.o
                0x0000000008001c48                xQueueReceive
 .text.prvCopyDataFromQueue
                0x0000000008001e08       0x4c ./ThridParty/FreeRTOS/queue.o
 .text.prvUnlockQueue
                0x0000000008001e54       0xa4 ./ThridParty/FreeRTOS/queue.o
 .text.prvIsQueueEmpty
                0x0000000008001ef8       0x2c ./ThridParty/FreeRTOS/queue.o
 .text.vQueueAddToRegistry
                0x0000000008001f24       0x9c ./ThridParty/FreeRTOS/queue.o
                0x0000000008001f24                vQueueAddToRegistry
 .text.vQueueWaitForMessageRestricted
                0x0000000008001fc0       0x68 ./ThridParty/FreeRTOS/queue.o
                0x0000000008001fc0                vQueueWaitForMessageRestricted
 .text.xTaskCreate
                0x0000000008002028       0x82 ./ThridParty/FreeRTOS/tasks.o
                0x0000000008002028                xTaskCreate
 .text.prvInitialiseNewTask
                0x00000000080020aa      0x148 ./ThridParty/FreeRTOS/tasks.o
 *fill*         0x00000000080021f2        0x2 
 .text.prvAddNewTaskToReadyList
                0x00000000080021f4      0x12c ./ThridParty/FreeRTOS/tasks.o
 .text.vTaskStartScheduler
                0x0000000008002320       0xa4 ./ThridParty/FreeRTOS/tasks.o
                0x0000000008002320                vTaskStartScheduler
 .text.vTaskSuspendAll
                0x00000000080023c4       0x1c ./ThridParty/FreeRTOS/tasks.o
                0x00000000080023c4                vTaskSuspendAll
 .text.xTaskResumeAll
                0x00000000080023e0      0x1f8 ./ThridParty/FreeRTOS/tasks.o
                0x00000000080023e0                xTaskResumeAll
 .text.xTaskGetTickCount
                0x00000000080025d8       0x20 ./ThridParty/FreeRTOS/tasks.o
                0x00000000080025d8                xTaskGetTickCount
 .text.xTaskIncrementTick
                0x00000000080025f8      0x22c ./ThridParty/FreeRTOS/tasks.o
                0x00000000080025f8                xTaskIncrementTick
 .text.vTaskSwitchContext
                0x0000000008002824       0xb8 ./ThridParty/FreeRTOS/tasks.o
                0x0000000008002824                vTaskSwitchContext
 .text.vTaskPlaceOnEventList
                0x00000000080028dc       0x48 ./ThridParty/FreeRTOS/tasks.o
                0x00000000080028dc                vTaskPlaceOnEventList
 .text.vTaskPlaceOnEventListRestricted
                0x0000000008002924       0x8c ./ThridParty/FreeRTOS/tasks.o
                0x0000000008002924                vTaskPlaceOnEventListRestricted
 .text.xTaskRemoveFromEventList
                0x00000000080029b0      0x1ac ./ThridParty/FreeRTOS/tasks.o
                0x00000000080029b0                xTaskRemoveFromEventList
 .text.vTaskInternalSetTimeOutState
                0x0000000008002b5c       0x2c ./ThridParty/FreeRTOS/tasks.o
                0x0000000008002b5c                vTaskInternalSetTimeOutState
 .text.xTaskCheckForTimeOut
                0x0000000008002b88       0xcc ./ThridParty/FreeRTOS/tasks.o
                0x0000000008002b88                xTaskCheckForTimeOut
 .text.vTaskMissedYield
                0x0000000008002c54       0x18 ./ThridParty/FreeRTOS/tasks.o
                0x0000000008002c54                vTaskMissedYield
 .text.prvIdleTask
                0x0000000008002c6c       0x30 ./ThridParty/FreeRTOS/tasks.o
 .text.prvInitialiseTaskLists
                0x0000000008002c9c       0x80 ./ThridParty/FreeRTOS/tasks.o
 .text.prvCheckTasksWaitingTermination
                0x0000000008002d1c       0x5c ./ThridParty/FreeRTOS/tasks.o
 .text.prvDeleteTCB
                0x0000000008002d78       0x20 ./ThridParty/FreeRTOS/tasks.o
 .text.prvResetNextTaskUnblockTime
                0x0000000008002d98       0x38 ./ThridParty/FreeRTOS/tasks.o
 .text.xTaskGetSchedulerState
                0x0000000008002dd0       0x3c ./ThridParty/FreeRTOS/tasks.o
                0x0000000008002dd0                xTaskGetSchedulerState
 .text.prvAddCurrentTaskToDelayedList
                0x0000000008002e0c      0x100 ./ThridParty/FreeRTOS/tasks.o
 .text.xTimerCreateTimerTask
                0x0000000008002f0c       0x64 ./ThridParty/FreeRTOS/timers.o
                0x0000000008002f0c                xTimerCreateTimerTask
 .text.prvReloadTimer
                0x0000000008002f70       0x42 ./ThridParty/FreeRTOS/timers.o
 *fill*         0x0000000008002fb2        0x2 
 .text.prvProcessExpiredTimer
                0x0000000008002fb4       0x60 ./ThridParty/FreeRTOS/timers.o
 .text.prvTimerTask
                0x0000000008003014       0x24 ./ThridParty/FreeRTOS/timers.o
 .text.prvProcessTimerOrBlockTask
                0x0000000008003038       0x9c ./ThridParty/FreeRTOS/timers.o
 .text.prvGetNextExpireTime
                0x00000000080030d4       0x48 ./ThridParty/FreeRTOS/timers.o
 .text.prvSampleTimeNow
                0x000000000800311c       0x40 ./ThridParty/FreeRTOS/timers.o
 .text.prvInsertTimerInActiveList
                0x000000000800315c       0x84 ./ThridParty/FreeRTOS/timers.o
 .text.prvProcessReceivedCommands
                0x00000000080031e0      0x17c ./ThridParty/FreeRTOS/timers.o
 .text.prvSwitchTimerLists
                0x000000000800335c       0x4c ./ThridParty/FreeRTOS/timers.o
 .text.prvCheckForValidListAndQueue
                0x00000000080033a8       0x6c ./ThridParty/FreeRTOS/timers.o
 .text.pxPortInitialiseStack
                0x0000000008003414       0x68 ./ThridParty/FreeRTOS/portable/GCC/ARM_CM4F/port.o
                0x0000000008003414                pxPortInitialiseStack
 .text.prvTaskExitError
                0x000000000800347c       0x58 ./ThridParty/FreeRTOS/portable/GCC/ARM_CM4F/port.o
 *fill*         0x00000000080034d4        0xc 
 .text.SVC_Handler
                0x00000000080034e0       0x28 ./ThridParty/FreeRTOS/portable/GCC/ARM_CM4F/port.o
                0x00000000080034e0                SVC_Handler
 .text.prvPortStartFirstTask
                0x0000000008003508       0x2c ./ThridParty/FreeRTOS/portable/GCC/ARM_CM4F/port.o
 .text.xPortStartScheduler
                0x0000000008003534      0x144 ./ThridParty/FreeRTOS/portable/GCC/ARM_CM4F/port.o
                0x0000000008003534                xPortStartScheduler
 .text.vPortEnterCritical
                0x0000000008003678       0x60 ./ThridParty/FreeRTOS/portable/GCC/ARM_CM4F/port.o
                0x0000000008003678                vPortEnterCritical
 .text.vPortExitCritical
                0x00000000080036d8       0x54 ./ThridParty/FreeRTOS/portable/GCC/ARM_CM4F/port.o
                0x00000000080036d8                vPortExitCritical
 *fill*         0x000000000800372c        0x4 
 .text.PendSV_Handler
                0x0000000008003730       0x68 ./ThridParty/FreeRTOS/portable/GCC/ARM_CM4F/port.o
                0x0000000008003730                PendSV_Handler
 .text.SysTick_Handler
                0x0000000008003798       0x44 ./ThridParty/FreeRTOS/portable/GCC/ARM_CM4F/port.o
                0x0000000008003798                SysTick_Handler
 .text.vPortSetupTimerInterrupt
                0x00000000080037dc       0x48 ./ThridParty/FreeRTOS/portable/GCC/ARM_CM4F/port.o
                0x00000000080037dc                vPortSetupTimerInterrupt
 .text.vPortEnableVFP
                0x0000000008003824       0x18 ./ThridParty/FreeRTOS/portable/GCC/ARM_CM4F/port.o
 .text.pvPortMalloc
                0x000000000800383c      0x1c0 ./ThridParty/FreeRTOS/portable/MemMang/heap_4.o
                0x000000000800383c                pvPortMalloc
 .text.vPortFree
                0x00000000080039fc       0xc4 ./ThridParty/FreeRTOS/portable/MemMang/heap_4.o
                0x00000000080039fc                vPortFree
 .text.prvHeapInit
                0x0000000008003ac0       0xc4 ./ThridParty/FreeRTOS/portable/MemMang/heap_4.o
 .text.prvInsertBlockIntoFreeList
                0x0000000008003b84       0xb4 ./ThridParty/FreeRTOS/portable/MemMang/heap_4.o
 .text.__libc_init_array
                0x0000000008003c38       0x48 c:/st/stm32cubeide_1.8.0/stm32cubeide/plugins/com.st.stm32cube.ide.mcu.externaltools.gnu-tools-for-stm32.9-2020-q2-update.win32_2.0.0.202105311346/tools/bin/../lib/gcc/arm-none-eabi/9.3.1/../../../../arm-none-eabi/lib/thumb/v7e-m+fp/hard\libc_nano.a(lib_a-init.o)
                0x0000000008003c38                __libc_init_array
 .text.memcpy   0x0000000008003c80       0x1c c:/st/stm32cubeide_1.8.0/stm32cubeide/plugins/com.st.stm32cube.ide.mcu.externaltools.gnu-tools-for-stm32.9-2020-q2-update.win32_2.0.0.202105311346/tools/bin/../lib/gcc/arm-none-eabi/9.3.1/../../../../arm-none-eabi/lib/thumb/v7e-m+fp/hard\libc_nano.a(lib_a-memcpy-stub.o)
                0x0000000008003c80                memcpy
 .text.memset   0x0000000008003c9c       0x10 c:/st/stm32cubeide_1.8.0/stm32cubeide/plugins/com.st.stm32cube.ide.mcu.externaltools.gnu-tools-for-stm32.9-2020-q2-update.win32_2.0.0.202105311346/tools/bin/../lib/gcc/arm-none-eabi/9.3.1/../../../../arm-none-eabi/lib/thumb/v7e-m+fp/hard\libc_nano.a(lib_a-memset.o)
                0x0000000008003c9c                memset
 .text._puts_r  0x0000000008003cac       0xdc c:/st/stm32cubeide_1.8.0/stm32cubeide/plugins/com.st.stm32cube.ide.mcu.externaltools.gnu-tools-for-stm32.9-2020-q2-update.win32_2.0.0.202105311346/tools/bin/../lib/gcc/arm-none-eabi/9.3.1/../../../../arm-none-eabi/lib/thumb/v7e-m+fp/hard\libc_nano.a(lib_a-puts.o)
                0x0000000008003cac                _puts_r
 .text.puts     0x0000000008003d88       0x10 c:/st/stm32cubeide_1.8.0/stm32cubeide/plugins/com.st.stm32cube.ide.mcu.externaltools.gnu-tools-for-stm32.9-2020-q2-update.win32_2.0.0.202105311346/tools/bin/../lib/gcc/arm-none-eabi/9.3.1/../../../../arm-none-eabi/lib/thumb/v7e-m+fp/hard\libc_nano.a(lib_a-puts.o)
                0x0000000008003d88                puts
 .text.__swbuf_r
                0x0000000008003d98       0xa4 c:/st/stm32cubeide_1.8.0/stm32cubeide/plugins/com.st.stm32cube.ide.mcu.externaltools.gnu-tools-for-stm32.9-2020-q2-update.win32_2.0.0.202105311346/tools/bin/../lib/gcc/arm-none-eabi/9.3.1/../../../../arm-none-eabi/lib/thumb/v7e-m+fp/hard\libc_nano.a(lib_a-wbuf.o)
                0x0000000008003d98                __swbuf_r
 .text.__swsetup_r
                0x0000000008003e3c       0xdc c:/st/stm32cubeide_1.8.0/stm32cubeide/plugins/com.st.stm32cube.ide.mcu.externaltools.gnu-tools-for-stm32.9-2020-q2-update.win32_2.0.0.202105311346/tools/bin/../lib/gcc/arm-none-eabi/9.3.1/../../../../arm-none-eabi/lib/thumb/v7e-m+fp/hard\libc_nano.a(lib_a-wsetup.o)
                0x0000000008003e3c                __swsetup_r
 .text.__sflush_r
                0x0000000008003f18      0x10c c:/st/stm32cubeide_1.8.0/stm32cubeide/plugins/com.st.stm32cube.ide.mcu.externaltools.gnu-tools-for-stm32.9-2020-q2-update.win32_2.0.0.202105311346/tools/bin/../lib/gcc/arm-none-eabi/9.3.1/../../../../arm-none-eabi/lib/thumb/v7e-m+fp/hard\libc_nano.a(lib_a-fflush.o)
                0x0000000008003f18                __sflush_r
 .text._fflush_r
                0x0000000008004024       0x78 c:/st/stm32cubeide_1.8.0/stm32cubeide/plugins/com.st.stm32cube.ide.mcu.externaltools.gnu-tools-for-stm32.9-2020-q2-update.win32_2.0.0.202105311346/tools/bin/../lib/gcc/arm-none-eabi/9.3.1/../../../../arm-none-eabi/lib/thumb/v7e-m+fp/hard\libc_nano.a(lib_a-fflush.o)
                0x0000000008004024                _fflush_r
 .text.std      0x000000000800409c       0x48 c:/st/stm32cubeide_1.8.0/stm32cubeide/plugins/com.st.stm32cube.ide.mcu.externaltools.gnu-tools-for-stm32.9-2020-q2-update.win32_2.0.0.202105311346/tools/bin/../lib/gcc/arm-none-eabi/9.3.1/../../../../arm-none-eabi/lib/thumb/v7e-m+fp/hard\libc_nano.a(lib_a-findfp.o)
 .text._cleanup_r
                0x00000000080040e4        0xc c:/st/stm32cubeide_1.8.0/stm32cubeide/plugins/com.st.stm32cube.ide.mcu.externaltools.gnu-tools-for-stm32.9-2020-q2-update.win32_2.0.0.202105311346/tools/bin/../lib/gcc/arm-none-eabi/9.3.1/../../../../arm-none-eabi/lib/thumb/v7e-m+fp/hard\libc_nano.a(lib_a-findfp.o)
                0x00000000080040e4                _cleanup_r
 .text.__sfmoreglue
                0x00000000080040f0       0x2c c:/st/stm32cubeide_1.8.0/stm32cubeide/plugins/com.st.stm32cube.ide.mcu.externaltools.gnu-tools-for-stm32.9-2020-q2-update.win32_2.0.0.202105311346/tools/bin/../lib/gcc/arm-none-eabi/9.3.1/../../../../arm-none-eabi/lib/thumb/v7e-m+fp/hard\libc_nano.a(lib_a-findfp.o)
                0x00000000080040f0                __sfmoreglue
 .text.__sfp_lock_acquire
                0x000000000800411c        0xc c:/st/stm32cubeide_1.8.0/stm32cubeide/plugins/com.st.stm32cube.ide.mcu.externaltools.gnu-tools-for-stm32.9-2020-q2-update.win32_2.0.0.202105311346/tools/bin/../lib/gcc/arm-none-eabi/9.3.1/../../../../arm-none-eabi/lib/thumb/v7e-m+fp/hard\libc_nano.a(lib_a-findfp.o)
                0x000000000800411c                __sfp_lock_acquire
 .text.__sfp_lock_release
                0x0000000008004128        0xc c:/st/stm32cubeide_1.8.0/stm32cubeide/plugins/com.st.stm32cube.ide.mcu.externaltools.gnu-tools-for-stm32.9-2020-q2-update.win32_2.0.0.202105311346/tools/bin/../lib/gcc/arm-none-eabi/9.3.1/../../../../arm-none-eabi/lib/thumb/v7e-m+fp/hard\libc_nano.a(lib_a-findfp.o)
                0x0000000008004128                __sfp_lock_release
 .text.__sinit_lock_acquire
                0x0000000008004134        0xc c:/st/stm32cubeide_1.8.0/stm32cubeide/plugins/com.st.stm32cube.ide.mcu.externaltools.gnu-tools-for-stm32.9-2020-q2-update.win32_2.0.0.202105311346/tools/bin/../lib/gcc/arm-none-eabi/9.3.1/../../../../arm-none-eabi/lib/thumb/v7e-m+fp/hard\libc_nano.a(lib_a-findfp.o)
                0x0000000008004134                __sinit_lock_acquire
 .text.__sinit_lock_release
                0x0000000008004140        0xc c:/st/stm32cubeide_1.8.0/stm32cubeide/plugins/com.st.stm32cube.ide.mcu.externaltools.gnu-tools-for-stm32.9-2020-q2-update.win32_2.0.0.202105311346/tools/bin/../lib/gcc/arm-none-eabi/9.3.1/../../../../arm-none-eabi/lib/thumb/v7e-m+fp/hard\libc_nano.a(lib_a-findfp.o)
                0x0000000008004140                __sinit_lock_release
 .text.__sinit  0x000000000800414c       0x70 c:/st/stm32cubeide_1.8.0/stm32cubeide/plugins/com.st.stm32cube.ide.mcu.externaltools.gnu-tools-for-stm32.9-2020-q2-update.win32_2.0.0.202105311346/tools/bin/../lib/gcc/arm-none-eabi/9.3.1/../../../../arm-none-eabi/lib/thumb/v7e-m+fp/hard\libc_nano.a(lib_a-findfp.o)
                0x000000000800414c                __sinit
 .text.__sfp    0x00000000080041bc       0x8c c:/st/stm32cubeide_1.8.0/stm32cubeide/plugins/com.st.stm32cube.ide.mcu.externaltools.gnu-tools-for-stm32.9-2020-q2-update.win32_2.0.0.202105311346/tools/bin/../lib/gcc/arm-none-eabi/9.3.1/../../../../arm-none-eabi/lib/thumb/v7e-m+fp/hard\libc_nano.a(lib_a-findfp.o)
                0x00000000080041bc                __sfp
 .text._fwalk_reent
                0x0000000008004248       0x3e c:/st/stm32cubeide_1.8.0/stm32cubeide/plugins/com.st.stm32cube.ide.mcu.externaltools.gnu-tools-for-stm32.9-2020-q2-update.win32_2.0.0.202105311346/tools/bin/../lib/gcc/arm-none-eabi/9.3.1/../../../../arm-none-eabi/lib/thumb/v7e-m+fp/hard\libc_nano.a(lib_a-fwalk.o)
                0x0000000008004248                _fwalk_reent
 .text.__retarget_lock_init_recursive
                0x0000000008004286        0x2 c:/st/stm32cubeide_1.8.0/stm32cubeide/plugins/com.st.stm32cube.ide.mcu.externaltools.gnu-tools-for-stm32.9-2020-q2-update.win32_2.0.0.202105311346/tools/bin/../lib/gcc/arm-none-eabi/9.3.1/../../../../arm-none-eabi/lib/thumb/v7e-m+fp/hard\libc_nano.a(lib_a-lock.o)
                0x0000000008004286                __retarget_lock_init_recursive
 .text.__retarget_lock_acquire_recursive
                0x0000000008004288        0x2 c:/st/stm32cubeide_1.8.0/stm32cubeide/plugins/com.st.stm32cube.ide.mcu.externaltools.gnu-tools-for-stm32.9-2020-q2-update.win32_2.0.0.202105311346/tools/bin/../lib/gcc/arm-none-eabi/9.3.1/../../../../arm-none-eabi/lib/thumb/v7e-m+fp/hard\libc_nano.a(lib_a-lock.o)
                0x0000000008004288                __retarget_lock_acquire_recursive
 .text.__retarget_lock_release_recursive
                0x000000000800428a        0x2 c:/st/stm32cubeide_1.8.0/stm32cubeide/plugins/com.st.stm32cube.ide.mcu.externaltools.gnu-tools-for-stm32.9-2020-q2-update.win32_2.0.0.202105311346/tools/bin/../lib/gcc/arm-none-eabi/9.3.1/../../../../arm-none-eabi/lib/thumb/v7e-m+fp/hard\libc_nano.a(lib_a-lock.o)
                0x000000000800428a                __retarget_lock_release_recursive
 .text.__swhatbuf_r
                0x000000000800428c       0x48 c:/st/stm32cubeide_1.8.0/stm32cubeide/plugins/com.st.stm32cube.ide.mcu.externaltools.gnu-tools-for-stm32.9-2020-q2-update.win32_2.0.0.202105311346/tools/bin/../lib/gcc/arm-none-eabi/9.3.1/../../../../arm-none-eabi/lib/thumb/v7e-m+fp/hard\libc_nano.a(lib_a-makebuf.o)
                0x000000000800428c                __swhatbuf_r
 .text.__smakebuf_r
                0x00000000080042d4       0x80 c:/st/stm32cubeide_1.8.0/stm32cubeide/plugins/com.st.stm32cube.ide.mcu.externaltools.gnu-tools-for-stm32.9-2020-q2-update.win32_2.0.0.202105311346/tools/bin/../lib/gcc/arm-none-eabi/9.3.1/../../../../arm-none-eabi/lib/thumb/v7e-m+fp/hard\libc_nano.a(lib_a-makebuf.o)
                0x00000000080042d4                __smakebuf_r
 .text._free_r  0x0000000008004354       0xa0 c:/st/stm32cubeide_1.8.0/stm32cubeide/plugins/com.st.stm32cube.ide.mcu.externaltools.gnu-tools-for-stm32.9-2020-q2-update.win32_2.0.0.202105311346/tools/bin/../lib/gcc/arm-none-eabi/9.3.1/../../../../arm-none-eabi/lib/thumb/v7e-m+fp/hard\libc_nano.a(lib_a-nano-freer.o)
                0x0000000008004354                _free_r
 .text._malloc_r
                0x00000000080043f4       0xb4 c:/st/stm32cubeide_1.8.0/stm32cubeide/plugins/com.st.stm32cube.ide.mcu.externaltools.gnu-tools-for-stm32.9-2020-q2-update.win32_2.0.0.202105311346/tools/bin/../lib/gcc/arm-none-eabi/9.3.1/../../../../arm-none-eabi/lib/thumb/v7e-m+fp/hard\libc_nano.a(lib_a-nano-mallocr.o)
                0x00000000080043f4                _malloc_r
 .text._sbrk_r  0x00000000080044a8       0x20 c:/st/stm32cubeide_1.8.0/stm32cubeide/plugins/com.st.stm32cube.ide.mcu.externaltools.gnu-tools-for-stm32.9-2020-q2-update.win32_2.0.0.202105311346/tools/bin/../lib/gcc/arm-none-eabi/9.3.1/../../../../arm-none-eabi/lib/thumb/v7e-m+fp/hard\libc_nano.a(lib_a-sbrkr.o)
                0x00000000080044a8                _sbrk_r
 .text.__sread  0x00000000080044c8       0x22 c:/st/stm32cubeide_1.8.0/stm32cubeide/plugins/com.st.stm32cube.ide.mcu.externaltools.gnu-tools-for-stm32.9-2020-q2-update.win32_2.0.0.202105311346/tools/bin/../lib/gcc/arm-none-eabi/9.3.1/../../../../arm-none-eabi/lib/thumb/v7e-m+fp/hard\libc_nano.a(lib_a-stdio.o)
                0x00000000080044c8                __sread
 .text.__swrite
                0x00000000080044ea       0x38 c:/st/stm32cubeide_1.8.0/stm32cubeide/plugins/com.st.stm32cube.ide.mcu.externaltools.gnu-tools-for-stm32.9-2020-q2-update.win32_2.0.0.202105311346/tools/bin/../lib/gcc/arm-none-eabi/9.3.1/../../../../arm-none-eabi/lib/thumb/v7e-m+fp/hard\libc_nano.a(lib_a-stdio.o)
                0x00000000080044ea                __swrite
 .text.__sseek  0x0000000008004522       0x24 c:/st/stm32cubeide_1.8.0/stm32cubeide/plugins/com.st.stm32cube.ide.mcu.externaltools.gnu-tools-for-stm32.9-2020-q2-update.win32_2.0.0.202105311346/tools/bin/../lib/gcc/arm-none-eabi/9.3.1/../../../../arm-none-eabi/lib/thumb/v7e-m+fp/hard\libc_nano.a(lib_a-stdio.o)
                0x0000000008004522                __sseek
 .text.__sclose
                0x0000000008004546        0x8 c:/st/stm32cubeide_1.8.0/stm32cubeide/plugins/com.st.stm32cube.ide.mcu.externaltools.gnu-tools-for-stm32.9-2020-q2-update.win32_2.0.0.202105311346/tools/bin/../lib/gcc/arm-none-eabi/9.3.1/../../../../arm-none-eabi/lib/thumb/v7e-m+fp/hard\libc_nano.a(lib_a-stdio.o)
                0x0000000008004546                __sclose
 *fill*         0x000000000800454e        0x2 
 .text._write_r
                0x0000000008004550       0x24 c:/st/stm32cubeide_1.8.0/stm32cubeide/plugins/com.st.stm32cube.ide.mcu.externaltools.gnu-tools-for-stm32.9-2020-q2-update.win32_2.0.0.202105311346/tools/bin/../lib/gcc/arm-none-eabi/9.3.1/../../../../arm-none-eabi/lib/thumb/v7e-m+fp/hard\libc_nano.a(lib_a-writer.o)
                0x0000000008004550                _write_r
 .text._close_r
                0x0000000008004574       0x20 c:/st/stm32cubeide_1.8.0/stm32cubeide/plugins/com.st.stm32cube.ide.mcu.externaltools.gnu-tools-for-stm32.9-2020-q2-update.win32_2.0.0.202105311346/tools/bin/../lib/gcc/arm-none-eabi/9.3.1/../../../../arm-none-eabi/lib/thumb/v7e-m+fp/hard\libc_nano.a(lib_a-closer.o)
                0x0000000008004574                _close_r
 .text._fstat_r
                0x0000000008004594       0x24 c:/st/stm32cubeide_1.8.0/stm32cubeide/plugins/com.st.stm32cube.ide.mcu.externaltools.gnu-tools-for-stm32.9-2020-q2-update.win32_2.0.0.202105311346/tools/bin/../lib/gcc/arm-none-eabi/9.3.1/../../../../arm-none-eabi/lib/thumb/v7e-m+fp/hard\libc_nano.a(lib_a-fstatr.o)
                0x0000000008004594                _fstat_r
 .text._isatty_r
                0x00000000080045b8       0x20 c:/st/stm32cubeide_1.8.0/stm32cubeide/plugins/com.st.stm32cube.ide.mcu.externaltools.gnu-tools-for-stm32.9-2020-q2-update.win32_2.0.0.202105311346/tools/bin/../lib/gcc/arm-none-eabi/9.3.1/../../../../arm-none-eabi/lib/thumb/v7e-m+fp/hard\libc_nano.a(lib_a-isattyr.o)
                0x00000000080045b8                _isatty_r
 .text._lseek_r
                0x00000000080045d8       0x24 c:/st/stm32cubeide_1.8.0/stm32cubeide/plugins/com.st.stm32cube.ide.mcu.externaltools.gnu-tools-for-stm32.9-2020-q2-update.win32_2.0.0.202105311346/tools/bin/../lib/gcc/arm-none-eabi/9.3.1/../../../../arm-none-eabi/lib/thumb/v7e-m+fp/hard\libc_nano.a(lib_a-lseekr.o)
                0x00000000080045d8                _lseek_r
 .text.__malloc_lock
                0x00000000080045fc        0xc c:/st/stm32cubeide_1.8.0/stm32cubeide/plugins/com.st.stm32cube.ide.mcu.externaltools.gnu-tools-for-stm32.9-2020-q2-update.win32_2.0.0.202105311346/tools/bin/../lib/gcc/arm-none-eabi/9.3.1/../../../../arm-none-eabi/lib/thumb/v7e-m+fp/hard\libc_nano.a(lib_a-mlock.o)
                0x00000000080045fc                __malloc_lock
 .text.__malloc_unlock
                0x0000000008004608        0xc c:/st/stm32cubeide_1.8.0/stm32cubeide/plugins/com.st.stm32cube.ide.mcu.externaltools.gnu-tools-for-stm32.9-2020-q2-update.win32_2.0.0.202105311346/tools/bin/../lib/gcc/arm-none-eabi/9.3.1/../../../../arm-none-eabi/lib/thumb/v7e-m+fp/hard\libc_nano.a(lib_a-mlock.o)
                0x0000000008004608                __malloc_unlock
 .text._read_r  0x0000000008004614       0x24 c:/st/stm32cubeide_1.8.0/stm32cubeide/plugins/com.st.stm32cube.ide.mcu.externaltools.gnu-tools-for-stm32.9-2020-q2-update.win32_2.0.0.202105311346/tools/bin/../lib/gcc/arm-none-eabi/9.3.1/../../../../arm-none-eabi/lib/thumb/v7e-m+fp/hard\libc_nano.a(lib_a-readr.o)
                0x0000000008004614                _read_r
 .text._sbrk    0x0000000008004638       0x1c c:/st/stm32cubeide_1.8.0/stm32cubeide/plugins/com.st.stm32cube.ide.mcu.externaltools.gnu-tools-for-stm32.9-2020-q2-update.win32_2.0.0.202105311346/tools/bin/../lib/gcc/arm-none-eabi/9.3.1/../../../../arm-none-eabi/lib/thumb/v7e-m+fp/hard\libnosys.a(sbrk.o)
                0x0000000008004638                _sbrk
 *(.glue_7)
 .glue_7        0x0000000008004654        0x0 linker stubs
 *(.glue_7t)
 .glue_7t       0x0000000008004654        0x0 linker stubs
 *(.eh_frame)
 .eh_frame      0x0000000008004654        0x0 c:/st/stm32cubeide_1.8.0/stm32cubeide/plugins/com.st.stm32cube.ide.mcu.externaltools.gnu-tools-for-stm32.9-2020-q2-update.win32_2.0.0.202105311346/tools/bin/../lib/gcc/arm-none-eabi/9.3.1/thumb/v7e-m+fp/hard/crtbegin.o
 *(.init)
 .init          0x0000000008004654        0x4 c:/st/stm32cubeide_1.8.0/stm32cubeide/plugins/com.st.stm32cube.ide.mcu.externaltools.gnu-tools-for-stm32.9-2020-q2-update.win32_2.0.0.202105311346/tools/bin/../lib/gcc/arm-none-eabi/9.3.1/thumb/v7e-m+fp/hard/crti.o
                0x0000000008004654                _init
 .init          0x0000000008004658        0x8 c:/st/stm32cubeide_1.8.0/stm32cubeide/plugins/com.st.stm32cube.ide.mcu.externaltools.gnu-tools-for-stm32.9-2020-q2-update.win32_2.0.0.202105311346/tools/bin/../lib/gcc/arm-none-eabi/9.3.1/thumb/v7e-m+fp/hard/crtn.o
 *(.fini)
 .fini          0x0000000008004660        0x4 c:/st/stm32cubeide_1.8.0/stm32cubeide/plugins/com.st.stm32cube.ide.mcu.externaltools.gnu-tools-for-stm32.9-2020-q2-update.win32_2.0.0.202105311346/tools/bin/../lib/gcc/arm-none-eabi/9.3.1/thumb/v7e-m+fp/hard/crti.o
                0x0000000008004660                _fini
 .fini          0x0000000008004664        0x8 c:/st/stm32cubeide_1.8.0/stm32cubeide/plugins/com.st.stm32cube.ide.mcu.externaltools.gnu-tools-for-stm32.9-2020-q2-update.win32_2.0.0.202105311346/tools/bin/../lib/gcc/arm-none-eabi/9.3.1/thumb/v7e-m+fp/hard/crtn.o
                0x000000000800466c                . = ALIGN (0x4)
                0x000000000800466c                _etext = .

.vfp11_veneer   0x000000000800466c        0x0
 .vfp11_veneer  0x000000000800466c        0x0 linker stubs

.v4_bx          0x000000000800466c        0x0
 .v4_bx         0x000000000800466c        0x0 linker stubs

.iplt           0x000000000800466c        0x0
 .iplt          0x000000000800466c        0x0 c:/st/stm32cubeide_1.8.0/stm32cubeide/plugins/com.st.stm32cube.ide.mcu.externaltools.gnu-tools-for-stm32.9-2020-q2-update.win32_2.0.0.202105311346/tools/bin/../lib/gcc/arm-none-eabi/9.3.1/thumb/v7e-m+fp/hard/crtbegin.o

.rodata         0x000000000800466c       0xbc
                0x000000000800466c                . = ALIGN (0x4)
 *(.rodata)
 .rodata        0x000000000800466c       0x27 ./Core/Src/main.o
 *fill*         0x0000000008004693        0x1 
 .rodata        0x0000000008004694        0x5 ./ThridParty/FreeRTOS/tasks.o
 *fill*         0x0000000008004699        0x3 
 .rodata        0x000000000800469c        0xd ./ThridParty/FreeRTOS/timers.o
 *(.rodata*)
 *fill*         0x00000000080046a9        0x3 
 .rodata.AHBPrescTable
                0x00000000080046ac       0x10 ./Core/Src/system_stm32f4xx.o
                0x00000000080046ac                AHBPrescTable
 .rodata.APBPrescTable
                0x00000000080046bc        0x8 ./Core/Src/system_stm32f4xx.o
                0x00000000080046bc                APBPrescTable
 .rodata._global_impure_ptr
                0x00000000080046c4        0x4 c:/st/stm32cubeide_1.8.0/stm32cubeide/plugins/com.st.stm32cube.ide.mcu.externaltools.gnu-tools-for-stm32.9-2020-q2-update.win32_2.0.0.202105311346/tools/bin/../lib/gcc/arm-none-eabi/9.3.1/../../../../arm-none-eabi/lib/thumb/v7e-m+fp/hard\libc_nano.a(lib_a-impure.o)
                0x00000000080046c4                _global_impure_ptr
 .rodata.__sf_fake_stderr
                0x00000000080046c8       0x20 c:/st/stm32cubeide_1.8.0/stm32cubeide/plugins/com.st.stm32cube.ide.mcu.externaltools.gnu-tools-for-stm32.9-2020-q2-update.win32_2.0.0.202105311346/tools/bin/../lib/gcc/arm-none-eabi/9.3.1/../../../../arm-none-eabi/lib/thumb/v7e-m+fp/hard\libc_nano.a(lib_a-findfp.o)
                0x00000000080046c8                __sf_fake_stderr
 .rodata.__sf_fake_stdin
                0x00000000080046e8       0x20 c:/st/stm32cubeide_1.8.0/stm32cubeide/plugins/com.st.stm32cube.ide.mcu.externaltools.gnu-tools-for-stm32.9-2020-q2-update.win32_2.0.0.202105311346/tools/bin/../lib/gcc/arm-none-eabi/9.3.1/../../../../arm-none-eabi/lib/thumb/v7e-m+fp/hard\libc_nano.a(lib_a-findfp.o)
                0x00000000080046e8                __sf_fake_stdin
 .rodata.__sf_fake_stdout
                0x0000000008004708       0x20 c:/st/stm32cubeide_1.8.0/stm32cubeide/plugins/com.st.stm32cube.ide.mcu.externaltools.gnu-tools-for-stm32.9-2020-q2-update.win32_2.0.0.202105311346/tools/bin/../lib/gcc/arm-none-eabi/9.3.1/../../../../arm-none-eabi/lib/thumb/v7e-m+fp/hard\libc_nano.a(lib_a-findfp.o)
                0x0000000008004708                __sf_fake_stdout
                0x0000000008004728                . = ALIGN (0x4)

.ARM.extab      0x0000000008004728        0x0
                0x0000000008004728                . = ALIGN (0x4)
 *(.ARM.extab* .gnu.linkonce.armextab.*)
                0x0000000008004728                . = ALIGN (0x4)

.ARM            0x0000000008004728        0x8
                0x0000000008004728                . = ALIGN (0x4)
                0x0000000008004728                __exidx_start = .
 *(.ARM.exidx*)
 .ARM.exidx     0x0000000008004728        0x8 c:/st/stm32cubeide_1.8.0/stm32cubeide/plugins/com.st.stm32cube.ide.mcu.externaltools.gnu-tools-for-stm32.9-2020-q2-update.win32_2.0.0.202105311346/tools/bin/../lib/gcc/arm-none-eabi/9.3.1/thumb/v7e-m+fp/hard\libgcc.a(_udivmoddi4.o)
                0x0000000008004730                __exidx_end = .
                0x0000000008004730                . = ALIGN (0x4)

.rel.dyn        0x0000000008004730        0x0
 .rel.iplt      0x0000000008004730        0x0 c:/st/stm32cubeide_1.8.0/stm32cubeide/plugins/com.st.stm32cube.ide.mcu.externaltools.gnu-tools-for-stm32.9-2020-q2-update.win32_2.0.0.202105311346/tools/bin/../lib/gcc/arm-none-eabi/9.3.1/thumb/v7e-m+fp/hard/crtbegin.o

.preinit_array  0x0000000008004730        0x0
                0x0000000008004730                . = ALIGN (0x4)
                0x0000000008004730                PROVIDE (__preinit_array_start = .)
 *(.preinit_array*)
                0x0000000008004730                PROVIDE (__preinit_array_end = .)
                0x0000000008004730                . = ALIGN (0x4)

.init_array     0x0000000008004730        0x4
                0x0000000008004730                . = ALIGN (0x4)
                0x0000000008004730                PROVIDE (__init_array_start = .)
 *(SORT_BY_NAME(.init_array.*))
 *(.init_array*)
 .init_array    0x0000000008004730        0x4 c:/st/stm32cubeide_1.8.0/stm32cubeide/plugins/com.st.stm32cube.ide.mcu.externaltools.gnu-tools-for-stm32.9-2020-q2-update.win32_2.0.0.202105311346/tools/bin/../lib/gcc/arm-none-eabi/9.3.1/thumb/v7e-m+fp/hard/crtbegin.o
                0x0000000008004734                PROVIDE (__init_array_end = .)
                0x0000000008004734                . = ALIGN (0x4)

.fini_array     0x0000000008004734        0x4
                0x0000000008004734                . = ALIGN (0x4)
                [!provide]                        PROVIDE (__fini_array_start = .)
 *(SORT_BY_NAME(.fini_array.*))
 *(.fini_array*)
 .fini_array    0x0000000008004734        0x4 c:/st/stm32cubeide_1.8.0/stm32cubeide/plugins/com.st.stm32cube.ide.mcu.externaltools.gnu-tools-for-stm32.9-2020-q2-update.win32_2.0.0.202105311346/tools/bin/../lib/gcc/arm-none-eabi/9.3.1/thumb/v7e-m+fp/hard/crtbegin.o
                [!provide]                        PROVIDE (__fini_array_end = .)
                0x0000000008004738                . = ALIGN (0x4)
                0x0000000008004738                _sidata = LOADADDR (.data)

.data           0x0000000020000000       0x78 load address 0x0000000008004738
                0x0000000020000000                . = ALIGN (0x4)
                0x0000000020000000                _sdata = .
 *(.data)
 *(.data*)
 .data.SystemCoreClock
                0x0000000020000000        0x4 ./Core/Src/system_stm32f4xx.o
                0x0000000020000000                SystemCoreClock
 .data.uwTickPrio
                0x0000000020000004        0x4 ./Drivers/STM32F4xx_HAL_Driver/Src/stm32f4xx_hal.o
                0x0000000020000004                uwTickPrio
 .data.uwTickFreq
                0x0000000020000008        0x1 ./Drivers/STM32F4xx_HAL_Driver/Src/stm32f4xx_hal.o
                0x0000000020000008                uwTickFreq
 *fill*         0x0000000020000009        0x3 
 .data.uxTopUsedPriority
                0x000000002000000c        0x4 ./ThridParty/FreeRTOS/tasks.o
                0x000000002000000c                uxTopUsedPriority
 .data.uxCriticalNesting
                0x0000000020000010        0x4 ./ThridParty/FreeRTOS/portable/GCC/ARM_CM4F/port.o
 .data._impure_ptr
                0x0000000020000014        0x4 c:/st/stm32cubeide_1.8.0/stm32cubeide/plugins/com.st.stm32cube.ide.mcu.externaltools.gnu-tools-for-stm32.9-2020-q2-update.win32_2.0.0.202105311346/tools/bin/../lib/gcc/arm-none-eabi/9.3.1/../../../../arm-none-eabi/lib/thumb/v7e-m+fp/hard\libc_nano.a(lib_a-impure.o)
                0x0000000020000014                _impure_ptr
 .data.impure_data
                0x0000000020000018       0x60 c:/st/stm32cubeide_1.8.0/stm32cubeide/plugins/com.st.stm32cube.ide.mcu.externaltools.gnu-tools-for-stm32.9-2020-q2-update.win32_2.0.0.202105311346/tools/bin/../lib/gcc/arm-none-eabi/9.3.1/../../../../arm-none-eabi/lib/thumb/v7e-m+fp/hard\libc_nano.a(lib_a-impure.o)
 *(.RamFunc)
 *(.RamFunc*)
                0x0000000020000078                . = ALIGN (0x4)
                0x0000000020000078                _edata = .

.igot.plt       0x0000000020000078        0x0 load address 0x00000000080047b0
 .igot.plt      0x0000000020000078        0x0 c:/st/stm32cubeide_1.8.0/stm32cubeide/plugins/com.st.stm32cube.ide.mcu.externaltools.gnu-tools-for-stm32.9-2020-q2-update.win32_2.0.0.202105311346/tools/bin/../lib/gcc/arm-none-eabi/9.3.1/thumb/v7e-m+fp/hard/crtbegin.o
                0x0000000020000078                . = ALIGN (0x4)

.bss            0x0000000020000078    0x12e2c load address 0x00000000080047b0
                0x0000000020000078                _sbss = .
                0x0000000020000078                __bss_start__ = _sbss
 *(.bss)
 .bss           0x0000000020000078       0x1c c:/st/stm32cubeide_1.8.0/stm32cubeide/plugins/com.st.stm32cube.ide.mcu.externaltools.gnu-tools-for-stm32.9-2020-q2-update.win32_2.0.0.202105311346/tools/bin/../lib/gcc/arm-none-eabi/9.3.1/thumb/v7e-m+fp/hard/crtbegin.o
 *(.bss*)
 .bss.pxCurrentTCB
                0x0000000020000094        0x4 ./ThridParty/FreeRTOS/tasks.o
                0x0000000020000094                pxCurrentTCB
 .bss.pxReadyTasksLists
                0x0000000020000098       0x64 ./ThridParty/FreeRTOS/tasks.o
 .bss.xDelayedTaskList1
                0x00000000200000fc       0x14 ./ThridParty/FreeRTOS/tasks.o
 .bss.xDelayedTaskList2
                0x0000000020000110       0x14 ./ThridParty/FreeRTOS/tasks.o
 .bss.pxDelayedTaskList
                0x0000000020000124        0x4 ./ThridParty/FreeRTOS/tasks.o
 .bss.pxOverflowDelayedTaskList
                0x0000000020000128        0x4 ./ThridParty/FreeRTOS/tasks.o
 .bss.xPendingReadyList
                0x000000002000012c       0x14 ./ThridParty/FreeRTOS/tasks.o
 .bss.xTasksWaitingTermination
                0x0000000020000140       0x14 ./ThridParty/FreeRTOS/tasks.o
 .bss.uxDeletedTasksWaitingCleanUp
                0x0000000020000154        0x4 ./ThridParty/FreeRTOS/tasks.o
 .bss.xSuspendedTaskList
                0x0000000020000158       0x14 ./ThridParty/FreeRTOS/tasks.o
 .bss.uxCurrentNumberOfTasks
                0x000000002000016c        0x4 ./ThridParty/FreeRTOS/tasks.o
 .bss.xTickCount
                0x0000000020000170        0x4 ./ThridParty/FreeRTOS/tasks.o
 .bss.uxTopReadyPriority
                0x0000000020000174        0x4 ./ThridParty/FreeRTOS/tasks.o
 .bss.xSchedulerRunning
                0x0000000020000178        0x4 ./ThridParty/FreeRTOS/tasks.o
 .bss.xPendedTicks
                0x000000002000017c        0x4 ./ThridParty/FreeRTOS/tasks.o
 .bss.xYieldPending
                0x0000000020000180        0x4 ./ThridParty/FreeRTOS/tasks.o
 .bss.xNumOfOverflows
                0x0000000020000184        0x4 ./ThridParty/FreeRTOS/tasks.o
 .bss.uxTaskNumber
                0x0000000020000188        0x4 ./ThridParty/FreeRTOS/tasks.o
 .bss.xNextTaskUnblockTime
                0x000000002000018c        0x4 ./ThridParty/FreeRTOS/tasks.o
 .bss.xIdleTaskHandle
                0x0000000020000190        0x4 ./ThridParty/FreeRTOS/tasks.o
 .bss.uxSchedulerSuspended
                0x0000000020000194        0x4 ./ThridParty/FreeRTOS/tasks.o
 .bss.xActiveTimerList1
                0x0000000020000198       0x14 ./ThridParty/FreeRTOS/timers.o
 .bss.xActiveTimerList2
                0x00000000200001ac       0x14 ./ThridParty/FreeRTOS/timers.o
 .bss.pxCurrentTimerList
                0x00000000200001c0        0x4 ./ThridParty/FreeRTOS/timers.o
 .bss.pxOverflowTimerList
                0x00000000200001c4        0x4 ./ThridParty/FreeRTOS/timers.o
 .bss.xTimerQueue
                0x00000000200001c8        0x4 ./ThridParty/FreeRTOS/timers.o
 .bss.xTimerTaskHandle
                0x00000000200001cc        0x4 ./ThridParty/FreeRTOS/timers.o
 .bss.xLastTime.6904
                0x00000000200001d0        0x4 ./ThridParty/FreeRTOS/timers.o
 .bss.ucMaxSysCallPriority
                0x00000000200001d4        0x1 ./ThridParty/FreeRTOS/portable/GCC/ARM_CM4F/port.o
 *fill*         0x00000000200001d5        0x3 
 .bss.ulMaxPRIGROUPValue
                0x00000000200001d8        0x4 ./ThridParty/FreeRTOS/portable/GCC/ARM_CM4F/port.o
 .bss.ucHeap    0x00000000200001dc    0x12c00 ./ThridParty/FreeRTOS/portable/MemMang/heap_4.o
 .bss.xStart    0x0000000020012ddc        0x8 ./ThridParty/FreeRTOS/portable/MemMang/heap_4.o
 .bss.pxEnd     0x0000000020012de4        0x4 ./ThridParty/FreeRTOS/portable/MemMang/heap_4.o
 .bss.xFreeBytesRemaining
                0x0000000020012de8        0x4 ./ThridParty/FreeRTOS/portable/MemMang/heap_4.o
 .bss.xMinimumEverFreeBytesRemaining
                0x0000000020012dec        0x4 ./ThridParty/FreeRTOS/portable/MemMang/heap_4.o
 .bss.xNumberOfSuccessfulAllocations
                0x0000000020012df0        0x4 ./ThridParty/FreeRTOS/portable/MemMang/heap_4.o
 .bss.xNumberOfSuccessfulFrees
                0x0000000020012df4        0x4 ./ThridParty/FreeRTOS/portable/MemMang/heap_4.o
 .bss.xBlockAllocatedBit
                0x0000000020012df8        0x4 ./ThridParty/FreeRTOS/portable/MemMang/heap_4.o
 .bss.__malloc_free_list
                0x0000000020012dfc        0x4 c:/st/stm32cubeide_1.8.0/stm32cubeide/plugins/com.st.stm32cube.ide.mcu.externaltools.gnu-tools-for-stm32.9-2020-q2-update.win32_2.0.0.202105311346/tools/bin/../lib/gcc/arm-none-eabi/9.3.1/../../../../arm-none-eabi/lib/thumb/v7e-m+fp/hard\libc_nano.a(lib_a-nano-mallocr.o)
                0x0000000020012dfc                __malloc_free_list
 .bss.__malloc_sbrk_start
                0x0000000020012e00        0x4 c:/st/stm32cubeide_1.8.0/stm32cubeide/plugins/com.st.stm32cube.ide.mcu.externaltools.gnu-tools-for-stm32.9-2020-q2-update.win32_2.0.0.202105311346/tools/bin/../lib/gcc/arm-none-eabi/9.3.1/../../../../arm-none-eabi/lib/thumb/v7e-m+fp/hard\libc_nano.a(lib_a-nano-mallocr.o)
                0x0000000020012e00                __malloc_sbrk_start
 .bss.heap_end.5507
                0x0000000020012e04        0x4 c:/st/stm32cubeide_1.8.0/stm32cubeide/plugins/com.st.stm32cube.ide.mcu.externaltools.gnu-tools-for-stm32.9-2020-q2-update.win32_2.0.0.202105311346/tools/bin/../lib/gcc/arm-none-eabi/9.3.1/../../../../arm-none-eabi/lib/thumb/v7e-m+fp/hard\libnosys.a(sbrk.o)
 *(COMMON)
 COMMON         0x0000000020012e08       0x48 ./Core/Src/stm32f4xx_hal_timebase_tim.o
                0x0000000020012e08                htim4
 COMMON         0x0000000020012e50        0x4 ./Drivers/STM32F4xx_HAL_Driver/Src/stm32f4xx_hal.o
                0x0000000020012e50                uwTick
 COMMON         0x0000000020012e54       0x40 ./ThridParty/FreeRTOS/queue.o
                0x0000000020012e54                xQueueRegistry
 COMMON         0x0000000020012e94        0x9 c:/st/stm32cubeide_1.8.0/stm32cubeide/plugins/com.st.stm32cube.ide.mcu.externaltools.gnu-tools-for-stm32.9-2020-q2-update.win32_2.0.0.202105311346/tools/bin/../lib/gcc/arm-none-eabi/9.3.1/../../../../arm-none-eabi/lib/thumb/v7e-m+fp/hard\libc_nano.a(lib_a-lock.o)
                0x0000000020012e94                __lock___atexit_recursive_mutex
                0x0000000020012e95                __lock___arc4random_mutex
                0x0000000020012e96                __lock___env_recursive_mutex
                0x0000000020012e97                __lock___sinit_recursive_mutex
                0x0000000020012e98                __lock___malloc_recursive_mutex
                0x0000000020012e99                __lock___at_quick_exit_mutex
                0x0000000020012e9a                __lock___dd_hash_mutex
                0x0000000020012e9b                __lock___tz_mutex
                0x0000000020012e9c                __lock___sfp_recursive_mutex
 *fill*         0x0000000020012e9d        0x3 
 COMMON         0x0000000020012ea0        0x4 c:/st/stm32cubeide_1.8.0/stm32cubeide/plugins/com.st.stm32cube.ide.mcu.externaltools.gnu-tools-for-stm32.9-2020-q2-update.win32_2.0.0.202105311346/tools/bin/../lib/gcc/arm-none-eabi/9.3.1/../../../../arm-none-eabi/lib/thumb/v7e-m+fp/hard\libc_nano.a(lib_a-reent.o)
                0x0000000020012ea0                errno
                0x0000000020012ea4                . = ALIGN (0x4)
                0x0000000020012ea4                _ebss = .
                0x0000000020012ea4                __bss_end__ = _ebss

._user_heap_stack
                0x0000000020012ea4      0x604 load address 0x00000000080047b0
                0x0000000020012ea8                . = ALIGN (0x8)
 *fill*         0x0000000020012ea4        0x4 
                0x0000000020012ea8                PROVIDE (end = .)
                [!provide]                        PROVIDE (_end = .)
                0x00000000200130a8                . = (. + _Min_Heap_Size)
 *fill*         0x0000000020012ea8      0x200 
                0x00000000200134a8                . = (. + _Min_Stack_Size)
 *fill*         0x00000000200130a8      0x400 
                0x00000000200134a8                . = ALIGN (0x8)

/DISCARD/
 libc.a(*)
 libm.a(*)
 libgcc.a(*)

.ARM.attributes
                0x0000000000000000       0x30
 *(.ARM.attributes)
 .ARM.attributes
                0x0000000000000000       0x1e c:/st/stm32cubeide_1.8.0/stm32cubeide/plugins/com.st.stm32cube.ide.mcu.externaltools.gnu-tools-for-stm32.9-2020-q2-update.win32_2.0.0.202105311346/tools/bin/../lib/gcc/arm-none-eabi/9.3.1/thumb/v7e-m+fp/hard/crti.o
 .ARM.attributes
                0x000000000000001e       0x34 c:/st/stm32cubeide_1.8.0/stm32cubeide/plugins/com.st.stm32cube.ide.mcu.externaltools.gnu-tools-for-stm32.9-2020-q2-update.win32_2.0.0.202105311346/tools/bin/../lib/gcc/arm-none-eabi/9.3.1/thumb/v7e-m+fp/hard/crtbegin.o
 .ARM.attributes
                0x0000000000000052       0x34 ./Core/Src/main.o
 .ARM.attributes
                0x0000000000000086       0x34 ./Core/Src/stm32f4xx_hal_msp.o
 .ARM.attributes
                0x00000000000000ba       0x34 ./Core/Src/stm32f4xx_hal_timebase_tim.o
 .ARM.attributes
                0x00000000000000ee       0x34 ./Core/Src/stm32f4xx_it.o
 .ARM.attributes
                0x0000000000000122       0x34 ./Core/Src/syscalls.o
 .ARM.attributes
                0x0000000000000156       0x34 ./Core/Src/system_stm32f4xx.o
 .ARM.attributes
                0x000000000000018a       0x21 ./Core/Startup/startup_stm32f401vetx.o
 .ARM.attributes
                0x00000000000001ab       0x34 ./Drivers/STM32F4xx_HAL_Driver/Src/stm32f4xx_hal.o
 .ARM.attributes
                0x00000000000001df       0x34 ./Drivers/STM32F4xx_HAL_Driver/Src/stm32f4xx_hal_cortex.o
 .ARM.attributes
                0x0000000000000213       0x34 ./Drivers/STM32F4xx_HAL_Driver/Src/stm32f4xx_hal_rcc.o
 .ARM.attributes
                0x0000000000000247       0x34 ./Drivers/STM32F4xx_HAL_Driver/Src/stm32f4xx_hal_tim.o
 .ARM.attributes
                0x000000000000027b       0x34 ./Drivers/STM32F4xx_HAL_Driver/Src/stm32f4xx_hal_tim_ex.o
 .ARM.attributes
                0x00000000000002af       0x34 ./ThridParty/FreeRTOS/list.o
 .ARM.attributes
                0x00000000000002e3       0x34 ./ThridParty/FreeRTOS/queue.o
 .ARM.attributes
                0x0000000000000317       0x34 ./ThridParty/FreeRTOS/tasks.o
 .ARM.attributes
                0x000000000000034b       0x34 ./ThridParty/FreeRTOS/timers.o
 .ARM.attributes
                0x000000000000037f       0x34 ./ThridParty/FreeRTOS/portable/GCC/ARM_CM4F/port.o
 .ARM.attributes
                0x00000000000003b3       0x34 ./ThridParty/FreeRTOS/portable/MemMang/heap_4.o
 .ARM.attributes
                0x00000000000003e7       0x32 c:/st/stm32cubeide_1.8.0/stm32cubeide/plugins/com.st.stm32cube.ide.mcu.externaltools.gnu-tools-for-stm32.9-2020-q2-update.win32_2.0.0.202105311346/tools/bin/../lib/gcc/arm-none-eabi/9.3.1/../../../../arm-none-eabi/lib/thumb/v7e-m+fp/hard\libc_nano.a(lib_a-impure.o)
 .ARM.attributes
                0x0000000000000419       0x34 c:/st/stm32cubeide_1.8.0/stm32cubeide/plugins/com.st.stm32cube.ide.mcu.externaltools.gnu-tools-for-stm32.9-2020-q2-update.win32_2.0.0.202105311346/tools/bin/../lib/gcc/arm-none-eabi/9.3.1/../../../../arm-none-eabi/lib/thumb/v7e-m+fp/hard\libc_nano.a(lib_a-init.o)
 .ARM.attributes
                0x000000000000044d       0x34 c:/st/stm32cubeide_1.8.0/stm32cubeide/plugins/com.st.stm32cube.ide.mcu.externaltools.gnu-tools-for-stm32.9-2020-q2-update.win32_2.0.0.202105311346/tools/bin/../lib/gcc/arm-none-eabi/9.3.1/../../../../arm-none-eabi/lib/thumb/v7e-m+fp/hard\libc_nano.a(lib_a-memcpy-stub.o)
 .ARM.attributes
                0x0000000000000481       0x34 c:/st/stm32cubeide_1.8.0/stm32cubeide/plugins/com.st.stm32cube.ide.mcu.externaltools.gnu-tools-for-stm32.9-2020-q2-update.win32_2.0.0.202105311346/tools/bin/../lib/gcc/arm-none-eabi/9.3.1/../../../../arm-none-eabi/lib/thumb/v7e-m+fp/hard\libc_nano.a(lib_a-memset.o)
 .ARM.attributes
                0x00000000000004b5       0x34 c:/st/stm32cubeide_1.8.0/stm32cubeide/plugins/com.st.stm32cube.ide.mcu.externaltools.gnu-tools-for-stm32.9-2020-q2-update.win32_2.0.0.202105311346/tools/bin/../lib/gcc/arm-none-eabi/9.3.1/../../../../arm-none-eabi/lib/thumb/v7e-m+fp/hard\libc_nano.a(lib_a-puts.o)
 .ARM.attributes
                0x00000000000004e9       0x34 c:/st/stm32cubeide_1.8.0/stm32cubeide/plugins/com.st.stm32cube.ide.mcu.externaltools.gnu-tools-for-stm32.9-2020-q2-update.win32_2.0.0.202105311346/tools/bin/../lib/gcc/arm-none-eabi/9.3.1/../../../../arm-none-eabi/lib/thumb/v7e-m+fp/hard\libc_nano.a(lib_a-wbuf.o)
 .ARM.attributes
                0x000000000000051d       0x34 c:/st/stm32cubeide_1.8.0/stm32cubeide/plugins/com.st.stm32cube.ide.mcu.externaltools.gnu-tools-for-stm32.9-2020-q2-update.win32_2.0.0.202105311346/tools/bin/../lib/gcc/arm-none-eabi/9.3.1/../../../../arm-none-eabi/lib/thumb/v7e-m+fp/hard\libc_nano.a(lib_a-wsetup.o)
 .ARM.attributes
                0x0000000000000551       0x34 c:/st/stm32cubeide_1.8.0/stm32cubeide/plugins/com.st.stm32cube.ide.mcu.externaltools.gnu-tools-for-stm32.9-2020-q2-update.win32_2.0.0.202105311346/tools/bin/../lib/gcc/arm-none-eabi/9.3.1/../../../../arm-none-eabi/lib/thumb/v7e-m+fp/hard\libc_nano.a(lib_a-fflush.o)
 .ARM.attributes
                0x0000000000000585       0x34 c:/st/stm32cubeide_1.8.0/stm32cubeide/plugins/com.st.stm32cube.ide.mcu.externaltools.gnu-tools-for-stm32.9-2020-q2-update.win32_2.0.0.202105311346/tools/bin/../lib/gcc/arm-none-eabi/9.3.1/../../../../arm-none-eabi/lib/thumb/v7e-m+fp/hard\libc_nano.a(lib_a-findfp.o)
 .ARM.attributes
                0x00000000000005b9       0x34 c:/st/stm32cubeide_1.8.0/stm32cubeide/plugins/com.st.stm32cube.ide.mcu.externaltools.gnu-tools-for-stm32.9-2020-q2-update.win32_2.0.0.202105311346/tools/bin/../lib/gcc/arm-none-eabi/9.3.1/../../../../arm-none-eabi/lib/thumb/v7e-m+fp/hard\libc_nano.a(lib_a-fwalk.o)
 .ARM.attributes
                0x00000000000005ed       0x34 c:/st/stm32cubeide_1.8.0/stm32cubeide/plugins/com.st.stm32cube.ide.mcu.externaltools.gnu-tools-for-stm32.9-2020-q2-update.win32_2.0.0.202105311346/tools/bin/../lib/gcc/arm-none-eabi/9.3.1/../../../../arm-none-eabi/lib/thumb/v7e-m+fp/hard\libc_nano.a(lib_a-lock.o)
 .ARM.attributes
                0x0000000000000621       0x34 c:/st/stm32cubeide_1.8.0/stm32cubeide/plugins/com.st.stm32cube.ide.mcu.externaltools.gnu-tools-for-stm32.9-2020-q2-update.win32_2.0.0.202105311346/tools/bin/../lib/gcc/arm-none-eabi/9.3.1/../../../../arm-none-eabi/lib/thumb/v7e-m+fp/hard\libc_nano.a(lib_a-makebuf.o)
 .ARM.attributes
                0x0000000000000655       0x34 c:/st/stm32cubeide_1.8.0/stm32cubeide/plugins/com.st.stm32cube.ide.mcu.externaltools.gnu-tools-for-stm32.9-2020-q2-update.win32_2.0.0.202105311346/tools/bin/../lib/gcc/arm-none-eabi/9.3.1/../../../../arm-none-eabi/lib/thumb/v7e-m+fp/hard\libc_nano.a(lib_a-nano-freer.o)
 .ARM.attributes
                0x0000000000000689       0x34 c:/st/stm32cubeide_1.8.0/stm32cubeide/plugins/com.st.stm32cube.ide.mcu.externaltools.gnu-tools-for-stm32.9-2020-q2-update.win32_2.0.0.202105311346/tools/bin/../lib/gcc/arm-none-eabi/9.3.1/../../../../arm-none-eabi/lib/thumb/v7e-m+fp/hard\libc_nano.a(lib_a-nano-mallocr.o)
 .ARM.attributes
                0x00000000000006bd       0x34 c:/st/stm32cubeide_1.8.0/stm32cubeide/plugins/com.st.stm32cube.ide.mcu.externaltools.gnu-tools-for-stm32.9-2020-q2-update.win32_2.0.0.202105311346/tools/bin/../lib/gcc/arm-none-eabi/9.3.1/../../../../arm-none-eabi/lib/thumb/v7e-m+fp/hard\libc_nano.a(lib_a-sbrkr.o)
 .ARM.attributes
                0x00000000000006f1       0x34 c:/st/stm32cubeide_1.8.0/stm32cubeide/plugins/com.st.stm32cube.ide.mcu.externaltools.gnu-tools-for-stm32.9-2020-q2-update.win32_2.0.0.202105311346/tools/bin/../lib/gcc/arm-none-eabi/9.3.1/../../../../arm-none-eabi/lib/thumb/v7e-m+fp/hard\libc_nano.a(lib_a-stdio.o)
 .ARM.attributes
                0x0000000000000725       0x34 c:/st/stm32cubeide_1.8.0/stm32cubeide/plugins/com.st.stm32cube.ide.mcu.externaltools.gnu-tools-for-stm32.9-2020-q2-update.win32_2.0.0.202105311346/tools/bin/../lib/gcc/arm-none-eabi/9.3.1/../../../../arm-none-eabi/lib/thumb/v7e-m+fp/hard\libc_nano.a(lib_a-writer.o)
 .ARM.attributes
                0x0000000000000759       0x34 c:/st/stm32cubeide_1.8.0/stm32cubeide/plugins/com.st.stm32cube.ide.mcu.externaltools.gnu-tools-for-stm32.9-2020-q2-update.win32_2.0.0.202105311346/tools/bin/../lib/gcc/arm-none-eabi/9.3.1/../../../../arm-none-eabi/lib/thumb/v7e-m+fp/hard\libc_nano.a(lib_a-closer.o)
 .ARM.attributes
                0x000000000000078d       0x34 c:/st/stm32cubeide_1.8.0/stm32cubeide/plugins/com.st.stm32cube.ide.mcu.externaltools.gnu-tools-for-stm32.9-2020-q2-update.win32_2.0.0.202105311346/tools/bin/../lib/gcc/arm-none-eabi/9.3.1/../../../../arm-none-eabi/lib/thumb/v7e-m+fp/hard\libc_nano.a(lib_a-fstatr.o)
 .ARM.attributes
                0x00000000000007c1       0x34 c:/st/stm32cubeide_1.8.0/stm32cubeide/plugins/com.st.stm32cube.ide.mcu.externaltools.gnu-tools-for-stm32.9-2020-q2-update.win32_2.0.0.202105311346/tools/bin/../lib/gcc/arm-none-eabi/9.3.1/../../../../arm-none-eabi/lib/thumb/v7e-m+fp/hard\libc_nano.a(lib_a-isattyr.o)
 .ARM.attributes
                0x00000000000007f5       0x34 c:/st/stm32cubeide_1.8.0/stm32cubeide/plugins/com.st.stm32cube.ide.mcu.externaltools.gnu-tools-for-stm32.9-2020-q2-update.win32_2.0.0.202105311346/tools/bin/../lib/gcc/arm-none-eabi/9.3.1/../../../../arm-none-eabi/lib/thumb/v7e-m+fp/hard\libc_nano.a(lib_a-lseekr.o)
 .ARM.attributes
                0x0000000000000829       0x34 c:/st/stm32cubeide_1.8.0/stm32cubeide/plugins/com.st.stm32cube.ide.mcu.externaltools.gnu-tools-for-stm32.9-2020-q2-update.win32_2.0.0.202105311346/tools/bin/../lib/gcc/arm-none-eabi/9.3.1/../../../../arm-none-eabi/lib/thumb/v7e-m+fp/hard\libc_nano.a(lib_a-mlock.o)
 .ARM.attributes
                0x000000000000085d       0x34 c:/st/stm32cubeide_1.8.0/stm32cubeide/plugins/com.st.stm32cube.ide.mcu.externaltools.gnu-tools-for-stm32.9-2020-q2-update.win32_2.0.0.202105311346/tools/bin/../lib/gcc/arm-none-eabi/9.3.1/../../../../arm-none-eabi/lib/thumb/v7e-m+fp/hard\libc_nano.a(lib_a-readr.o)
 .ARM.attributes
                0x0000000000000891       0x34 c:/st/stm32cubeide_1.8.0/stm32cubeide/plugins/com.st.stm32cube.ide.mcu.externaltools.gnu-tools-for-stm32.9-2020-q2-update.win32_2.0.0.202105311346/tools/bin/../lib/gcc/arm-none-eabi/9.3.1/../../../../arm-none-eabi/lib/thumb/v7e-m+fp/hard\libc_nano.a(lib_a-reent.o)
 .ARM.attributes
                0x00000000000008c5       0x1e c:/st/stm32cubeide_1.8.0/stm32cubeide/plugins/com.st.stm32cube.ide.mcu.externaltools.gnu-tools-for-stm32.9-2020-q2-update.win32_2.0.0.202105311346/tools/bin/../lib/gcc/arm-none-eabi/9.3.1/thumb/v7e-m+fp/hard\libgcc.a(_aeabi_uldivmod.o)
 .ARM.attributes
                0x00000000000008e3       0x34 c:/st/stm32cubeide_1.8.0/stm32cubeide/plugins/com.st.stm32cube.ide.mcu.externaltools.gnu-tools-for-stm32.9-2020-q2-update.win32_2.0.0.202105311346/tools/bin/../lib/gcc/arm-none-eabi/9.3.1/thumb/v7e-m+fp/hard\libgcc.a(_udivmoddi4.o)
 .ARM.attributes
                0x0000000000000917       0x1e c:/st/stm32cubeide_1.8.0/stm32cubeide/plugins/com.st.stm32cube.ide.mcu.externaltools.gnu-tools-for-stm32.9-2020-q2-update.win32_2.0.0.202105311346/tools/bin/../lib/gcc/arm-none-eabi/9.3.1/thumb/v7e-m+fp/hard\libgcc.a(_dvmd_tls.o)
 .ARM.attributes
                0x0000000000000935       0x34 c:/st/stm32cubeide_1.8.0/stm32cubeide/plugins/com.st.stm32cube.ide.mcu.externaltools.gnu-tools-for-stm32.9-2020-q2-update.win32_2.0.0.202105311346/tools/bin/../lib/gcc/arm-none-eabi/9.3.1/../../../../arm-none-eabi/lib/thumb/v7e-m+fp/hard\libnosys.a(sbrk.o)
 .ARM.attributes
                0x0000000000000969       0x1e c:/st/stm32cubeide_1.8.0/stm32cubeide/plugins/com.st.stm32cube.ide.mcu.externaltools.gnu-tools-for-stm32.9-2020-q2-update.win32_2.0.0.202105311346/tools/bin/../lib/gcc/arm-none-eabi/9.3.1/thumb/v7e-m+fp/hard/crtn.o
OUTPUT(RTOS_02 - TASK-001.elf elf32-littlearm)
LOAD linker stubs
LOAD c:/st/stm32cubeide_1.8.0/stm32cubeide/plugins/com.st.stm32cube.ide.mcu.externaltools.gnu-tools-for-stm32.9-2020-q2-update.win32_2.0.0.202105311346/tools/bin/../lib/gcc/arm-none-eabi/9.3.1/../../../../arm-none-eabi/lib/thumb/v7e-m+fp/hard\libc.a
LOAD c:/st/stm32cubeide_1.8.0/stm32cubeide/plugins/com.st.stm32cube.ide.mcu.externaltools.gnu-tools-for-stm32.9-2020-q2-update.win32_2.0.0.202105311346/tools/bin/../lib/gcc/arm-none-eabi/9.3.1/../../../../arm-none-eabi/lib/thumb/v7e-m+fp/hard\libm.a
LOAD c:/st/stm32cubeide_1.8.0/stm32cubeide/plugins/com.st.stm32cube.ide.mcu.externaltools.gnu-tools-for-stm32.9-2020-q2-update.win32_2.0.0.202105311346/tools/bin/../lib/gcc/arm-none-eabi/9.3.1/thumb/v7e-m+fp/hard\libgcc.a

.debug_info     0x0000000000000000    0x125d2
 .debug_info    0x0000000000000000     0x1527 ./Core/Src/main.o
 .debug_info    0x0000000000001527      0x3c0 ./Core/Src/stm32f4xx_hal_msp.o
 .debug_info    0x00000000000018e7      0xbfa ./Core/Src/stm32f4xx_hal_timebase_tim.o
 .debug_info    0x00000000000024e1      0x7c3 ./Core/Src/stm32f4xx_it.o
 .debug_info    0x0000000000002ca4      0xfed ./Core/Src/syscalls.o
 .debug_info    0x0000000000003c91      0x5d0 ./Core/Src/system_stm32f4xx.o
 .debug_info    0x0000000000004261       0x22 ./Core/Startup/startup_stm32f401vetx.o
 .debug_info    0x0000000000004283      0x93d ./Drivers/STM32F4xx_HAL_Driver/Src/stm32f4xx_hal.o
 .debug_info    0x0000000000004bc0      0xe41 ./Drivers/STM32F4xx_HAL_Driver/Src/stm32f4xx_hal_cortex.o
 .debug_info    0x0000000000005a01      0x9bd ./Drivers/STM32F4xx_HAL_Driver/Src/stm32f4xx_hal_rcc.o
 .debug_info    0x00000000000063be     0x2c1a ./Drivers/STM32F4xx_HAL_Driver/Src/stm32f4xx_hal_tim.o
 .debug_info    0x0000000000008fd8     0x159a ./Drivers/STM32F4xx_HAL_Driver/Src/stm32f4xx_hal_tim_ex.o
 .debug_info    0x000000000000a572      0xb82 ./ThridParty/FreeRTOS/list.o
 .debug_info    0x000000000000b0f4     0x2017 ./ThridParty/FreeRTOS/queue.o
 .debug_info    0x000000000000d10b     0x2d3d ./ThridParty/FreeRTOS/tasks.o
 .debug_info    0x000000000000fe48     0x150d ./ThridParty/FreeRTOS/timers.o
 .debug_info    0x0000000000011355      0x4f1 ./ThridParty/FreeRTOS/portable/GCC/ARM_CM4F/port.o
 .debug_info    0x0000000000011846      0xd8c ./ThridParty/FreeRTOS/portable/MemMang/heap_4.o

.debug_abbrev   0x0000000000000000     0x28a8
 .debug_abbrev  0x0000000000000000      0x2d6 ./Core/Src/main.o
 .debug_abbrev  0x00000000000002d6      0x11d ./Core/Src/stm32f4xx_hal_msp.o
 .debug_abbrev  0x00000000000003f3      0x1d0 ./Core/Src/stm32f4xx_hal_timebase_tim.o
 .debug_abbrev  0x00000000000005c3      0x187 ./Core/Src/stm32f4xx_it.o
 .debug_abbrev  0x000000000000074a      0x2a0 ./Core/Src/syscalls.o
 .debug_abbrev  0x00000000000009ea      0x145 ./Core/Src/system_stm32f4xx.o
 .debug_abbrev  0x0000000000000b2f       0x12 ./Core/Startup/startup_stm32f401vetx.o
 .debug_abbrev  0x0000000000000b41      0x21e ./Drivers/STM32F4xx_HAL_Driver/Src/stm32f4xx_hal.o
 .debug_abbrev  0x0000000000000d5f      0x33c ./Drivers/STM32F4xx_HAL_Driver/Src/stm32f4xx_hal_cortex.o
 .debug_abbrev  0x000000000000109b      0x275 ./Drivers/STM32F4xx_HAL_Driver/Src/stm32f4xx_hal_rcc.o
 .debug_abbrev  0x0000000000001310      0x26f ./Drivers/STM32F4xx_HAL_Driver/Src/stm32f4xx_hal_tim.o
 .debug_abbrev  0x000000000000157f      0x277 ./Drivers/STM32F4xx_HAL_Driver/Src/stm32f4xx_hal_tim_ex.o
 .debug_abbrev  0x00000000000017f6      0x1f7 ./ThridParty/FreeRTOS/list.o
 .debug_abbrev  0x00000000000019ed      0x333 ./ThridParty/FreeRTOS/queue.o
 .debug_abbrev  0x0000000000001d20      0x39a ./ThridParty/FreeRTOS/tasks.o
 .debug_abbrev  0x00000000000020ba      0x2ea ./ThridParty/FreeRTOS/timers.o
 .debug_abbrev  0x00000000000023a4      0x231 ./ThridParty/FreeRTOS/portable/GCC/ARM_CM4F/port.o
 .debug_abbrev  0x00000000000025d5      0x2d3 ./ThridParty/FreeRTOS/portable/MemMang/heap_4.o

.debug_aranges  0x0000000000000000      0xed0
 .debug_aranges
                0x0000000000000000       0x48 ./Core/Src/main.o
 .debug_aranges
                0x0000000000000048       0x20 ./Core/Src/stm32f4xx_hal_msp.o
 .debug_aranges
                0x0000000000000068       0x30 ./Core/Src/stm32f4xx_hal_timebase_tim.o
 .debug_aranges
                0x0000000000000098       0x50 ./Core/Src/stm32f4xx_it.o
 .debug_aranges
                0x00000000000000e8       0xb0 ./Core/Src/syscalls.o
 .debug_aranges
                0x0000000000000198       0x28 ./Core/Src/system_stm32f4xx.o
 .debug_aranges
                0x00000000000001c0       0x28 ./Core/Startup/startup_stm32f401vetx.o
 .debug_aranges
                0x00000000000001e8       0xf0 ./Drivers/STM32F4xx_HAL_Driver/Src/stm32f4xx_hal.o
 .debug_aranges
                0x00000000000002d8      0x118 ./Drivers/STM32F4xx_HAL_Driver/Src/stm32f4xx_hal_cortex.o
 .debug_aranges
                0x00000000000003f0       0x88 ./Drivers/STM32F4xx_HAL_Driver/Src/stm32f4xx_hal_rcc.o
 .debug_aranges
                0x0000000000000478      0x3d0 ./Drivers/STM32F4xx_HAL_Driver/Src/stm32f4xx_hal_tim.o
 .debug_aranges
                0x0000000000000848      0x168 ./Drivers/STM32F4xx_HAL_Driver/Src/stm32f4xx_hal_tim_ex.o
 .debug_aranges
                0x00000000000009b0       0x40 ./ThridParty/FreeRTOS/list.o
 .debug_aranges
                0x00000000000009f0      0x130 ./ThridParty/FreeRTOS/queue.o
 .debug_aranges
                0x0000000000000b20      0x1f8 ./ThridParty/FreeRTOS/tasks.o
 .debug_aranges
                0x0000000000000d18       0xe0 ./ThridParty/FreeRTOS/timers.o
 .debug_aranges
                0x0000000000000df8       0x80 ./ThridParty/FreeRTOS/portable/GCC/ARM_CM4F/port.o
 .debug_aranges
                0x0000000000000e78       0x58 ./ThridParty/FreeRTOS/portable/MemMang/heap_4.o

.debug_ranges   0x0000000000000000      0xdb8
 .debug_ranges  0x0000000000000000       0x38 ./Core/Src/main.o
 .debug_ranges  0x0000000000000038       0x10 ./Core/Src/stm32f4xx_hal_msp.o
 .debug_ranges  0x0000000000000048       0x20 ./Core/Src/stm32f4xx_hal_timebase_tim.o
 .debug_ranges  0x0000000000000068       0x40 ./Core/Src/stm32f4xx_it.o
 .debug_ranges  0x00000000000000a8       0xa0 ./Core/Src/syscalls.o
 .debug_ranges  0x0000000000000148       0x18 ./Core/Src/system_stm32f4xx.o
 .debug_ranges  0x0000000000000160       0x20 ./Core/Startup/startup_stm32f401vetx.o
 .debug_ranges  0x0000000000000180       0xe0 ./Drivers/STM32F4xx_HAL_Driver/Src/stm32f4xx_hal.o
 .debug_ranges  0x0000000000000260      0x108 ./Drivers/STM32F4xx_HAL_Driver/Src/stm32f4xx_hal_cortex.o
 .debug_ranges  0x0000000000000368       0x78 ./Drivers/STM32F4xx_HAL_Driver/Src/stm32f4xx_hal_rcc.o
 .debug_ranges  0x00000000000003e0      0x3c0 ./Drivers/STM32F4xx_HAL_Driver/Src/stm32f4xx_hal_tim.o
 .debug_ranges  0x00000000000007a0      0x158 ./Drivers/STM32F4xx_HAL_Driver/Src/stm32f4xx_hal_tim_ex.o
 .debug_ranges  0x00000000000008f8       0x30 ./ThridParty/FreeRTOS/list.o
 .debug_ranges  0x0000000000000928      0x120 ./ThridParty/FreeRTOS/queue.o
 .debug_ranges  0x0000000000000a48      0x1e8 ./ThridParty/FreeRTOS/tasks.o
 .debug_ranges  0x0000000000000c30       0xd0 ./ThridParty/FreeRTOS/timers.o
 .debug_ranges  0x0000000000000d00       0x70 ./ThridParty/FreeRTOS/portable/GCC/ARM_CM4F/port.o
 .debug_ranges  0x0000000000000d70       0x48 ./ThridParty/FreeRTOS/portable/MemMang/heap_4.o

.debug_macro    0x0000000000000000    0x18071
 .debug_macro   0x0000000000000000      0x39a ./Core/Src/main.o
 .debug_macro   0x000000000000039a      0xaa8 ./Core/Src/main.o
 .debug_macro   0x0000000000000e42      0x295 ./Core/Src/main.o
 .debug_macro   0x00000000000010d7       0x2e ./Core/Src/main.o
 .debug_macro   0x0000000000001105       0x28 ./Core/Src/main.o
 .debug_macro   0x000000000000112d       0x22 ./Core/Src/main.o
 .debug_macro   0x000000000000114f       0x8e ./Core/Src/main.o
 .debug_macro   0x00000000000011dd       0x51 ./Core/Src/main.o
 .debug_macro   0x000000000000122e      0x103 ./Core/Src/main.o
 .debug_macro   0x0000000000001331       0x6a ./Core/Src/main.o
 .debug_macro   0x000000000000139b      0x1df ./Core/Src/main.o
 .debug_macro   0x000000000000157a       0x1c ./Core/Src/main.o
 .debug_macro   0x0000000000001596       0x22 ./Core/Src/main.o
 .debug_macro   0x00000000000015b8       0xdf ./Core/Src/main.o
 .debug_macro   0x0000000000001697     0x102d ./Core/Src/main.o
 .debug_macro   0x00000000000026c4      0x11f ./Core/Src/main.o
 .debug_macro   0x00000000000027e3     0xb86c ./Core/Src/main.o
 .debug_macro   0x000000000000e04f       0x6d ./Core/Src/main.o
 .debug_macro   0x000000000000e0bc     0x3666 ./Core/Src/main.o
 .debug_macro   0x0000000000011722      0x174 ./Core/Src/main.o
 .debug_macro   0x0000000000011896       0x5c ./Core/Src/main.o
 .debug_macro   0x00000000000118f2      0x416 ./Core/Src/main.o
 .debug_macro   0x0000000000011d08      0x9fe ./Core/Src/main.o
 .debug_macro   0x0000000000012706      0x116 ./Core/Src/main.o
 .debug_macro   0x000000000001281c       0xf8 ./Core/Src/main.o
 .debug_macro   0x0000000000012914       0xa5 ./Core/Src/main.o
 .debug_macro   0x00000000000129b9      0x15f ./Core/Src/main.o
 .debug_macro   0x0000000000012b18      0x287 ./Core/Src/main.o
 .debug_macro   0x0000000000012d9f       0x5f ./Core/Src/main.o
 .debug_macro   0x0000000000012dfe      0x236 ./Core/Src/main.o
 .debug_macro   0x0000000000013034      0x132 ./Core/Src/main.o
 .debug_macro   0x0000000000013166      0x264 ./Core/Src/main.o
 .debug_macro   0x00000000000133ca       0x2e ./Core/Src/main.o
 .debug_macro   0x00000000000133f8      0x11a ./Core/Src/main.o
 .debug_macro   0x0000000000013512       0x85 ./Core/Src/main.o
 .debug_macro   0x0000000000013597       0x89 ./Core/Src/main.o
 .debug_macro   0x0000000000013620      0x8d1 ./Core/Src/main.o
 .debug_macro   0x0000000000013ef1       0x47 ./Core/Src/main.o
 .debug_macro   0x0000000000013f38      0x126 ./Core/Src/main.o
 .debug_macro   0x000000000001405e       0x52 ./Core/Src/main.o
 .debug_macro   0x00000000000140b0       0x18 ./Core/Src/main.o
 .debug_macro   0x00000000000140c8       0x3c ./Core/Src/main.o
 .debug_macro   0x0000000000014104       0x34 ./Core/Src/main.o
 .debug_macro   0x0000000000014138       0x16 ./Core/Src/main.o
 .debug_macro   0x000000000001414e       0x35 ./Core/Src/main.o
 .debug_macro   0x0000000000014183      0x333 ./Core/Src/main.o
 .debug_macro   0x00000000000144b6       0x10 ./Core/Src/main.o
 .debug_macro   0x00000000000144c6       0x16 ./Core/Src/main.o
 .debug_macro   0x00000000000144dc       0x43 ./Core/Src/main.o
 .debug_macro   0x000000000001451f       0x34 ./Core/Src/main.o
 .debug_macro   0x0000000000014553       0x10 ./Core/Src/main.o
 .debug_macro   0x0000000000014563       0x58 ./Core/Src/main.o
 .debug_macro   0x00000000000145bb       0x71 ./Core/Src/main.o
 .debug_macro   0x000000000001462c       0x1c ./Core/Src/main.o
 .debug_macro   0x0000000000014648      0x12a ./Core/Src/main.o
 .debug_macro   0x0000000000014772       0x10 ./Core/Src/main.o
 .debug_macro   0x0000000000014782       0x1c ./Core/Src/main.o
 .debug_macro   0x000000000001479e       0x52 ./Core/Src/main.o
 .debug_macro   0x00000000000147f0       0x22 ./Core/Src/main.o
 .debug_macro   0x0000000000014812       0x10 ./Core/Src/main.o
 .debug_macro   0x0000000000014822       0x40 ./Core/Src/main.o
 .debug_macro   0x0000000000014862       0xd5 ./Core/Src/main.o
 .debug_macro   0x0000000000014937       0x1c ./Core/Src/main.o
 .debug_macro   0x0000000000014953       0x3d ./Core/Src/main.o
 .debug_macro   0x0000000000014990       0x16 ./Core/Src/main.o
 .debug_macro   0x00000000000149a6      0x145 ./Core/Src/main.o
 .debug_macro   0x0000000000014aeb      0x106 ./Core/Src/main.o
 .debug_macro   0x0000000000014bf1      0x15a ./Core/Src/main.o
 .debug_macro   0x0000000000014d4b       0xea ./Core/Src/main.o
 .debug_macro   0x0000000000014e35       0x28 ./Core/Src/main.o
 .debug_macro   0x0000000000014e5d       0x1f ./Core/Src/main.o
 .debug_macro   0x0000000000014e7c       0x12 ./Core/Src/main.o
 .debug_macro   0x0000000000014e8e      0x50b ./Core/Src/main.o
 .debug_macro   0x0000000000015399       0xc3 ./Core/Src/main.o
 .debug_macro   0x000000000001545c      0x120 ./Core/Src/main.o
 .debug_macro   0x000000000001557c      0x1ce ./Core/Src/stm32f4xx_hal_msp.o
 .debug_macro   0x000000000001574a      0x1c4 ./Core/Src/stm32f4xx_hal_timebase_tim.o
 .debug_macro   0x000000000001590e      0x1d8 ./Core/Src/stm32f4xx_it.o
 .debug_macro   0x0000000000015ae6      0x25e ./Core/Src/syscalls.o
 .debug_macro   0x0000000000015d44       0x4c ./Core/Src/syscalls.o
 .debug_macro   0x0000000000015d90       0x94 ./Core/Src/syscalls.o
 .debug_macro   0x0000000000015e24       0x57 ./Core/Src/syscalls.o
 .debug_macro   0x0000000000015e7b      0x339 ./Core/Src/syscalls.o
 .debug_macro   0x00000000000161b4       0x10 ./Core/Src/syscalls.o
 .debug_macro   0x00000000000161c4       0x10 ./Core/Src/syscalls.o
 .debug_macro   0x00000000000161d4       0x10 ./Core/Src/syscalls.o
 .debug_macro   0x00000000000161e4       0x35 ./Core/Src/syscalls.o
 .debug_macro   0x0000000000016219      0x12c ./Core/Src/syscalls.o
 .debug_macro   0x0000000000016345       0x16 ./Core/Src/syscalls.o
 .debug_macro   0x000000000001635b       0x16 ./Core/Src/syscalls.o
 .debug_macro   0x0000000000016371       0x29 ./Core/Src/syscalls.o
 .debug_macro   0x000000000001639a       0x10 ./Core/Src/syscalls.o
 .debug_macro   0x00000000000163aa      0x241 ./Core/Src/syscalls.o
 .debug_macro   0x00000000000165eb       0x1c ./Core/Src/syscalls.o
 .debug_macro   0x0000000000016607       0x10 ./Core/Src/syscalls.o
 .debug_macro   0x0000000000016617      0x189 ./Core/Src/syscalls.o
 .debug_macro   0x00000000000167a0       0x16 ./Core/Src/syscalls.o
 .debug_macro   0x00000000000167b6       0xce ./Core/Src/syscalls.o
 .debug_macro   0x0000000000016884      0x1c4 ./Core/Src/system_stm32f4xx.o
 .debug_macro   0x0000000000016a48      0x224 ./Drivers/STM32F4xx_HAL_Driver/Src/stm32f4xx_hal.o
 .debug_macro   0x0000000000016c6c      0x1c4 ./Drivers/STM32F4xx_HAL_Driver/Src/stm32f4xx_hal_cortex.o
 .debug_macro   0x0000000000016e30      0x1e8 ./Drivers/STM32F4xx_HAL_Driver/Src/stm32f4xx_hal_rcc.o
 .debug_macro   0x0000000000017018      0x1c5 ./Drivers/STM32F4xx_HAL_Driver/Src/stm32f4xx_hal_tim.o
 .debug_macro   0x00000000000171dd      0x1c4 ./Drivers/STM32F4xx_HAL_Driver/Src/stm32f4xx_hal_tim_ex.o
 .debug_macro   0x00000000000173a1      0x198 ./ThridParty/FreeRTOS/list.o
 .debug_macro   0x0000000000017539      0x221 ./ThridParty/FreeRTOS/queue.o
 .debug_macro   0x000000000001775a       0x16 ./ThridParty/FreeRTOS/queue.o
 .debug_macro   0x0000000000017770       0x20 ./ThridParty/FreeRTOS/queue.o
 .debug_macro   0x0000000000017790       0x80 ./ThridParty/FreeRTOS/queue.o
 .debug_macro   0x0000000000017810      0x27e ./ThridParty/FreeRTOS/tasks.o
 .debug_macro   0x0000000000017a8e       0x17 ./ThridParty/FreeRTOS/tasks.o
 .debug_macro   0x0000000000017aa5      0x1e7 ./ThridParty/FreeRTOS/timers.o
 .debug_macro   0x0000000000017c8c       0x97 ./ThridParty/FreeRTOS/timers.o
 .debug_macro   0x0000000000017d23      0x19b ./ThridParty/FreeRTOS/portable/GCC/ARM_CM4F/port.o
 .debug_macro   0x0000000000017ebe      0x1b3 ./ThridParty/FreeRTOS/portable/MemMang/heap_4.o

.debug_line     0x0000000000000000     0xfb47
 .debug_line    0x0000000000000000      0xb1a ./Core/Src/main.o
 .debug_line    0x0000000000000b1a      0x6ae ./Core/Src/stm32f4xx_hal_msp.o
 .debug_line    0x00000000000011c8      0x70b ./Core/Src/stm32f4xx_hal_timebase_tim.o
 .debug_line    0x00000000000018d3      0x74b ./Core/Src/stm32f4xx_it.o
 .debug_line    0x000000000000201e      0x83e ./Core/Src/syscalls.o
 .debug_line    0x000000000000285c      0x730 ./Core/Src/system_stm32f4xx.o
 .debug_line    0x0000000000002f8c       0x88 ./Core/Startup/startup_stm32f401vetx.o
 .debug_line    0x0000000000003014      0x996 ./Drivers/STM32F4xx_HAL_Driver/Src/stm32f4xx_hal.o
 .debug_line    0x00000000000039aa      0xc45 ./Drivers/STM32F4xx_HAL_Driver/Src/stm32f4xx_hal_cortex.o
 .debug_line    0x00000000000045ef      0xd10 ./Drivers/STM32F4xx_HAL_Driver/Src/stm32f4xx_hal_rcc.o
 .debug_line    0x00000000000052ff     0x3464 ./Drivers/STM32F4xx_HAL_Driver/Src/stm32f4xx_hal_tim.o
 .debug_line    0x0000000000008763     0x192e ./Drivers/STM32F4xx_HAL_Driver/Src/stm32f4xx_hal_tim_ex.o
 .debug_line    0x000000000000a091      0x783 ./ThridParty/FreeRTOS/list.o
 .debug_line    0x000000000000a814     0x16ac ./ThridParty/FreeRTOS/queue.o
 .debug_line    0x000000000000bec0     0x1dc7 ./ThridParty/FreeRTOS/tasks.o
 .debug_line    0x000000000000dc87      0xc8c ./ThridParty/FreeRTOS/timers.o
 .debug_line    0x000000000000e913      0x866 ./ThridParty/FreeRTOS/portable/GCC/ARM_CM4F/port.o
 .debug_line    0x000000000000f179      0x9ce ./ThridParty/FreeRTOS/portable/MemMang/heap_4.o

.debug_str      0x0000000000000000    0x94e08
 .debug_str     0x0000000000000000    0x8d478 ./Core/Src/main.o
                                      0x8d863 (size before relaxing)
 .debug_str     0x000000000008d478       0x2c ./Core/Src/stm32f4xx_hal_msp.o
                                      0x8411f (size before relaxing)
 .debug_str     0x000000000008d4a4      0x42c ./Core/Src/stm32f4xx_hal_timebase_tim.o
                                      0x84abc (size before relaxing)
 .debug_str     0x000000000008d8d0       0xa2 ./Core/Src/stm32f4xx_it.o
                                      0x845a7 (size before relaxing)
 .debug_str     0x000000000008d972     0x168a ./Core/Src/syscalls.o
                                       0x8f8d (size before relaxing)
 .debug_str     0x000000000008effc       0xaf ./Core/Src/system_stm32f4xx.o
                                      0x84191 (size before relaxing)
 .debug_str     0x000000000008f0ab       0x36 ./Core/Startup/startup_stm32f401vetx.o
                                         0x76 (size before relaxing)
 .debug_str     0x000000000008f0e1      0x53d ./Drivers/STM32F4xx_HAL_Driver/Src/stm32f4xx_hal.o
                                      0x84b11 (size before relaxing)
 .debug_str     0x000000000008f61e      0x392 ./Drivers/STM32F4xx_HAL_Driver/Src/stm32f4xx_hal_cortex.o
                                      0x848ee (size before relaxing)
 .debug_str     0x000000000008f9b0      0x2c2 ./Drivers/STM32F4xx_HAL_Driver/Src/stm32f4xx_hal_rcc.o
                                      0x84593 (size before relaxing)
 .debug_str     0x000000000008fc72      0xe4d ./Drivers/STM32F4xx_HAL_Driver/Src/stm32f4xx_hal_tim.o
                                      0x854ae (size before relaxing)
 .debug_str     0x0000000000090abf      0x538 ./Drivers/STM32F4xx_HAL_Driver/Src/stm32f4xx_hal_tim_ex.o
                                      0x84c5f (size before relaxing)
 .debug_str     0x0000000000090ff7      0x18f ./ThridParty/FreeRTOS/list.o
                                       0xb146 (size before relaxing)
 .debug_str     0x0000000000091186     0x1047 ./ThridParty/FreeRTOS/queue.o
                                       0xd41d (size before relaxing)
 .debug_str     0x00000000000921cd     0x1be9 ./ThridParty/FreeRTOS/tasks.o
                                       0xe13f (size before relaxing)
 .debug_str     0x0000000000093db6      0x55b ./ThridParty/FreeRTOS/timers.o
                                       0xd82c (size before relaxing)
 .debug_str     0x0000000000094311      0x7e7 ./ThridParty/FreeRTOS/portable/GCC/ARM_CM4F/port.o